../Core/Src/lib/cascade_control.c:177:14:calculate_pid	48	static
../Core/Src/lib/cascade_control.c:204:13:Motor_Drive	24	static
../Core/Src/lib/cascade_control.c:233:6:Cascade_Control_Init	8	static
../Core/Src/lib/cascade_control.c:243:6:Cascade_Flush_VelIntegral	4	static
../Core/Src/lib/cascade_control.c:250:6:Cascade_Control_Reset	16	static
../Core/Src/lib/cascade_control.c:285:6:Cascade_Control_Update	16	static
../Core/Src/lib/cascade_control.c:291:6:Cascade_Control_Update_FF	96	static
../Core/Src/lib/cascade_control.c:512:6:Cascade_OpenLoopVolt	24	static
