../Core/Src/lib/cascade_control.c:153:14:calculate_pid	48	static
../Core/Src/lib/cascade_control.c:180:13:Motor_Drive	24	static
../Core/Src/lib/cascade_control.c:209:6:Cascade_Control_Init	8	static
../Core/Src/lib/cascade_control.c:219:6:Cascade_Flush_VelIntegral	4	static
../Core/Src/lib/cascade_control.c:226:6:Cascade_Control_Reset	16	static
../Core/Src/lib/cascade_control.c:261:6:Cascade_Control_Update	16	static
../Core/Src/lib/cascade_control.c:267:6:Cascade_Control_Update_FF	96	static
../Core/Src/lib/cascade_control.c:474:6:Cascade_OpenLoopVolt	24	static
