../Core/Src/app/auto_mission.c:91:14:_index_to_rad	24	static
../Core/Src/app/auto_mission.c:98:13:_write_telemetry	16	static
../Core/Src/app/auto_mission.c:107:13:_set_state	16	static
../Core/Src/app/auto_mission.c:113:13:_load_sequence	24	static
../Core/Src/app/auto_mission.c:132:6:AutoMission_Init	8	static
../Core/Src/app/auto_mission.c:147:6:AutoMission_Reset	8	static
../Core/Src/app/auto_mission.c:165:6:AutoMission_StartAuto	24	static
../Core/Src/app/auto_mission.c:203:6:AutoMission_StartJog	8	static
../Core/Src/app/auto_mission.c:213:6:AutoMission_GoHome	8	static
../Core/Src/app/auto_mission.c:223:6:AutoMission_Update	24	static
