../Core/Src/app/gripper.c:38:6:Gripper_SetArm	16	static
../Core/Src/app/gripper.c:39:6:Gripper_SetJaw	16	static
../Core/Src/app/gripper.c:48:6:Gripper_ArmDown	8	static
../Core/Src/app/gripper.c:49:6:Gripper_ArmUp	8	static
../Core/Src/app/gripper.c:50:6:Gripper_JawClose	8	static
../Core/Src/app/gripper.c:51:6:Gripper_JawOpen	8	static
../Core/Src/app/gripper.c:55:9:Gripper_ReedUp	8	static
../Core/Src/app/gripper.c:56:9:Gripper_ReedDown	8	static
../Core/Src/app/gripper.c:57:9:Gripper_ReedOpen	8	static
../Core/Src/app/gripper.c:58:9:Gripper_ReedClose	8	static
../Core/Src/app/gripper.c:61:13:_update_reed_reg	16	static
../Core/Src/app/gripper.c:72:6:Gripper_Init	8	static
../Core/Src/app/gripper.c:85:6:Gripper_Pick	8	static
../Core/Src/app/gripper.c:93:6:Gripper_Place	8	static
../Core/Src/app/gripper.c:101:9:Gripper_IsDone	4	static
../Core/Src/app/gripper.c:106:6:Gripper_Abort	8	static
../Core/Src/app/gripper.c:120:6:Gripper_Update	16	static
