../Core/Src/app/gripper.c:38:6:Gripper_SetArm	16	static
../Core/Src/app/gripper.c:39:6:Gripper_SetJaw	16	static
../Core/Src/app/gripper.c:48:6:Gripper_ArmDown	8	static
../Core/Src/app/gripper.c:49:6:Gripper_ArmUp	8	static
../Core/Src/app/gripper.c:50:6:Gripper_JawClose	8	static
../Core/Src/app/gripper.c:51:6:Gripper_JawOpen	8	static
../Core/Src/app/gripper.c:55:9:Gripper_ReedUp	8	static
../Core/Src/app/gripper.c:56:9:Gripper_ReedDown	8	static
../Core/Src/app/gripper.c:58:9:Gripper_ReedOpen	8	static
../Core/Src/app/gripper.c:59:9:Gripper_ReedClose	8	static
../Core/Src/app/gripper.c:62:13:_update_reed_reg	16	static
../Core/Src/app/gripper.c:73:6:Gripper_Init	8	static
../Core/Src/app/gripper.c:86:6:Gripper_Pick	8	static
../Core/Src/app/gripper.c:94:6:Gripper_Place	8	static
../Core/Src/app/gripper.c:102:9:Gripper_IsDone	4	static
../Core/Src/app/gripper.c:107:6:Gripper_Abort	8	static
../Core/Src/app/gripper.c:121:6:Gripper_Update	16	static
