../Core/Src/app/homing.c:55:13:raw_drive	16	static
../Core/Src/app/homing.c:62:13:raw_drive_opposite	16	static
../Core/Src/app/homing.c:69:13:raw_stop	4	static
../Core/Src/app/homing.c:74:13:zero_encoder	4	static
../Core/Src/app/homing.c:89:13:homing_fail_recover	8	static
../Core/Src/app/homing.c:103:6:Homing_Init	8	static
../Core/Src/app/homing.c:113:6:Homing_Start	8	static
../Core/Src/app/homing.c:133:6:Homing_Update	48	static
../Core/Src/app/homing.c:307:6:Homing_SetHome	8	static
../Core/Src/app/homing.c:312:9:Homing_IsDone	4	static
