../Core/Src/app/homing.c:61:23:homing_on_flag	8	static
../Core/Src/app/homing.c:68:13:raw_drive	16	static
../Core/Src/app/homing.c:76:13:raw_drive_opposite	16	static
../Core/Src/app/homing.c:84:13:raw_stop	4	static
../Core/Src/app/homing.c:90:13:zero_encoder	4	static
../Core/Src/app/homing.c:105:13:homing_fail_recover	8	static
../Core/Src/app/homing.c:119:6:Homing_Init	8	static
../Core/Src/app/homing.c:129:6:Homing_Start	8	static
../Core/Src/app/homing.c:151:6:Homing_Update	48	static
../Core/Src/app/homing.c:323:6:Homing_SetHome	8	static
../Core/Src/app/homing.c:328:9:Homing_IsDone	4	static
