../Drivers/CMSIS/Include/core_cm4.h:1933:34:__NVIC_SystemReset	4	static,ignoring_inline_asm
../Core/Src/main.c:128:13:TempSensor_Init	16	static
../Core/Src/main.c:185:13:TempSensor_Update	24	static
../Core/Src/main.c:213:6:HAL_UARTEx_RxEventCallback	24	static
../Core/Src/main.c:263:6:HAL_UART_ErrorCallback	16	static
../Core/Src/main.c:283:5:main	16	static
../Core/Src/main.c:380:6:SystemClock_Config	88	static
../Core/Src/main.c:427:13:MX_ADC1_Init	56	static
../Core/Src/main.c:495:13:MX_FDCAN1_Init	8	static
../Core/Src/main.c:538:13:MX_TIM1_Init	120	static
../Core/Src/main.c:620:13:MX_TIM2_Init	56	static
../Core/Src/main.c:669:13:MX_TIM6_Init	24	static
../Core/Src/main.c:707:13:MX_USART2_UART_Init	8	static
../Core/Src/main.c:755:13:MX_GPIO_Init	48	static
../Core/Src/main.c:825:6:HAL_GPIO_EXTI_Callback	16	static
../Core/Src/main.c:863:6:HAL_TIM_PeriodElapsedCallback	40	static
../Core/Src/main.c:1133:6:Error_Handler	4	static,ignoring_inline_asm
