../Drivers/CMSIS/Include/core_cm4.h:1933:34:__NVIC_SystemReset	4	static,ignoring_inline_asm
../Core/Src/main.c:146:13:TempSensor_Init	16	static
../Core/Src/main.c:203:13:TempSensor_Update	24	static
../Core/Src/main.c:231:6:HAL_UARTEx_RxEventCallback	24	static
../Core/Src/main.c:278:6:HAL_UART_ErrorCallback	16	static
../Core/Src/main.c:298:5:main	16	static
../Core/Src/main.c:404:6:SystemClock_Config	88	static
../Core/Src/main.c:451:13:MX_ADC1_Init	56	static
../Core/Src/main.c:519:13:MX_FDCAN1_Init	8	static
../Core/Src/main.c:562:13:MX_TIM1_Init	120	static
../Core/Src/main.c:644:13:MX_TIM2_Init	56	static
../Core/Src/main.c:693:13:MX_TIM6_Init	24	static
../Core/Src/main.c:731:13:MX_USART1_UART_Init	8	static
../Core/Src/main.c:779:13:MX_USART2_UART_Init	8	static
../Core/Src/main.c:827:13:MX_GPIO_Init	48	static
../Core/Src/main.c:917:13:Analysis_Control	32	static
../Core/Src/main.c:983:13:Stream_DMA_Init	16	static
../Core/Src/main.c:1009:6:DMA1_Channel2_IRQHandler	8	static
../Core/Src/main.c:1010:6:USART1_IRQHandler	8	static
../Core/Src/main.c:1018:23:sat16	16	static
../Core/Src/main.c:1024:13:Stream_Update	48	static
../Core/Src/main.c:1067:6:HAL_GPIO_EXTI_Callback	16	static
../Core/Src/main.c:1104:6:HAL_TIM_PeriodElapsedCallback	40	static
../Core/Src/main.c:1389:6:Error_Handler	4	static,ignoring_inline_asm
