../Drivers/CMSIS/Include/core_cm4.h:1933:34:__NVIC_SystemReset	4	static,ignoring_inline_asm
../Core/Src/main.c:134:13:TempSensor_Init	16	static
../Core/Src/main.c:191:13:TempSensor_Update	24	static
../Core/Src/main.c:219:6:HAL_UARTEx_RxEventCallback	24	static
../Core/Src/main.c:266:6:HAL_UART_ErrorCallback	16	static
../Core/Src/main.c:286:5:main	16	static
../Core/Src/main.c:392:6:SystemClock_Config	88	static
../Core/Src/main.c:439:13:MX_ADC1_Init	56	static
../Core/Src/main.c:507:13:MX_FDCAN1_Init	8	static
../Core/Src/main.c:550:13:MX_TIM1_Init	120	static
../Core/Src/main.c:632:13:MX_TIM2_Init	56	static
../Core/Src/main.c:681:13:MX_TIM6_Init	24	static
../Core/Src/main.c:719:13:MX_USART1_UART_Init	8	static
../Core/Src/main.c:767:13:MX_USART2_UART_Init	8	static
../Core/Src/main.c:815:13:MX_GPIO_Init	48	static
../Core/Src/main.c:894:13:Stream_DMA_Init	16	static
../Core/Src/main.c:920:6:DMA1_Channel2_IRQHandler	8	static
../Core/Src/main.c:921:6:USART1_IRQHandler	8	static
../Core/Src/main.c:923:13:Stream_Update	64	static
../Core/Src/main.c:940:6:HAL_GPIO_EXTI_Callback	16	static
../Core/Src/main.c:977:6:HAL_TIM_PeriodElapsedCallback	40	static
../Core/Src/main.c:1256:6:Error_Handler	4	static,ignoring_inline_asm
