../Core/Src/main.c:151:13:TempSensor_Init	16	static
../Core/Src/main.c:208:13:TempSensor_Update	24	static
../Core/Src/main.c:236:6:HAL_UARTEx_RxEventCallback	24	static
../Core/Src/main.c:286:6:HAL_UART_ErrorCallback	16	static
../Core/Src/main.c:306:5:main	16	static
../Core/Src/main.c:402:6:SystemClock_Config	88	static
../Core/Src/main.c:449:13:MX_ADC1_Init	56	static
../Core/Src/main.c:517:13:MX_FDCAN1_Init	8	static
../Core/Src/main.c:560:13:MX_TIM1_Init	120	static
../Core/Src/main.c:642:13:MX_TIM2_Init	56	static
../Core/Src/main.c:691:13:MX_TIM6_Init	24	static
../Core/Src/main.c:729:13:MX_USART2_UART_Init	8	static
../Core/Src/main.c:777:13:MX_GPIO_Init	48	static
../Core/Src/main.c:847:6:HAL_GPIO_EXTI_Callback	16	static
../Core/Src/main.c:895:6:HAL_TIM_PeriodElapsedCallback	24	static
../Core/Src/main.c:1087:6:Error_Handler	4	static,ignoring_inline_asm
