Archive member included to satisfy reference by file (symbol)

C:/ST/STM32CubeIDE_2.1.1/STM32CubeIDE/plugins/com.st.stm32cube.ide.mcu.externaltools.gnu-tools-for-stm32.14.3.rel1.win32_1.0.100.202602081740/tools/bin/../lib/gcc/arm-none-eabi/14.3.1/../../../../arm-none-eabi/lib/thumb/v7e-m+fp/hard\libc_nano.a(libc_a-exit.o)
                              C:/ST/STM32CubeIDE_2.1.1/STM32CubeIDE/plugins/com.st.stm32cube.ide.mcu.externaltools.gnu-tools-for-stm32.14.3.rel1.win32_1.0.100.202602081740/tools/bin/../lib/gcc/arm-none-eabi/14.3.1/../../../../arm-none-eabi/lib/thumb/v7e-m+fp/hard/crt0.o (exit)
C:/ST/STM32CubeIDE_2.1.1/STM32CubeIDE/plugins/com.st.stm32cube.ide.mcu.externaltools.gnu-tools-for-stm32.14.3.rel1.win32_1.0.100.202602081740/tools/bin/../lib/gcc/arm-none-eabi/14.3.1/../../../../arm-none-eabi/lib/thumb/v7e-m+fp/hard\libc_nano.a(libc_a-findfp.o)
                              C:/ST/STM32CubeIDE_2.1.1/STM32CubeIDE/plugins/com.st.stm32cube.ide.mcu.externaltools.gnu-tools-for-stm32.14.3.rel1.win32_1.0.100.202602081740/tools/bin/../lib/gcc/arm-none-eabi/14.3.1/../../../../arm-none-eabi/lib/thumb/v7e-m+fp/hard\libc_nano.a(libc_a-exit.o) (__stdio_exit_handler)
C:/ST/STM32CubeIDE_2.1.1/STM32CubeIDE/plugins/com.st.stm32cube.ide.mcu.externaltools.gnu-tools-for-stm32.14.3.rel1.win32_1.0.100.202602081740/tools/bin/../lib/gcc/arm-none-eabi/14.3.1/../../../../arm-none-eabi/lib/thumb/v7e-m+fp/hard\libc_nano.a(libc_a-fwalk.o)
                              C:/ST/STM32CubeIDE_2.1.1/STM32CubeIDE/plugins/com.st.stm32cube.ide.mcu.externaltools.gnu-tools-for-stm32.14.3.rel1.win32_1.0.100.202602081740/tools/bin/../lib/gcc/arm-none-eabi/14.3.1/../../../../arm-none-eabi/lib/thumb/v7e-m+fp/hard\libc_nano.a(libc_a-findfp.o) (_fwalk_sglue)
C:/ST/STM32CubeIDE_2.1.1/STM32CubeIDE/plugins/com.st.stm32cube.ide.mcu.externaltools.gnu-tools-for-stm32.14.3.rel1.win32_1.0.100.202602081740/tools/bin/../lib/gcc/arm-none-eabi/14.3.1/../../../../arm-none-eabi/lib/thumb/v7e-m+fp/hard\libc_nano.a(libc_a-stdio.o)
                              C:/ST/STM32CubeIDE_2.1.1/STM32CubeIDE/plugins/com.st.stm32cube.ide.mcu.externaltools.gnu-tools-for-stm32.14.3.rel1.win32_1.0.100.202602081740/tools/bin/../lib/gcc/arm-none-eabi/14.3.1/../../../../arm-none-eabi/lib/thumb/v7e-m+fp/hard\libc_nano.a(libc_a-findfp.o) (__sread)
C:/ST/STM32CubeIDE_2.1.1/STM32CubeIDE/plugins/com.st.stm32cube.ide.mcu.externaltools.gnu-tools-for-stm32.14.3.rel1.win32_1.0.100.202602081740/tools/bin/../lib/gcc/arm-none-eabi/14.3.1/../../../../arm-none-eabi/lib/thumb/v7e-m+fp/hard\libc_nano.a(libc_a-memcmp.o)
                              ./Core/Src/main.o (memcmp)
C:/ST/STM32CubeIDE_2.1.1/STM32CubeIDE/plugins/com.st.stm32cube.ide.mcu.externaltools.gnu-tools-for-stm32.14.3.rel1.win32_1.0.100.202602081740/tools/bin/../lib/gcc/arm-none-eabi/14.3.1/../../../../arm-none-eabi/lib/thumb/v7e-m+fp/hard\libc_nano.a(libc_a-memset.o)
                              C:/ST/STM32CubeIDE_2.1.1/STM32CubeIDE/plugins/com.st.stm32cube.ide.mcu.externaltools.gnu-tools-for-stm32.14.3.rel1.win32_1.0.100.202602081740/tools/bin/../lib/gcc/arm-none-eabi/14.3.1/../../../../arm-none-eabi/lib/thumb/v7e-m+fp/hard/crt0.o (memset)
C:/ST/STM32CubeIDE_2.1.1/STM32CubeIDE/plugins/com.st.stm32cube.ide.mcu.externaltools.gnu-tools-for-stm32.14.3.rel1.win32_1.0.100.202602081740/tools/bin/../lib/gcc/arm-none-eabi/14.3.1/../../../../arm-none-eabi/lib/thumb/v7e-m+fp/hard\libc_nano.a(libc_a-closer.o)
                              C:/ST/STM32CubeIDE_2.1.1/STM32CubeIDE/plugins/com.st.stm32cube.ide.mcu.externaltools.gnu-tools-for-stm32.14.3.rel1.win32_1.0.100.202602081740/tools/bin/../lib/gcc/arm-none-eabi/14.3.1/../../../../arm-none-eabi/lib/thumb/v7e-m+fp/hard\libc_nano.a(libc_a-stdio.o) (_close_r)
C:/ST/STM32CubeIDE_2.1.1/STM32CubeIDE/plugins/com.st.stm32cube.ide.mcu.externaltools.gnu-tools-for-stm32.14.3.rel1.win32_1.0.100.202602081740/tools/bin/../lib/gcc/arm-none-eabi/14.3.1/../../../../arm-none-eabi/lib/thumb/v7e-m+fp/hard\libc_nano.a(libc_a-reent.o)
                              C:/ST/STM32CubeIDE_2.1.1/STM32CubeIDE/plugins/com.st.stm32cube.ide.mcu.externaltools.gnu-tools-for-stm32.14.3.rel1.win32_1.0.100.202602081740/tools/bin/../lib/gcc/arm-none-eabi/14.3.1/../../../../arm-none-eabi/lib/thumb/v7e-m+fp/hard\libc_nano.a(libc_a-closer.o) (errno)
C:/ST/STM32CubeIDE_2.1.1/STM32CubeIDE/plugins/com.st.stm32cube.ide.mcu.externaltools.gnu-tools-for-stm32.14.3.rel1.win32_1.0.100.202602081740/tools/bin/../lib/gcc/arm-none-eabi/14.3.1/../../../../arm-none-eabi/lib/thumb/v7e-m+fp/hard\libc_nano.a(libc_a-impure.o)
                              C:/ST/STM32CubeIDE_2.1.1/STM32CubeIDE/plugins/com.st.stm32cube.ide.mcu.externaltools.gnu-tools-for-stm32.14.3.rel1.win32_1.0.100.202602081740/tools/bin/../lib/gcc/arm-none-eabi/14.3.1/../../../../arm-none-eabi/lib/thumb/v7e-m+fp/hard\libc_nano.a(libc_a-reent.o) (_impure_ptr)
[...]
Memory Configuration

Name             Origin             Length             Attributes
RAM              0x20000000         0x00020000         xrw
FLASH            0x08000000         0x00080000         xr
*default*        0x00000000         0xffffffff

Linker script and memory map

LOAD C:/ST/STM32CubeIDE_2.1.1/STM32CubeIDE/plugins/com.st.stm32cube.ide.mcu.externaltools.gnu-tools-for-stm32.14.3.rel1.win32_1.0.100.202602081740/tools/bin/../lib/gcc/arm-none-eabi/14.3.1/thumb/v7e-m+fp/hard/crti.o
LOAD C:/ST/STM32CubeIDE_2.1.1/STM32CubeIDE/plugins/com.st.stm32cube.ide.mcu.externaltools.gnu-tools-for-stm32.14.3.rel1.win32_1.0.100.202602081740/tools/bin/../lib/gcc/arm-none-eabi/14.3.1/thumb/v7e-m+fp/hard/crtbegin.o
LOAD C:/ST/STM32CubeIDE_2.1.1/STM32CubeIDE/plugins/com.st.stm32cube.ide.mcu.externaltools.gnu-tools-for-stm32.14.3.rel1.win32_1.0.100.202602081740/tools/bin/../lib/gcc/arm-none-eabi/14.3.1/../../../../arm-none-eabi/lib/thumb/v7e-m+fp/hard/crt0.o
LOAD ./Core/Src/app/auto_mission.o
LOAD ./Core/Src/app/dashboard.o
LOAD ./Core/Src/app/gripper.o
LOAD ./Core/Src/app/homing.o
LOAD ./Core/Src/app/joystick.o
LOAD ./Core/Src/app/test_mode.o
LOAD ./Core/Src/comm/base_system.o
LOAD ./Core/Src/lib/cascade_control.o
LOAD ./Core/Src/lib/encoder.o
LOAD ./Core/Src/lib/kalman_filter.o
LOAD ./Core/Src/lib/trajectory.o
LOAD ./Core/Src/main.o
LOAD ./Core/Src/stm32g4xx_hal_msp.o
LOAD ./Core/Src/stm32g4xx_it.o
LOAD ./Core/Src/syscalls.o
LOAD ./Core/Src/sysmem.o
LOAD ./Core/Src/system_stm32g4xx.o
LOAD ./Core/Startup/startup_stm32g474retx.o
LOAD ./Drivers/STM32G4xx_HAL_Driver/Src/stm32g4xx_hal.o
LOAD ./Drivers/STM32G4xx_HAL_Driver/Src/stm32g4xx_hal_adc.o
LOAD ./Drivers/STM32G4xx_HAL_Driver/Src/stm32g4xx_hal_adc_ex.o
LOAD ./Drivers/STM32G4xx_HAL_Driver/Src/stm32g4xx_hal_cortex.o
LOAD ./Drivers/STM32G4xx_HAL_Driver/Src/stm32g4xx_hal_dma.o
LOAD ./Drivers/STM32G4xx_HAL_Driver/Src/stm32g4xx_hal_dma_ex.o
LOAD ./Drivers/STM32G4xx_HAL_Driver/Src/stm32g4xx_hal_exti.o
LOAD ./Drivers/STM32G4xx_HAL_Driver/Src/stm32g4xx_hal_fdcan.o
LOAD ./Drivers/STM32G4xx_HAL_Driver/Src/stm32g4xx_hal_flash.o
LOAD ./Drivers/STM32G4xx_HAL_Driver/Src/stm32g4xx_hal_flash_ex.o
LOAD ./Drivers/STM32G4xx_HAL_Driver/Src/stm32g4xx_hal_flash_ramfunc.o
LOAD ./Drivers/STM32G4xx_HAL_Driver/Src/stm32g4xx_hal_gpio.o
LOAD ./Drivers/STM32G4xx_HAL_Driver/Src/stm32g4xx_hal_pwr.o
LOAD ./Drivers/STM32G4xx_HAL_Driver/Src/stm32g4xx_hal_pwr_ex.o
LOAD ./Drivers/STM32G4xx_HAL_Driver/Src/stm32g4xx_hal_rcc.o
LOAD ./Drivers/STM32G4xx_HAL_Driver/Src/stm32g4xx_hal_rcc_ex.o
LOAD ./Drivers/STM32G4xx_HAL_Driver/Src/stm32g4xx_hal_tim.o
LOAD ./Drivers/STM32G4xx_HAL_Driver/Src/stm32g4xx_hal_tim_ex.o
LOAD ./Drivers/STM32G4xx_HAL_Driver/Src/stm32g4xx_hal_uart.o
LOAD ./Drivers/STM32G4xx_HAL_Driver/Src/stm32g4xx_hal_uart_ex.o
LOAD ./Drivers/STM32G4xx_HAL_Driver/Src/stm32g4xx_ll_adc.o
START GROUP
LOAD C:/ST/STM32CubeIDE_2.1.1/STM32CubeIDE/plugins/com.st.stm32cube.ide.mcu.externaltools.gnu-tools-for-stm32.14.3.rel1.win32_1.0.100.202602081740/tools/bin/../lib/gcc/arm-none-eabi/14.3.1/../../../../arm-none-eabi/lib/thumb/v7e-m+fp/hard\libc_nano.a
LOAD C:/ST/STM32CubeIDE_2.1.1/STM32CubeIDE/plugins/com.st.stm32cube.ide.mcu.externaltools.gnu-tools-for-stm32.14.3.rel1.win32_1.0.100.202602081740/tools/bin/../lib/gcc/arm-none-eabi/14.3.1/../../../../arm-none-eabi/lib/thumb/v7e-m+fp/hard\libm.a
END GROUP
START GROUP
LOAD C:/ST/STM32CubeIDE_2.1.1/STM32CubeIDE/plugins/com.st.stm32cube.ide.mcu.externaltools.gnu-tools-for-stm32.14.3.rel1.win32_1.0.100.202602081740/tools/bin/../lib/gcc/arm-none-eabi/14.3.1/thumb/v7e-m+fp/hard\libgcc.a
LOAD C:/ST/STM32CubeIDE_2.1.1/STM32CubeIDE/plugins/com.st.stm32cube.ide.mcu.externaltools.gnu-tools-for-stm32.14.3.rel1.win32_1.0.100.202602081740/tools/bin/../lib/gcc/arm-none-eabi/14.3.1/../../../../arm-none-eabi/lib/thumb/v7e-m+fp/hard\libc_nano.a
END GROUP
START GROUP
LOAD C:/ST/STM32CubeIDE_2.1.1/STM32CubeIDE/plugins/com.st.stm32cube.ide.mcu.externaltools.gnu-tools-for-stm32.14.3.rel1.win32_1.0.100.202602081740/tools/bin/../lib/gcc/arm-none-eabi/14.3.1/thumb/v7e-m+fp/hard\libgcc.a
LOAD C:/ST/STM32CubeIDE_2.1.1/STM32CubeIDE/plugins/com.st.stm32cube.ide.mcu.externaltools.gnu-tools-for-stm32.14.3.rel1.win32_1.0.100.202602081740/tools/bin/../lib/gcc/arm-none-eabi/14.3.1/../../../../arm-none-eabi/lib/thumb/v7e-m+fp/hard\libc_nano.a
LOAD C:/ST/STM32CubeIDE_2.1.1/STM32CubeIDE/plugins/com.st.stm32cube.ide.mcu.externaltools.gnu-tools-for-stm32.14.3.rel1.win32_1.0.100.202602081740/tools/bin/../lib/gcc/arm-none-eabi/14.3.1/../../../../arm-none-eabi/lib/thumb/v7e-m+fp/hard\libnosys.a
END GROUP
START GROUP
LOAD C:/ST/STM32CubeIDE_2.1.1/STM32CubeIDE/plugins/com.st.stm32cube.ide.mcu.externaltools.gnu-tools-for-stm32.14.3.rel1.win32_1.0.100.202602081740/tools/bin/../lib/gcc/arm-none-eabi/14.3.1/thumb/v7e-m+fp/hard\libgcc.a
LOAD C:/ST/STM32CubeIDE_2.1.1/STM32CubeIDE/plugins/com.st.stm32cube.ide.mcu.externaltools.gnu-tools-for-stm32.14.3.rel1.win32_1.0.100.202602081740/tools/bin/../lib/gcc/arm-none-eabi/14.3.1/../../../../arm-none-eabi/lib/thumb/v7e-m+fp/hard\libc_nano.a
LOAD C:/ST/STM32CubeIDE_2.1.1/STM32CubeIDE/plugins/com.st.stm32cube.ide.mcu.externaltools.gnu-tools-for-stm32.14.3.rel1.win32_1.0.100.202602081740/tools/bin/../lib/gcc/arm-none-eabi/14.3.1/../../../../arm-none-eabi/lib/thumb/v7e-m+fp/hard\libnosys.a
END GROUP
LOAD C:/ST/STM32CubeIDE_2.1.1/STM32CubeIDE/plugins/com.st.stm32cube.ide.mcu.externaltools.gnu-tools-for-stm32.14.3.rel1.win32_1.0.100.202602081740/tools/bin/../lib/gcc/arm-none-eabi/14.3.1/thumb/v7e-m+fp/hard/crtend.o
LOAD C:/ST/STM32CubeIDE_2.1.1/STM32CubeIDE/plugins/com.st.stm32cube.ide.mcu.externaltools.gnu-tools-for-stm32.14.3.rel1.win32_1.0.100.202602081740/tools/bin/../lib/gcc/arm-none-eabi/14.3.1/thumb/v7e-m+fp/hard/crtn.o
                0x20020000                        _estack = (ORIGIN (RAM) + LENGTH (RAM))
                0x00000200                        _Min_Heap_Size = 0x200
                0x00000400                        _Min_Stack_Size = 0x400

.isr_vector     0x08000000      0x1d8
                0x08000000                        . = ALIGN (0x4)
 *(.isr_vector)
 .isr_vector    0x08000000      0x1d8 ./Core/Startup/startup_stm32g474retx.o
                0x08000000                g_pfnVectors
                0x080001d8                        . = ALIGN (0x4)

.text           0x080001d8     0xdf98
                0x080001d8                        . = ALIGN (0x4)
 *(.text)
 .text          0x080001d8       0x40 C:/ST/STM32CubeIDE_2.1.1/STM32CubeIDE/plugins/com.st.stm32cube.ide.mcu.externaltools.gnu-tools-for-stm32.14.3.rel1.win32_1.0.100.202602081740/tools/bin/../lib/gcc/arm-none-eabi/14.3.1/thumb/v7e-m+fp/hard/crtbegin.o
 .text          0x08000218       0x30 C:/ST/STM32CubeIDE_2.1.1/STM32CubeIDE/plugins/com.st.stm32cube.ide.mcu.externaltools.gnu-tools-for-stm32.14.3.rel1.win32_1.0.100.202602081740/tools/bin/../lib/gcc/arm-none-eabi/14.3.1/thumb/v7e-m+fp/hard\libgcc.a(_aeabi_uldivmod.o)
                0x08000218                __aeabi_uldivmod
 .text          0x08000248      0x2f8 C:/ST/STM32CubeIDE_2.1.1/STM32CubeIDE/plugins/com.st.stm32cube.ide.mcu.externaltools.gnu-tools-for-stm32.14.3.rel1.win32_1.0.100.202602081740/tools/bin/../lib/gcc/arm-none-eabi/14.3.1/thumb/v7e-m+fp/hard\libgcc.a(_udivmoddi4.o)
                0x08000248                __udivmoddi4
 .text          0x08000540        0x4 C:/ST/STM32CubeIDE_2.1.1/STM32CubeIDE/plugins/com.st.stm32cube.ide.mcu.externaltools.gnu-tools-for-stm32.14.3.rel1.win32_1.0.100.202602081740/tools/bin/../lib/gcc/arm-none-eabi/14.3.1/thumb/v7e-m+fp/hard\libgcc.a(_dvmd_tls.o)
                0x08000540                __aeabi_idiv0
                0x08000540                __aeabi_ldiv0
 *(.text*)
 .text._index_to_rad
                0x08000544       0x5c ./Core/Src/app/auto_mission.o
 .text._write_telemetry
                0x080005a0       0xb8 ./Core/Src/app/auto_mission.o
 .text._set_state
                0x08000658       0x20 ./Core/Src/app/auto_mission.o
 .text._load_sequence
                0x08000678       0xa8 ./Core/Src/app/auto_mission.o
 .text.AutoMission_Init
                0x08000720       0x5c ./Core/Src/app/auto_mission.o
                0x08000720                AutoMission_Init
 .text.AutoMission_Reset
                0x0800077c       0x7c ./Core/Src/app/auto_mission.o
                0x0800077c                AutoMission_Reset
 .text.AutoMission_StartAuto
                0x080007f8      0x130 ./Core/Src/app/auto_mission.o
                0x080007f8                AutoMission_StartAuto
 .text.AutoMission_GoHome
                0x08000928       0x40 ./Core/Src/app/auto_mission.o
                0x08000928                AutoMission_GoHome
 .text.AutoMission_Update
                0x08000968      0x454 ./Core/Src/app/auto_mission.o
                0x08000968                AutoMission_Update
 .text.Dashboard_Init
                0x08000dbc       0xb0 ./Core/Src/app/dashboard.o
                0x08000dbc                Dashboard_Init
 .text._dash_stop_motor
                0x08000e6c      0x16c ./Core/Src/app/dashboard.o
 .text.Dashboard_Update
                0x08000fd8      0x55c ./Core/Src/app/dashboard.o
                0x08000fd8                Dashboard_Update
 .text.Gripper_SetArm
                0x08001534       0x2c ./Core/Src/app/gripper.o
                0x08001534                Gripper_SetArm
 .text.Gripper_ArmDown
                0x08001560       0x18 ./Core/Src/app/gripper.o
                0x08001560                Gripper_ArmDown
 .text.Gripper_ArmUp
                0x08001578       0x18 ./Core/Src/app/gripper.o
                0x08001578                Gripper_ArmUp
 .text.Gripper_JawClose
                0x08001590       0x18 ./Core/Src/app/gripper.o
                0x08001590                Gripper_JawClose
 .text.Gripper_JawOpen
                0x080015a8       0x18 ./Core/Src/app/gripper.o
                0x080015a8                Gripper_JawOpen
 .text.Gripper_ReedUp
                0x080015c0       0x20 ./Core/Src/app/gripper.o
                0x080015c0                Gripper_ReedUp
 .text.Gripper_ReedDown
                0x080015e0       0x20 ./Core/Src/app/gripper.o
                0x080015e0                Gripper_ReedDown
 .text.Gripper_ReedOpen
                0x08001600       0x20 ./Core/Src/app/gripper.o
                0x08001600                Gripper_ReedOpen
 .text.Gripper_ReedClose
                0x08001620       0x24 ./Core/Src/app/gripper.o
                0x08001620                Gripper_ReedClose
 .text._update_reed_reg
                0x08001644       0x68 ./Core/Src/app/gripper.o
 .text.Gripper_Init
                0x080016ac       0x54 ./Core/Src/app/gripper.o
                0x080016ac                Gripper_Init
 .text.Gripper_Pick
                0x08001700       0x40 ./Core/Src/app/gripper.o
                0x08001700                Gripper_Pick
 .text.Gripper_Place
                0x08001740       0x40 ./Core/Src/app/gripper.o
                0x08001740                Gripper_Place
 .text.Gripper_IsDone
                0x08001780       0x28 ./Core/Src/app/gripper.o
                0x08001780                Gripper_IsDone
 .text.Gripper_Abort
                0x080017a8       0x34 ./Core/Src/app/gripper.o
                0x080017a8                Gripper_Abort
 .text.Gripper_Update
                0x080017dc      0x1f0 ./Core/Src/app/gripper.o
                0x080017dc                Gripper_Update
 .text.raw_drive
                0x080019cc       0x34 ./Core/Src/app/homing.o
 .text.raw_drive_opposite
                0x08001a00       0x3c ./Core/Src/app/homing.o
 .text.raw_stop
                0x08001a3c       0x1c ./Core/Src/app/homing.o
 .text.zero_encoder
                0x08001a58       0x3c ./Core/Src/app/homing.o
 .text.Homing_Init
                0x08001a94       0x44 ./Core/Src/app/homing.o
                0x08001a94                Homing_Init
 .text.Homing_Start
                0x08001ad8       0x70 ./Core/Src/app/homing.o
                0x08001ad8                Homing_Start
 .text.Homing_Update
                0x08001b48      0x458 ./Core/Src/app/homing.o
                0x08001b48                Homing_Update
 .text.Homing_SetHome
                0x08001fa0        0xc ./Core/Src/app/homing.o
                0x08001fa0                Homing_SetHome
 .text.ADC2_JoyInit
                0x08001fac       0xb8 ./Core/Src/app/joystick.o
 .text.ADC2_ReadJoyX
                0x08002064       0x44 ./Core/Src/app/joystick.o
 .text.buttons_update
                0x080020a8      0x138 ./Core/Src/app/joystick.o
 .text.Joystick_Init
                0x080021e0       0xac ./Core/Src/app/joystick.o
                0x080021e0                Joystick_Init
 .text.Joystick_Update
                0x0800228c      0x294 ./Core/Src/app/joystick.o
                0x0800228c                Joystick_Update
 .text._tm_telemetry
                0x08002520       0xb8 ./Core/Src/app/test_mode.o
 .text._tm_start_move
                0x080025d8       0xd4 ./Core/Src/app/test_mode.o
 .text.TestMode_Init
                0x080026ac       0x28 ./Core/Src/app/test_mode.o
                0x080026ac                TestMode_Init
 .text.TestMode_Reset
                0x080026d4       0x48 ./Core/Src/app/test_mode.o
                0x080026d4                TestMode_Reset
 .text.TestMode_Start
                0x0800271c      0x1c8 ./Core/Src/app/test_mode.o
                0x0800271c                TestMode_Start
 .text.TestMode_Update
                0x080028e4      0x268 ./Core/Src/app/test_mode.o
                0x080028e4                TestMode_Update
 .text.Heartbeat_Init
                0x08002b4c       0x2c ./Core/Src/comm/base_system.o
                0x08002b4c                Heartbeat_Init
 .text.Heartbeat_Update
                0x08002b78       0x84 ./Core/Src/comm/base_system.o
                0x08002b78                Heartbeat_Update
 .text.Modbus_CRC16
                0x08002bfc       0x7c ./Core/Src/comm/base_system.o
 .text.Modbus_Parse_Frame
                0x08002c78      0x330 ./Core/Src/comm/base_system.o
                0x08002c78                Modbus_Parse_Frame
 .text.calculate_pid
                0x08002fa8      0x17c ./Core/Src/lib/cascade_control.o
 .text.Motor_Drive
                0x08003124       0xa4 ./Core/Src/lib/cascade_control.o
 .text.Cascade_Control_Init
                0x080031c8       0x58 ./Core/Src/lib/cascade_control.o
                0x080031c8                Cascade_Control_Init
 .text.Cascade_Flush_VelIntegral
                0x08003220       0x24 ./Core/Src/lib/cascade_control.o
                0x08003220                Cascade_Flush_VelIntegral
 .text.Cascade_Control_Reset
                0x08003244       0xcc ./Core/Src/lib/cascade_control.o
                0x08003244                Cascade_Control_Reset
 .text.Cascade_Control_Update
                0x08003310       0x2c ./Core/Src/lib/cascade_control.o
                0x08003310                Cascade_Control_Update
 .text.Cascade_Control_Update_FF
                0x0800333c      0x5a4 ./Core/Src/lib/cascade_control.o
                0x0800333c                Cascade_Control_Update_FF
 .text.Encoder_Init
                0x080038e0       0x38 ./Core/Src/lib/encoder.o
                0x080038e0                Encoder_Init
 .text.Encoder_Update
                0x08003918       0xb0 ./Core/Src/lib/encoder.o
                0x08003918                Encoder_Update
 .text.Encoder_GetPositionRad
                0x080039c8       0x1e ./Core/Src/lib/encoder.o
                0x080039c8                Encoder_GetPositionRad
 .text.Encoder_GetPositionDeg
                0x080039e6       0x1e ./Core/Src/lib/encoder.o
                0x080039e6                Encoder_GetPositionDeg
 .text.mat4_mul
                0x08003a04       0xda ./Core/Src/lib/kalman_filter.o
 .text.mat4_mul_BT
                0x08003ade       0xba ./Core/Src/lib/kalman_filter.o
 .text.KF_Init  0x08003b98      0x1ec ./Core/Src/lib/kalman_filter.o
                0x08003b98                KF_Init
 .text.KF_Reset
                0x08003d84       0x88 ./Core/Src/lib/kalman_filter.o
                0x08003d84                KF_Reset
 .text.KF_Update
                0x08003e0c      0x8bc ./Core/Src/lib/kalman_filter.o
                0x08003e0c                KF_Update
 .text.Trapz_Init
                0x080046c8       0x1c ./Core/Src/lib/trajectory.o
                0x080046c8                Trapz_Init
 .text.Trapz_MoveTo
                0x080046e4      0x144 ./Core/Src/lib/trajectory.o
                0x080046e4                Trapz_MoveTo
 .text.Trapz_MoveToFull
                0x08004828      0x178 ./Core/Src/lib/trajectory.o
                0x08004828                Trapz_MoveToFull
 .text.Trapz_Update
                0x080049a0      0x290 ./Core/Src/lib/trajectory.o
                0x080049a0                Trapz_Update
 .text.SCurve_Init
                0x08004c30       0x52 ./Core/Src/lib/trajectory.o
                0x08004c30                SCurve_Init
 .text.Septic_Init
                0x08004c82       0x42 ./Core/Src/lib/trajectory.o
                0x08004c82                Septic_Init
 .text.Septic_MoveTo
                0x08004cc4      0x10c ./Core/Src/lib/trajectory.o
                0x08004cc4                Septic_MoveTo
 .text.Septic_Update
                0x08004dd0      0x2d0 ./Core/Src/lib/trajectory.o
                0x08004dd0                Septic_Update
 .text.TempSensor_Init
                0x080050a0      0x15c ./Core/Src/main.o
 .text.TempSensor_Update
                0x080051fc       0x70 ./Core/Src/main.o
 .text.HAL_UARTEx_RxEventCallback
                0x0800526c      0x11c ./Core/Src/main.o
                0x0800526c                HAL_UARTEx_RxEventCallback
 .text.HAL_UART_ErrorCallback
                0x08005388       0x48 ./Core/Src/main.o
                0x08005388                HAL_UART_ErrorCallback
 .text.main     0x080053d0      0x128 ./Core/Src/main.o
                0x080053d0                main
 .text.SystemClock_Config
                0x080054f8       0x96 ./Core/Src/main.o
                0x080054f8                SystemClock_Config
 *fill*         0x0800558e        0x2 
 .text.MX_ADC1_Init
                0x08005590       0xf0 ./Core/Src/main.o
 .text.MX_FDCAN1_Init
                0x08005680       0x8c ./Core/Src/main.o
 .text.MX_TIM1_Init
                0x0800570c      0x160 ./Core/Src/main.o
 .text.MX_TIM2_Init
                0x0800586c       0xa8 ./Core/Src/main.o
 .text.MX_TIM6_Init
                0x08005914       0x6c ./Core/Src/main.o
 .text.MX_USART2_UART_Init
                0x08005980       0x9c ./Core/Src/main.o
 .text.MX_GPIO_Init
                0x08005a1c      0x150 ./Core/Src/main.o
 .text.HAL_GPIO_EXTI_Callback
                0x08005b6c       0xcc ./Core/Src/main.o
                0x08005b6c                HAL_GPIO_EXTI_Callback
 .text.HAL_TIM_PeriodElapsedCallback
                0x08005c38      0x28c ./Core/Src/main.o
                0x08005c38                HAL_TIM_PeriodElapsedCallback
 .text.Error_Handler
                0x08005ec4        0xc ./Core/Src/main.o
                0x08005ec4                Error_Handler
 .text.HAL_MspInit
                0x08005ed0       0x48 ./Core/Src/stm32g4xx_hal_msp.o
                0x08005ed0                HAL_MspInit
 .text.HAL_ADC_MspInit
                0x08005f18       0xa8 ./Core/Src/stm32g4xx_hal_msp.o
                0x08005f18                HAL_ADC_MspInit
 .text.HAL_FDCAN_MspInit
                0x08005fc0       0xb4 ./Core/Src/stm32g4xx_hal_msp.o
                0x08005fc0                HAL_FDCAN_MspInit
 .text.HAL_TIM_Base_MspInit
                0x08006074       0x74 ./Core/Src/stm32g4xx_hal_msp.o
                0x08006074                HAL_TIM_Base_MspInit
 .text.HAL_TIM_Encoder_MspInit
                0x080060e8       0x80 ./Core/Src/stm32g4xx_hal_msp.o
                0x080060e8                HAL_TIM_Encoder_MspInit
 .text.HAL_TIM_MspPostInit
                0x08006168       0x70 ./Core/Src/stm32g4xx_hal_msp.o
                0x08006168                HAL_TIM_MspPostInit
 .text.HAL_UART_MspInit
                0x080061d8       0xc0 ./Core/Src/stm32g4xx_hal_msp.o
                0x080061d8                HAL_UART_MspInit
 .text.NMI_Handler
                0x08006298        0x8 ./Core/Src/stm32g4xx_it.o
                0x08006298                NMI_Handler
 .text.HardFault_Handler
                0x080062a0        0x8 ./Core/Src/stm32g4xx_it.o
                0x080062a0                HardFault_Handler
 .text.MemManage_Handler
                0x080062a8        0x8 ./Core/Src/stm32g4xx_it.o
                0x080062a8                MemManage_Handler
 .text.BusFault_Handler
                0x080062b0        0x8 ./Core/Src/stm32g4xx_it.o
                0x080062b0                BusFault_Handler
 .text.UsageFault_Handler
                0x080062b8        0x8 ./Core/Src/stm32g4xx_it.o
                0x080062b8                UsageFault_Handler
 .text.SVC_Handler
                0x080062c0        0xe ./Core/Src/stm32g4xx_it.o
                0x080062c0                SVC_Handler
 .text.DebugMon_Handler
                0x080062ce        0xe ./Core/Src/stm32g4xx_it.o
                0x080062ce                DebugMon_Handler
 .text.PendSV_Handler
                0x080062dc        0xe ./Core/Src/stm32g4xx_it.o
                0x080062dc                PendSV_Handler
 .text.SysTick_Handler
                0x080062ea        0xc ./Core/Src/stm32g4xx_it.o
                0x080062ea                SysTick_Handler
 *fill*         0x080062f6        0x2 
 .text.USART2_IRQHandler
                0x080062f8       0x14 ./Core/Src/stm32g4xx_it.o
                0x080062f8                USART2_IRQHandler
 .text.EXTI15_10_IRQHandler
                0x0800630c       0x10 ./Core/Src/stm32g4xx_it.o
                0x0800630c                EXTI15_10_IRQHandler
 .text.TIM6_DAC_IRQHandler
                0x0800631c       0x14 ./Core/Src/stm32g4xx_it.o
                0x0800631c                TIM6_DAC_IRQHandler
 .text.SystemInit
                0x08006330       0x24 ./Core/Src/system_stm32g4xx.o
                0x08006330                SystemInit
 .text.Reset_Handler
                0x08006354       0x50 ./Core/Startup/startup_stm32g474retx.o
                0x08006354                Reset_Handler
 .text.Default_Handler
                0x080063a4        0x2 ./Core/Startup/startup_stm32g474retx.o
                0x080063a4                RTC_Alarm_IRQHandler
                0x080063a4                EXTI2_IRQHandler
                0x080063a4                TIM8_TRG_COM_IRQHandler
                0x080063a4                TIM8_CC_IRQHandler
                0x080063a4                HRTIM1_Master_IRQHandler
                0x080063a4                SPI4_IRQHandler
                0x080063a4                FDCAN3_IT0_IRQHandler
                0x080063a4                TIM1_CC_IRQHandler
                0x080063a4                HRTIM1_FLT_IRQHandler
                0x080063a4                HRTIM1_TIMF_IRQHandler
                0x080063a4                USB_HP_IRQHandler
                0x080063a4                CORDIC_IRQHandler
                0x080063a4                HRTIM1_TIMD_IRQHandler
                0x080063a4                DMA2_Channel8_IRQHandler
                0x080063a4                EXTI3_IRQHandler
                0x080063a4                I2C3_ER_IRQHandler
                0x080063a4                EXTI0_IRQHandler
                0x080063a4                I2C2_EV_IRQHandler
                0x080063a4                FPU_IRQHandler
                0x080063a4                FDCAN1_IT1_IRQHandler
                0x080063a4                TIM1_UP_TIM16_IRQHandler
                0x080063a4                ADC1_2_IRQHandler
                0x080063a4                HRTIM1_TIME_IRQHandler
                0x080063a4                SPI1_IRQHandler
                0x080063a4                HRTIM1_TIMC_IRQHandler
                0x080063a4                TIM8_UP_IRQHandler
                0x080063a4                DMA2_Channel2_IRQHandler
                0x080063a4                DMA1_Channel4_IRQHandler
                0x080063a4                TIM20_TRG_COM_IRQHandler
                0x080063a4                USART3_IRQHandler
                0x080063a4                DMA1_Channel7_IRQHandler
                0x080063a4                UART5_IRQHandler
                0x080063a4                ADC3_IRQHandler
                0x080063a4                TIM4_IRQHandler
                0x080063a4                DMA2_Channel1_IRQHandler
                0x080063a4                QUADSPI_IRQHandler
                0x080063a4                I2C1_EV_IRQHandler
                0x080063a4                DMA1_Channel6_IRQHandler
                0x080063a4                UART4_IRQHandler
                0x080063a4                DMA2_Channel4_IRQHandler
                0x080063a4                TIM3_IRQHandler
                0x080063a4                RCC_IRQHandler
                0x080063a4                TIM20_UP_IRQHandler
                0x080063a4                DMA1_Channel1_IRQHandler
                0x080063a4                Default_Handler
                0x080063a4                DMA2_Channel7_IRQHandler
                0x080063a4                RTC_TAMP_LSECSS_IRQHandler
                0x080063a4                FMAC_IRQHandler
                0x080063a4                DMA1_Channel8_IRQHandler
                0x080063a4                HRTIM1_TIMA_IRQHandler
                0x080063a4                TIM7_DAC_IRQHandler
                0x080063a4                FDCAN3_IT1_IRQHandler
                0x080063a4                TIM5_IRQHandler
                0x080063a4                UCPD1_IRQHandler
                0x080063a4                I2C3_EV_IRQHandler
                0x080063a4                EXTI9_5_IRQHandler
                0x080063a4                RTC_WKUP_IRQHandler
                0x080063a4                PVD_PVM_IRQHandler
                0x080063a4                SPI2_IRQHandler
                0x080063a4                ADC5_IRQHandler
                0x080063a4                DMA2_Channel5_IRQHandler
                0x080063a4                CRS_IRQHandler
                0x080063a4                DMA1_Channel5_IRQHandler
                0x080063a4                USB_LP_IRQHandler
                0x080063a4                EXTI4_IRQHandler
                0x080063a4                RNG_IRQHandler
                0x080063a4                HRTIM1_TIMB_IRQHandler
                0x080063a4                TIM1_TRG_COM_TIM17_IRQHandler
                0x080063a4                FDCAN2_IT1_IRQHandler
                0x080063a4                DMA1_Channel3_IRQHandler
                0x080063a4                ADC4_IRQHandler
                0x080063a4                WWDG_IRQHandler
                0x080063a4                I2C4_EV_IRQHandler
                0x080063a4                FDCAN2_IT0_IRQHandler
                0x080063a4                LPUART1_IRQHandler
                0x080063a4                DMA2_Channel6_IRQHandler
                0x080063a4                FDCAN1_IT0_IRQHandler
                0x080063a4                TIM2_IRQHandler
                0x080063a4                COMP7_IRQHandler
                0x080063a4                COMP1_2_3_IRQHandler
                0x080063a4                EXTI1_IRQHandler
                0x080063a4                COMP4_5_6_IRQHandler
                0x080063a4                TIM20_BRK_IRQHandler
                0x080063a4                I2C2_ER_IRQHandler
                0x080063a4                DMA1_Channel2_IRQHandler
                0x080063a4                TIM8_BRK_IRQHandler
                0x080063a4                FLASH_IRQHandler
                0x080063a4                TIM20_CC_IRQHandler
                0x080063a4                USART1_IRQHandler
                0x080063a4                SPI3_IRQHandler
                0x080063a4                I2C1_ER_IRQHandler
                0x080063a4                FMC_IRQHandler
                0x080063a4                LPTIM1_IRQHandler
                0x080063a4                DMAMUX_OVR_IRQHandler
                0x080063a4                I2C4_ER_IRQHandler
                0x080063a4                USBWakeUp_IRQHandler
                0x080063a4                SAI1_IRQHandler
                0x080063a4                DMA2_Channel3_IRQHandler
                0x080063a4                TIM1_BRK_TIM15_IRQHandler
 .text.HAL_Init
                0x080063a6       0x30 ./Drivers/STM32G4xx_HAL_Driver/Src/stm32g4xx_hal.o
                0x080063a6                HAL_Init
 *fill*         0x080063d6        0x2 
 .text.HAL_InitTick
                0x080063d8       0x74 ./Drivers/STM32G4xx_HAL_Driver/Src/stm32g4xx_hal.o
                0x080063d8                HAL_InitTick
 .text.HAL_IncTick
                0x0800644c       0x24 ./Drivers/STM32G4xx_HAL_Driver/Src/stm32g4xx_hal.o
                0x0800644c                HAL_IncTick
 .text.HAL_GetTick
                0x08006470       0x18 ./Drivers/STM32G4xx_HAL_Driver/Src/stm32g4xx_hal.o
                0x08006470                HAL_GetTick
 .text.LL_ADC_SetCommonClock
                0x08006488       0x26 ./Drivers/STM32G4xx_HAL_Driver/Src/stm32g4xx_hal_adc.o
 .text.LL_ADC_SetCommonPathInternalCh
                0x080064ae       0x26 ./Drivers/STM32G4xx_HAL_Driver/Src/stm32g4xx_hal_adc.o
 .text.LL_ADC_GetCommonPathInternalCh
                0x080064d4       0x1c ./Drivers/STM32G4xx_HAL_Driver/Src/stm32g4xx_hal_adc.o
 .text.LL_ADC_SetOffset
                0x080064f0       0x48 ./Drivers/STM32G4xx_HAL_Driver/Src/stm32g4xx_hal_adc.o
 .text.LL_ADC_GetOffsetChannel
                0x08006538       0x2c ./Drivers/STM32G4xx_HAL_Driver/Src/stm32g4xx_hal_adc.o
 .text.LL_ADC_SetOffsetState
                0x08006564       0x36 ./Drivers/STM32G4xx_HAL_Driver/Src/stm32g4xx_hal_adc.o
 .text.LL_ADC_SetOffsetSign
                0x0800659a       0x36 ./Drivers/STM32G4xx_HAL_Driver/Src/stm32g4xx_hal_adc.o
 .text.LL_ADC_SetOffsetSaturation
                0x080065d0       0x36 ./Drivers/STM32G4xx_HAL_Driver/Src/stm32g4xx_hal_adc.o
 .text.LL_ADC_SetSamplingTimeCommonConfig
                0x08006606       0x26 ./Drivers/STM32G4xx_HAL_Driver/Src/stm32g4xx_hal_adc.o
 .text.LL_ADC_REG_SetSequencerRanks
                0x0800662c       0x58 ./Drivers/STM32G4xx_HAL_Driver/Src/stm32g4xx_hal_adc.o
 .text.LL_ADC_SetChannelSamplingTime
                0x08006684       0x56 ./Drivers/STM32G4xx_HAL_Driver/Src/stm32g4xx_hal_adc.o
 *fill*         0x080066da        0x2 
 .text.LL_ADC_SetChannelSingleDiff
                0x080066dc       0x48 ./Drivers/STM32G4xx_HAL_Driver/Src/stm32g4xx_hal_adc.o
 .text.LL_ADC_DisableDeepPowerDown
                0x08006724       0x24 ./Drivers/STM32G4xx_HAL_Driver/Src/stm32g4xx_hal_adc.o
 .text.LL_ADC_IsDeepPowerDownEnabled
                0x08006748       0x28 ./Drivers/STM32G4xx_HAL_Driver/Src/stm32g4xx_hal_adc.o
 .text.LL_ADC_EnableInternalRegulator
                0x08006770       0x28 ./Drivers/STM32G4xx_HAL_Driver/Src/stm32g4xx_hal_adc.o
 .text.LL_ADC_IsInternalRegulatorEnabled
                0x08006798       0x28 ./Drivers/STM32G4xx_HAL_Driver/Src/stm32g4xx_hal_adc.o
 .text.LL_ADC_IsEnabled
                0x080067c0       0x26 ./Drivers/STM32G4xx_HAL_Driver/Src/stm32g4xx_hal_adc.o
 .text.LL_ADC_REG_IsConversionOngoing
                0x080067e6       0x26 ./Drivers/STM32G4xx_HAL_Driver/Src/stm32g4xx_hal_adc.o
 .text.LL_ADC_INJ_IsConversionOngoing
                0x0800680c       0x26 ./Drivers/STM32G4xx_HAL_Driver/Src/stm32g4xx_hal_adc.o
 *fill*         0x08006832        0x2 
 .text.HAL_ADC_Init
                0x08006834      0x378 ./Drivers/STM32G4xx_HAL_Driver/Src/stm32g4xx_hal_adc.o
                0x08006834                HAL_ADC_Init
 .text.HAL_ADC_ConfigChannel
                0x08006bac      0x880 ./Drivers/STM32G4xx_HAL_Driver/Src/stm32g4xx_hal_adc.o
                0x08006bac                HAL_ADC_ConfigChannel
 .text.LL_ADC_IsEnabled
                0x0800742c       0x26 ./Drivers/STM32G4xx_HAL_Driver/Src/stm32g4xx_hal_adc_ex.o
 .text.LL_ADC_REG_IsConversionOngoing
                0x08007452       0x26 ./Drivers/STM32G4xx_HAL_Driver/Src/stm32g4xx_hal_adc_ex.o
 .text.HAL_ADCEx_MultiModeConfigChannel
                0x08007478      0x210 ./Drivers/STM32G4xx_HAL_Driver/Src/stm32g4xx_hal_adc_ex.o
                0x08007478                HAL_ADCEx_MultiModeConfigChannel
 .text.__NVIC_SetPriorityGrouping
                0x08007688       0x48 ./Drivers/STM32G4xx_HAL_Driver/Src/stm32g4xx_hal_cortex.o
 .text.__NVIC_GetPriorityGrouping
                0x080076d0       0x1c ./Drivers/STM32G4xx_HAL_Driver/Src/stm32g4xx_hal_cortex.o
 .text.__NVIC_EnableIRQ
                0x080076ec       0x3c ./Drivers/STM32G4xx_HAL_Driver/Src/stm32g4xx_hal_cortex.o
 .text.__NVIC_SetPriority
                0x08007728       0x54 ./Drivers/STM32G4xx_HAL_Driver/Src/stm32g4xx_hal_cortex.o
 .text.NVIC_EncodePriority
                0x0800777c       0x66 ./Drivers/STM32G4xx_HAL_Driver/Src/stm32g4xx_hal_cortex.o
 *fill*         0x080077e2        0x2 
 .text.SysTick_Config
                0x080077e4       0x44 ./Drivers/STM32G4xx_HAL_Driver/Src/stm32g4xx_hal_cortex.o
 .text.HAL_NVIC_SetPriorityGrouping
                0x08007828       0x16 ./Drivers/STM32G4xx_HAL_Driver/Src/stm32g4xx_hal_cortex.o
                0x08007828                HAL_NVIC_SetPriorityGrouping
 .text.HAL_NVIC_SetPriority
                0x0800783e       0x34 ./Drivers/STM32G4xx_HAL_Driver/Src/stm32g4xx_hal_cortex.o
                0x0800783e                HAL_NVIC_SetPriority
 .text.HAL_NVIC_EnableIRQ
                0x08007872       0x1c ./Drivers/STM32G4xx_HAL_Driver/Src/stm32g4xx_hal_cortex.o
                0x08007872                HAL_NVIC_EnableIRQ
 .text.HAL_SYSTICK_Config
                0x0800788e       0x18 ./Drivers/STM32G4xx_HAL_Driver/Src/stm32g4xx_hal_cortex.o
                0x0800788e                HAL_SYSTICK_Config
 .text.HAL_DMA_Abort
                0x080078a6       0xbc ./Drivers/STM32G4xx_HAL_Driver/Src/stm32g4xx_hal_dma.o
                0x080078a6                HAL_DMA_Abort
 .text.HAL_DMA_Abort_IT
                0x08007962       0xce ./Drivers/STM32G4xx_HAL_Driver/Src/stm32g4xx_hal_dma.o
                0x08007962                HAL_DMA_Abort_IT
 .text.HAL_DMA_GetError
                0x08007a30       0x18 ./Drivers/STM32G4xx_HAL_Driver/Src/stm32g4xx_hal_dma.o
                0x08007a30                HAL_DMA_GetError
 .text.HAL_FDCAN_Init
                0x08007a48      0x2b4 ./Drivers/STM32G4xx_HAL_Driver/Src/stm32g4xx_hal_fdcan.o
                0x08007a48                HAL_FDCAN_Init
 .text.FDCAN_CalcultateRamBlockAddresses
                0x08007cfc       0xd8 ./Drivers/STM32G4xx_HAL_Driver/Src/stm32g4xx_hal_fdcan.o
 .text.HAL_GPIO_Init
                0x08007dd4      0x318 ./Drivers/STM32G4xx_HAL_Driver/Src/stm32g4xx_hal_gpio.o
                0x08007dd4                HAL_GPIO_Init
 .text.HAL_GPIO_ReadPin
                0x080080ec       0x30 ./Drivers/STM32G4xx_HAL_Driver/Src/stm32g4xx_hal_gpio.o
                0x080080ec                HAL_GPIO_ReadPin
 .text.HAL_GPIO_WritePin
                0x0800811c       0x30 ./Drivers/STM32G4xx_HAL_Driver/Src/stm32g4xx_hal_gpio.o
                0x0800811c                HAL_GPIO_WritePin
 .text.HAL_GPIO_EXTI_IRQHandler
                0x0800814c       0x30 ./Drivers/STM32G4xx_HAL_Driver/Src/stm32g4xx_hal_gpio.o
                0x0800814c                HAL_GPIO_EXTI_IRQHandler
 .text.HAL_PWREx_ControlVoltageScaling
                0x0800817c      0x148 ./Drivers/STM32G4xx_HAL_Driver/Src/stm32g4xx_hal_pwr_ex.o
                0x0800817c                HAL_PWREx_ControlVoltageScaling
 .text.HAL_PWREx_DisableUCPDDeadBattery
                0x080082c4       0x20 ./Drivers/STM32G4xx_HAL_Driver/Src/stm32g4xx_hal_pwr_ex.o
                0x080082c4                HAL_PWREx_DisableUCPDDeadBattery
 .text.HAL_RCC_OscConfig
                0x080082e4      0x624 ./Drivers/STM32G4xx_HAL_Driver/Src/stm32g4xx_hal_rcc.o
                0x080082e4                HAL_RCC_OscConfig
 .text.HAL_RCC_ClockConfig
                0x08008908      0x278 ./Drivers/STM32G4xx_HAL_Driver/Src/stm32g4xx_hal_rcc.o
                0x08008908                HAL_RCC_ClockConfig
 .text.HAL_RCC_GetSysClockFreq
                0x08008b80       0xc4 ./Drivers/STM32G4xx_HAL_Driver/Src/stm32g4xx_hal_rcc.o
                0x08008b80                HAL_RCC_GetSysClockFreq
 .text.HAL_RCC_GetHCLKFreq
                0x08008c44       0x18 ./Drivers/STM32G4xx_HAL_Driver/Src/stm32g4xx_hal_rcc.o
                0x08008c44                HAL_RCC_GetHCLKFreq
 .text.HAL_RCC_GetPCLK1Freq
                0x08008c5c       0x2c ./Drivers/STM32G4xx_HAL_Driver/Src/stm32g4xx_hal_rcc.o
                0x08008c5c                HAL_RCC_GetPCLK1Freq
 .text.HAL_RCC_GetPCLK2Freq
                0x08008c88       0x2c ./Drivers/STM32G4xx_HAL_Driver/Src/stm32g4xx_hal_rcc.o
                0x08008c88                HAL_RCC_GetPCLK2Freq
 .text.RCC_GetSysClockFreqFromPLLSource
                0x08008cb4       0x8c ./Drivers/STM32G4xx_HAL_Driver/Src/stm32g4xx_hal_rcc.o
 .text.HAL_RCCEx_PeriphCLKConfig
                0x08008d40      0x49c ./Drivers/STM32G4xx_HAL_Driver/Src/stm32g4xx_hal_rcc_ex.o
                0x08008d40                HAL_RCCEx_PeriphCLKConfig
 .text.HAL_TIM_Base_Init
                0x080091dc       0xae ./Drivers/STM32G4xx_HAL_Driver/Src/stm32g4xx_hal_tim.o
                0x080091dc                HAL_TIM_Base_Init
 *fill*         0x0800928a        0x2 
 .text.HAL_TIM_Base_Start_IT
                0x0800928c       0xf0 ./Drivers/STM32G4xx_HAL_Driver/Src/stm32g4xx_hal_tim.o
                0x0800928c                HAL_TIM_Base_Start_IT
 .text.HAL_TIM_PWM_Init
                0x0800937c       0xae ./Drivers/STM32G4xx_HAL_Driver/Src/stm32g4xx_hal_tim.o
                0x0800937c                HAL_TIM_PWM_Init
 .text.HAL_TIM_PWM_MspInit
                0x0800942a       0x14 ./Drivers/STM32G4xx_HAL_Driver/Src/stm32g4xx_hal_tim.o
                0x0800942a                HAL_TIM_PWM_MspInit
 *fill*         0x0800943e        0x2 
 .text.HAL_TIM_PWM_Start
                0x08009440      0x224 ./Drivers/STM32G4xx_HAL_Driver/Src/stm32g4xx_hal_tim.o
                0x08009440                HAL_TIM_PWM_Start
 .text.HAL_TIM_Encoder_Init
                0x08009664      0x14c ./Drivers/STM32G4xx_HAL_Driver/Src/stm32g4xx_hal_tim.o
                0x08009664                HAL_TIM_Encoder_Init
 .text.HAL_TIM_Encoder_Start
                0x080097b0      0x11c ./Drivers/STM32G4xx_HAL_Driver/Src/stm32g4xx_hal_tim.o
                0x080097b0                HAL_TIM_Encoder_Start
 .text.HAL_TIM_IRQHandler
                0x080098cc      0x29e ./Drivers/STM32G4xx_HAL_Driver/Src/stm32g4xx_hal_tim.o
                0x080098cc                HAL_TIM_IRQHandler
 *fill*         0x08009b6a        0x2 
 .text.HAL_TIM_PWM_ConfigChannel
                0x08009b6c      0x228 ./Drivers/STM32G4xx_HAL_Driver/Src/stm32g4xx_hal_tim.o
                0x08009b6c                HAL_TIM_PWM_ConfigChannel
 .text.HAL_TIM_ConfigClockSource
                0x08009d94      0x22c ./Drivers/STM32G4xx_HAL_Driver/Src/stm32g4xx_hal_tim.o
                0x08009d94                HAL_TIM_ConfigClockSource
 .text.HAL_TIM_OC_DelayElapsedCallback
                0x08009fc0       0x14 ./Drivers/STM32G4xx_HAL_Driver/Src/stm32g4xx_hal_tim.o
                0x08009fc0                HAL_TIM_OC_DelayElapsedCallback
 .text.HAL_TIM_IC_CaptureCallback
                0x08009fd4       0x14 ./Drivers/STM32G4xx_HAL_Driver/Src/stm32g4xx_hal_tim.o
                0x08009fd4                HAL_TIM_IC_CaptureCallback
 .text.HAL_TIM_PWM_PulseFinishedCallback
                0x08009fe8       0x14 ./Drivers/STM32G4xx_HAL_Driver/Src/stm32g4xx_hal_tim.o
                0x08009fe8                HAL_TIM_PWM_PulseFinishedCallback
 .text.HAL_TIM_TriggerCallback
                0x08009ffc       0x14 ./Drivers/STM32G4xx_HAL_Driver/Src/stm32g4xx_hal_tim.o
                0x08009ffc                HAL_TIM_TriggerCallback
 .text.TIM_Base_SetConfig
                0x0800a010      0x15c ./Drivers/STM32G4xx_HAL_Driver/Src/stm32g4xx_hal_tim.o
                0x0800a010                TIM_Base_SetConfig
 .text.TIM_OC1_SetConfig
                0x0800a16c      0x138 ./Drivers/STM32G4xx_HAL_Driver/Src/stm32g4xx_hal_tim.o
 .text.TIM_OC2_SetConfig
                0x0800a2a4      0x12c ./Drivers/STM32G4xx_HAL_Driver/Src/stm32g4xx_hal_tim.o
                0x0800a2a4                TIM_OC2_SetConfig
 .text.TIM_OC3_SetConfig
                0x0800a3d0      0x128 ./Drivers/STM32G4xx_HAL_Driver/Src/stm32g4xx_hal_tim.o
 .text.TIM_OC4_SetConfig
                0x0800a4f8      0x12c ./Drivers/STM32G4xx_HAL_Driver/Src/stm32g4xx_hal_tim.o
 .text.TIM_OC5_SetConfig
                0x0800a624       0xd4 ./Drivers/STM32G4xx_HAL_Driver/Src/stm32g4xx_hal_tim.o
 .text.TIM_OC6_SetConfig
                0x0800a6f8       0xd8 ./Drivers/STM32G4xx_HAL_Driver/Src/stm32g4xx_hal_tim.o
 .text.TIM_TI1_ConfigInputStage
                0x0800a7d0       0xb4 ./Drivers/STM32G4xx_HAL_Driver/Src/stm32g4xx_hal_tim.o
 .text.TIM_TI2_ConfigInputStage
                0x0800a884       0x90 ./Drivers/STM32G4xx_HAL_Driver/Src/stm32g4xx_hal_tim.o
 .text.TIM_ITRx_SetConfig
                0x0800a914       0x3a ./Drivers/STM32G4xx_HAL_Driver/Src/stm32g4xx_hal_tim.o
 .text.TIM_ETR_SetConfig
                0x0800a94e       0x40 ./Drivers/STM32G4xx_HAL_Driver/Src/stm32g4xx_hal_tim.o
                0x0800a94e                TIM_ETR_SetConfig
 .text.TIM_CCxChannelCmd
                0x0800a98e       0x4a ./Drivers/STM32G4xx_HAL_Driver/Src/stm32g4xx_hal_tim.o
                0x0800a98e                TIM_CCxChannelCmd
 .text.HAL_TIMEx_MasterConfigSynchronization
                0x0800a9d8      0x12c ./Drivers/STM32G4xx_HAL_Driver/Src/stm32g4xx_hal_tim_ex.o
                0x0800a9d8                HAL_TIMEx_MasterConfigSynchronization
 .text.HAL_TIMEx_ConfigBreakDeadTime
                0x0800ab04      0x128 ./Drivers/STM32G4xx_HAL_Driver/Src/stm32g4xx_hal_tim_ex.o
                0x0800ab04                HAL_TIMEx_ConfigBreakDeadTime
 .text.HAL_TIMEx_CommutCallback
                0x0800ac2c       0x14 ./Drivers/STM32G4xx_HAL_Driver/Src/stm32g4xx_hal_tim_ex.o
                0x0800ac2c                HAL_TIMEx_CommutCallback
 .text.HAL_TIMEx_BreakCallback
                0x0800ac40       0x14 ./Drivers/STM32G4xx_HAL_Driver/Src/stm32g4xx_hal_tim_ex.o
                0x0800ac40                HAL_TIMEx_BreakCallback
 .text.HAL_TIMEx_Break2Callback
                0x0800ac54       0x14 ./Drivers/STM32G4xx_HAL_Driver/Src/stm32g4xx_hal_tim_ex.o
                0x0800ac54                HAL_TIMEx_Break2Callback
 .text.HAL_TIMEx_EncoderIndexCallback
                0x0800ac68       0x14 ./Drivers/STM32G4xx_HAL_Driver/Src/stm32g4xx_hal_tim_ex.o
                0x0800ac68                HAL_TIMEx_EncoderIndexCallback
 .text.HAL_TIMEx_DirectionChangeCallback
                0x0800ac7c       0x14 ./Drivers/STM32G4xx_HAL_Driver/Src/stm32g4xx_hal_tim_ex.o
                0x0800ac7c                HAL_TIMEx_DirectionChangeCallback
 .text.HAL_TIMEx_IndexErrorCallback
                0x0800ac90       0x14 ./Drivers/STM32G4xx_HAL_Driver/Src/stm32g4xx_hal_tim_ex.o
                0x0800ac90                HAL_TIMEx_IndexErrorCallback
 .text.HAL_TIMEx_TransitionErrorCallback
                0x0800aca4       0x14 ./Drivers/STM32G4xx_HAL_Driver/Src/stm32g4xx_hal_tim_ex.o
                0x0800aca4                HAL_TIMEx_TransitionErrorCallback
 .text.HAL_UART_Init
                0x0800acb8       0xa0 ./Drivers/STM32G4xx_HAL_Driver/Src/stm32g4xx_hal_uart.o
                0x0800acb8                HAL_UART_Init
 .text.HAL_UART_Transmit_IT
                0x0800ad58      0x128 ./Drivers/STM32G4xx_HAL_Driver/Src/stm32g4xx_hal_uart.o
                0x0800ad58                HAL_UART_Transmit_IT
 .text.HAL_UART_AbortReceive
                0x0800ae80      0x162 ./Drivers/STM32G4xx_HAL_Driver/Src/stm32g4xx_hal_uart.o
                0x0800ae80                HAL_UART_AbortReceive
 *fill*         0x0800afe2        0x2 
 .text.HAL_UART_IRQHandler
                0x0800afe4      0x684 ./Drivers/STM32G4xx_HAL_Driver/Src/stm32g4xx_hal_uart.o
                0x0800afe4                HAL_UART_IRQHandler
 .text.HAL_UART_TxCpltCallback
                0x0800b668       0x14 ./Drivers/STM32G4xx_HAL_Driver/Src/stm32g4xx_hal_uart.o
                0x0800b668                HAL_UART_TxCpltCallback
 .text.HAL_UART_RxCpltCallback
                0x0800b67c       0x14 ./Drivers/STM32G4xx_HAL_Driver/Src/stm32g4xx_hal_uart.o
                0x0800b67c                HAL_UART_RxCpltCallback
 .text.UART_SetConfig
                0x0800b690      0x5f8 ./Drivers/STM32G4xx_HAL_Driver/Src/stm32g4xx_hal_uart.o
                0x0800b690                UART_SetConfig
 .text.UART_AdvFeatureConfig
                0x0800bc88      0x144 ./Drivers/STM32G4xx_HAL_Driver/Src/stm32g4xx_hal_uart.o
                0x0800bc88                UART_AdvFeatureConfig
 .text.UART_CheckIdleState
                0x0800bdcc      0x154 ./Drivers/STM32G4xx_HAL_Driver/Src/stm32g4xx_hal_uart.o
                0x0800bdcc                UART_CheckIdleState
 .text.UART_WaitOnFlagUntilTimeout
                0x0800bf20       0xda ./Drivers/STM32G4xx_HAL_Driver/Src/stm32g4xx_hal_uart.o
                0x0800bf20                UART_WaitOnFlagUntilTimeout
 *fill*         0x0800bffa        0x2 
 .text.UART_Start_Receive_IT
                0x0800bffc      0x244 ./Drivers/STM32G4xx_HAL_Driver/Src/stm32g4xx_hal_uart.o
                0x0800bffc                UART_Start_Receive_IT
 .text.UART_EndRxTransfer
                0x0800c240       0xcc ./Drivers/STM32G4xx_HAL_Driver/Src/stm32g4xx_hal_uart.o
 .text.UART_DMAAbortOnError
                0x0800c30c       0x1c ./Drivers/STM32G4xx_HAL_Driver/Src/stm32g4xx_hal_uart.o
 .text.UART_TxISR_8BIT
                0x0800c328       0xb8 ./Drivers/STM32G4xx_HAL_Driver/Src/stm32g4xx_hal_uart.o
 .text.UART_TxISR_16BIT
                0x0800c3e0       0xc2 ./Drivers/STM32G4xx_HAL_Driver/Src/stm32g4xx_hal_uart.o
 .text.UART_TxISR_8BIT_FIFOEN
                0x0800c4a2       0xe0 ./Drivers/STM32G4xx_HAL_Driver/Src/stm32g4xx_hal_uart.o
 .text.UART_TxISR_16BIT_FIFOEN
                0x0800c582       0xea ./Drivers/STM32G4xx_HAL_Driver/Src/stm32g4xx_hal_uart.o
 .text.UART_EndTransmit_IT
                0x0800c66c       0x56 ./Drivers/STM32G4xx_HAL_Driver/Src/stm32g4xx_hal_uart.o
 *fill*         0x0800c6c2        0x2 
 .text.UART_RxISR_8BIT
                0x0800c6c4      0x1b8 ./Drivers/STM32G4xx_HAL_Driver/Src/stm32g4xx_hal_uart.o
 .text.UART_RxISR_16BIT
                0x0800c87c      0x1b8 ./Drivers/STM32G4xx_HAL_Driver/Src/stm32g4xx_hal_uart.o
 .text.UART_RxISR_8BIT_FIFOEN
                0x0800ca34      0x364 ./Drivers/STM32G4xx_HAL_Driver/Src/stm32g4xx_hal_uart.o
 .text.UART_RxISR_16BIT_FIFOEN
                0x0800cd98      0x36c ./Drivers/STM32G4xx_HAL_Driver/Src/stm32g4xx_hal_uart.o
 .text.HAL_UARTEx_WakeupCallback
                0x0800d104       0x14 ./Drivers/STM32G4xx_HAL_Driver/Src/stm32g4xx_hal_uart_ex.o
                0x0800d104                HAL_UARTEx_WakeupCallback
 .text.HAL_UARTEx_RxFifoFullCallback
                0x0800d118       0x14 ./Drivers/STM32G4xx_HAL_Driver/Src/stm32g4xx_hal_uart_ex.o
                0x0800d118                HAL_UARTEx_RxFifoFullCallback
 .text.HAL_UARTEx_TxFifoEmptyCallback
                0x0800d12c       0x14 ./Drivers/STM32G4xx_HAL_Driver/Src/stm32g4xx_hal_uart_ex.o
                0x0800d12c                HAL_UARTEx_TxFifoEmptyCallback
 .text.HAL_UARTEx_EnableFifoMode
                0x0800d140       0x76 ./Drivers/STM32G4xx_HAL_Driver/Src/stm32g4xx_hal_uart_ex.o
                0x0800d140                HAL_UARTEx_EnableFifoMode
 .text.HAL_UARTEx_SetTxFifoThreshold
                0x0800d1b6       0x7c ./Drivers/STM32G4xx_HAL_Driver/Src/stm32g4xx_hal_uart_ex.o
                0x0800d1b6                HAL_UARTEx_SetTxFifoThreshold
 .text.HAL_UARTEx_SetRxFifoThreshold
                0x0800d232       0x7c ./Drivers/STM32G4xx_HAL_Driver/Src/stm32g4xx_hal_uart_ex.o
                0x0800d232                HAL_UARTEx_SetRxFifoThreshold
 .text.HAL_UARTEx_ReceiveToIdle_IT
                0x0800d2ae       0xa0 ./Drivers/STM32G4xx_HAL_Driver/Src/stm32g4xx_hal_uart_ex.o
                0x0800d2ae                HAL_UARTEx_ReceiveToIdle_IT
 *fill*         0x0800d34e        0x2 
 .text.UARTEx_SetNbDataToProcess
                0x0800d350       0x9c ./Drivers/STM32G4xx_HAL_Driver/Src/stm32g4xx_hal_uart_ex.o
 .text.memcmp   0x0800d3ec       0x20 C:/ST/STM32CubeIDE_2.1.1/STM32CubeIDE/plugins/com.st.stm32cube.ide.mcu.externaltools.gnu-tools-for-stm32.14.3.rel1.win32_1.0.100.202602081740/tools/bin/../lib/gcc/arm-none-eabi/14.3.1/../../../../arm-none-eabi/lib/thumb/v7e-m+fp/hard\libc_nano.a(libc_a-memcmp.o)
                0x0800d3ec                memcmp
 .text.memset   0x0800d40c       0x10 C:/ST/STM32CubeIDE_2.1.1/STM32CubeIDE/plugins/com.st.stm32cube.ide.mcu.externaltools.gnu-tools-for-stm32.14.3.rel1.win32_1.0.100.202602081740/tools/bin/../lib/gcc/arm-none-eabi/14.3.1/../../../../arm-none-eabi/lib/thumb/v7e-m+fp/hard\libc_nano.a(libc_a-memset.o)
                0x0800d40c                memset
 .text.__errno  0x0800d41c        0xc C:/ST/STM32CubeIDE_2.1.1/STM32CubeIDE/plugins/com.st.stm32cube.ide.mcu.externaltools.gnu-tools-for-stm32.14.3.rel1.win32_1.0.100.202602081740/tools/bin/../lib/gcc/arm-none-eabi/14.3.1/../../../../arm-none-eabi/lib/thumb/v7e-m+fp/hard\libc_nano.a(libc_a-errno.o)
                0x0800d41c                __errno
 .text.__libc_init_array
                0x0800d428       0x48 C:/ST/STM32CubeIDE_2.1.1/STM32CubeIDE/plugins/com.st.stm32cube.ide.mcu.externaltools.gnu-tools-for-stm32.14.3.rel1.win32_1.0.100.202602081740/tools/bin/../lib/gcc/arm-none-eabi/14.3.1/../../../../arm-none-eabi/lib/thumb/v7e-m+fp/hard\libc_nano.a(libc_a-init.o)
                0x0800d428                __libc_init_array
 .text.memcpy   0x0800d470       0x1c C:/ST/STM32CubeIDE_2.1.1/STM32CubeIDE/plugins/com.st.stm32cube.ide.mcu.externaltools.gnu-tools-for-stm32.14.3.rel1.win32_1.0.100.202602081740/tools/bin/../lib/gcc/arm-none-eabi/14.3.1/../../../../arm-none-eabi/lib/thumb/v7e-m+fp/hard\libc_nano.a(libc_a-memcpy-stub.o)
                0x0800d470                memcpy
 .text.sqrtf    0x0800d48c       0x44 C:/ST/STM32CubeIDE_2.1.1/STM32CubeIDE/plugins/com.st.stm32cube.ide.mcu.externaltools.gnu-tools-for-stm32.14.3.rel1.win32_1.0.100.202602081740/tools/bin/../lib/gcc/arm-none-eabi/14.3.1/../../../../arm-none-eabi/lib/thumb/v7e-m+fp/hard\libm.a(libm_a-wf_sqrt.o)
                0x0800d48c                sqrtf
 .text.sinf     0x0800d4d0       0x74 C:/ST/STM32CubeIDE_2.1.1/STM32CubeIDE/plugins/com.st.stm32cube.ide.mcu.externaltools.gnu-tools-for-stm32.14.3.rel1.win32_1.0.100.202602081740/tools/bin/../lib/gcc/arm-none-eabi/14.3.1/../../../../arm-none-eabi/lib/thumb/v7e-m+fp/hard\libm.a(libm_a-sf_sin.o)
                0x0800d4d0                sinf
 .text.__ieee754_sqrtf
                0x0800d544        0x8 C:/ST/STM32CubeIDE_2.1.1/STM32CubeIDE/plugins/com.st.stm32cube.ide.mcu.externaltools.gnu-tools-for-stm32.14.3.rel1.win32_1.0.100.202602081740/tools/bin/../lib/gcc/arm-none-eabi/14.3.1/../../../../arm-none-eabi/lib/thumb/v7e-m+fp/hard\libm.a(libm_a-ef_sqrt.o)
                0x0800d544                __ieee754_sqrtf
 .text.__kernel_cosf
                0x0800d54c      0x104 C:/ST/STM32CubeIDE_2.1.1/STM32CubeIDE/plugins/com.st.stm32cube.ide.mcu.externaltools.gnu-tools-for-stm32.14.3.rel1.win32_1.0.100.202602081740/tools/bin/../lib/gcc/arm-none-eabi/14.3.1/../../../../arm-none-eabi/lib/thumb/v7e-m+fp/hard\libm.a(libm_a-kf_cos.o)
                0x0800d54c                __kernel_cosf
 .text.__kernel_sinf
                0x0800d650       0x90 C:/ST/STM32CubeIDE_2.1.1/STM32CubeIDE/plugins/com.st.stm32cube.ide.mcu.externaltools.gnu-tools-for-stm32.14.3.rel1.win32_1.0.100.202602081740/tools/bin/../lib/gcc/arm-none-eabi/14.3.1/../../../../arm-none-eabi/lib/thumb/v7e-m+fp/hard\libm.a(libm_a-kf_sin.o)
                0x0800d650                __kernel_sinf
 .text.__ieee754_rem_pio2f
                0x0800d6e0      0x26c C:/ST/STM32CubeIDE_2.1.1/STM32CubeIDE/plugins/com.st.stm32cube.ide.mcu.externaltools.gnu-tools-for-stm32.14.3.rel1.win32_1.0.100.202602081740/tools/bin/../lib/gcc/arm-none-eabi/14.3.1/../../../../arm-none-eabi/lib/thumb/v7e-m+fp/hard\libm.a(libm_a-ef_rem_pio2.o)
                0x0800d6e0                __ieee754_rem_pio2f
 .text.fabsf    0x0800d94c       0x10 C:/ST/STM32CubeIDE_2.1.1/STM32CubeIDE/plugins/com.st.stm32cube.ide.mcu.externaltools.gnu-tools-for-stm32.14.3.rel1.win32_1.0.100.202602081740/tools/bin/../lib/gcc/arm-none-eabi/14.3.1/../../../../arm-none-eabi/lib/thumb/v7e-m+fp/hard\libm.a(libm_a-sf_fabs.o)
                0x0800d94c                fabsf
 .text.__kernel_rem_pio2f
                0x0800d95c      0x68c C:/ST/STM32CubeIDE_2.1.1/STM32CubeIDE/plugins/com.st.stm32cube.ide.mcu.externaltools.gnu-tools-for-stm32.14.3.rel1.win32_1.0.100.202602081740/tools/bin/../lib/gcc/arm-none-eabi/14.3.1/../../../../arm-none-eabi/lib/thumb/v7e-m+fp/hard\libm.a(libm_a-kf_rem_pio2.o)
                0x0800d95c                __kernel_rem_pio2f
 .text.scalbnf  0x0800dfe8       0xdc C:/ST/STM32CubeIDE_2.1.1/STM32CubeIDE/plugins/com.st.stm32cube.ide.mcu.externaltools.gnu-tools-for-stm32.14.3.rel1.win32_1.0.100.202602081740/tools/bin/../lib/gcc/arm-none-eabi/14.3.1/../../../../arm-none-eabi/lib/thumb/v7e-m+fp/hard\libm.a(libm_a-sf_scalbn.o)
                0x0800dfe8                scalbnf
 .text.floorf   0x0800e0c4       0x94 C:/ST/STM32CubeIDE_2.1.1/STM32CubeIDE/plugins/com.st.stm32cube.ide.mcu.externaltools.gnu-tools-for-stm32.14.3.rel1.win32_1.0.100.202602081740/tools/bin/../lib/gcc/arm-none-eabi/14.3.1/../../../../arm-none-eabi/lib/thumb/v7e-m+fp/hard\libm.a(libm_a-sf_floor.o)
                0x0800e0c4                floorf
 *(.glue_7)
 .glue_7        0x0800e158        0x0 linker stubs
 *(.glue_7t)
 .glue_7t       0x0800e158        0x0 linker stubs
 *(.eh_frame)
 .eh_frame      0x0800e158        0x0 C:/ST/STM32CubeIDE_2.1.1/STM32CubeIDE/plugins/com.st.stm32cube.ide.mcu.externaltools.gnu-tools-for-stm32.14.3.rel1.win32_1.0.100.202602081740/tools/bin/../lib/gcc/arm-none-eabi/14.3.1/thumb/v7e-m+fp/hard/crtbegin.o
 *(.init)
 .init          0x0800e158        0x4 C:/ST/STM32CubeIDE_2.1.1/STM32CubeIDE/plugins/com.st.stm32cube.ide.mcu.externaltools.gnu-tools-for-stm32.14.3.rel1.win32_1.0.100.202602081740/tools/bin/../lib/gcc/arm-none-eabi/14.3.1/thumb/v7e-m+fp/hard/crti.o
                0x0800e158                _init
 .init          0x0800e15c        0x8 C:/ST/STM32CubeIDE_2.1.1/STM32CubeIDE/plugins/com.st.stm32cube.ide.mcu.externaltools.gnu-tools-for-stm32.14.3.rel1.win32_1.0.100.202602081740/tools/bin/../lib/gcc/arm-none-eabi/14.3.1/thumb/v7e-m+fp/hard/crtn.o
 *(.fini)
 .fini          0x0800e164        0x4 C:/ST/STM32CubeIDE_2.1.1/STM32CubeIDE/plugins/com.st.stm32cube.ide.mcu.externaltools.gnu-tools-for-stm32.14.3.rel1.win32_1.0.100.202602081740/tools/bin/../lib/gcc/arm-none-eabi/14.3.1/thumb/v7e-m+fp/hard/crti.o
                0x0800e164                _fini
 .fini          0x0800e168        0x8 C:/ST/STM32CubeIDE_2.1.1/STM32CubeIDE/plugins/com.st.stm32cube.ide.mcu.externaltools.gnu-tools-for-stm32.14.3.rel1.win32_1.0.100.202602081740/tools/bin/../lib/gcc/arm-none-eabi/14.3.1/thumb/v7e-m+fp/hard/crtn.o
                0x0800e170                        . = ALIGN (0x4)
                0x0800e170                        _etext = .

.vfp11_veneer   0x0800e170        0x0
 .vfp11_veneer  0x0800e170        0x0 linker stubs

.v4_bx          0x0800e170        0x0
 .v4_bx         0x0800e170        0x0 linker stubs

.iplt           0x0800e170        0x0
 .iplt          0x0800e170        0x0 C:/ST/STM32CubeIDE_2.1.1/STM32CubeIDE/plugins/com.st.stm32cube.ide.mcu.externaltools.gnu-tools-for-stm32.14.3.rel1.win32_1.0.100.202602081740/tools/bin/../lib/gcc/arm-none-eabi/14.3.1/thumb/v7e-m+fp/hard/crtbegin.o

.rodata         0x0800e170      0x420
                0x0800e170                        . = ALIGN (0x4)
 *(.rodata)
 .rodata        0x0800e170       0x10 ./Core/Src/lib/kalman_filter.o
 *(.rodata*)
 .rodata.AHBPrescTable
                0x0800e180       0x10 ./Core/Src/system_stm32g4xx.o
                0x0800e180                AHBPrescTable
 .rodata.APBPrescTable
                0x0800e190        0x8 ./Core/Src/system_stm32g4xx.o
                0x0800e190                APBPrescTable
 .rodata.UARTPrescTable
                0x0800e198       0x18 ./Drivers/STM32G4xx_HAL_Driver/Src/stm32g4xx_hal_uart.o
                0x0800e198                UARTPrescTable
 .rodata.numerator.1
                0x0800e1b0        0x8 ./Drivers/STM32G4xx_HAL_Driver/Src/stm32g4xx_hal_uart_ex.o
 .rodata.denominator.0
                0x0800e1b8        0x8 ./Drivers/STM32G4xx_HAL_Driver/Src/stm32g4xx_hal_uart_ex.o
 .rodata.npio2_hw
                0x0800e1c0       0x80 C:/ST/STM32CubeIDE_2.1.1/STM32CubeIDE/plugins/com.st.stm32cube.ide.mcu.externaltools.gnu-tools-for-stm32.14.3.rel1.win32_1.0.100.202602081740/tools/bin/../lib/gcc/arm-none-eabi/14.3.1/../../../../arm-none-eabi/lib/thumb/v7e-m+fp/hard\libm.a(libm_a-ef_rem_pio2.o)
 .rodata.two_over_pi
                0x0800e240      0x318 C:/ST/STM32CubeIDE_2.1.1/STM32CubeIDE/plugins/com.st.stm32cube.ide.mcu.externaltools.gnu-tools-for-stm32.14.3.rel1.win32_1.0.100.202602081740/tools/bin/../lib/gcc/arm-none-eabi/14.3.1/../../../../arm-none-eabi/lib/thumb/v7e-m+fp/hard\libm.a(libm_a-ef_rem_pio2.o)
 .rodata.PIo2   0x0800e558       0x2c C:/ST/STM32CubeIDE_2.1.1/STM32CubeIDE/plugins/com.st.stm32cube.ide.mcu.externaltools.gnu-tools-for-stm32.14.3.rel1.win32_1.0.100.202602081740/tools/bin/../lib/gcc/arm-none-eabi/14.3.1/../../../../arm-none-eabi/lib/thumb/v7e-m+fp/hard\libm.a(libm_a-kf_rem_pio2.o)
 .rodata.init_jk
                0x0800e584        0xc C:/ST/STM32CubeIDE_2.1.1/STM32CubeIDE/plugins/com.st.stm32cube.ide.mcu.externaltools.gnu-tools-for-stm32.14.3.rel1.win32_1.0.100.202602081740/tools/bin/../lib/gcc/arm-none-eabi/14.3.1/../../../../arm-none-eabi/lib/thumb/v7e-m+fp/hard\libm.a(libm_a-kf_rem_pio2.o)
                0x0800e590                        . = ALIGN (0x4)

.ARM.extab      0x0800e590        0x0
                0x0800e590                        . = ALIGN (0x4)
 *(.ARM.extab* .gnu.linkonce.armextab.*)
                0x0800e590                        . = ALIGN (0x4)

.ARM            0x0800e590        0x8
                0x0800e590                        . = ALIGN (0x4)
                0x0800e590                        __exidx_start = .
 *(.ARM.exidx*)
 .ARM.exidx     0x0800e590        0x8 C:/ST/STM32CubeIDE_2.1.1/STM32CubeIDE/plugins/com.st.stm32cube.ide.mcu.externaltools.gnu-tools-for-stm32.14.3.rel1.win32_1.0.100.202602081740/tools/bin/../lib/gcc/arm-none-eabi/14.3.1/thumb/v7e-m+fp/hard\libgcc.a(_udivmoddi4.o)
                0x0800e598                        __exidx_end = .
                0x0800e598                        . = ALIGN (0x4)

.preinit_array  0x0800e598        0x0
                0x0800e598                        . = ALIGN (0x4)
                0x0800e598                        PROVIDE (__preinit_array_start = .)
 *(.preinit_array*)
                0x0800e598                        PROVIDE (__preinit_array_end = .)
                0x0800e598                        . = ALIGN (0x4)

.init_array     0x0800e598        0x4
                0x0800e598                        . = ALIGN (0x4)
                0x0800e598                        PROVIDE (__init_array_start = .)
 *(SORT_BY_NAME(.init_array.*))
 *(.init_array*)
 .init_array    0x0800e598        0x4 C:/ST/STM32CubeIDE_2.1.1/STM32CubeIDE/plugins/com.st.stm32cube.ide.mcu.externaltools.gnu-tools-for-stm32.14.3.rel1.win32_1.0.100.202602081740/tools/bin/../lib/gcc/arm-none-eabi/14.3.1/thumb/v7e-m+fp/hard/crtbegin.o
                0x0800e59c                        PROVIDE (__init_array_end = .)
                0x0800e59c                        . = ALIGN (0x4)

.fini_array     0x0800e59c        0x4
                0x0800e59c                        . = ALIGN (0x4)
                [!provide]                        PROVIDE (__fini_array_start = .)
 *(SORT_BY_NAME(.fini_array.*))
 *(.fini_array*)
 .fini_array    0x0800e59c        0x4 C:/ST/STM32CubeIDE_2.1.1/STM32CubeIDE/plugins/com.st.stm32cube.ide.mcu.externaltools.gnu-tools-for-stm32.14.3.rel1.win32_1.0.100.202602081740/tools/bin/../lib/gcc/arm-none-eabi/14.3.1/thumb/v7e-m+fp/hard/crtbegin.o
                [!provide]                        PROVIDE (__fini_array_end = .)
                0x0800e5a0                        . = ALIGN (0x4)
                0x0800e5a0                        _sidata = LOADADDR (.data)

.rel.dyn        0x0800e5a0        0x0
 .rel.iplt      0x0800e5a0        0x0 C:/ST/STM32CubeIDE_2.1.1/STM32CubeIDE/plugins/com.st.stm32cube.ide.mcu.externaltools.gnu-tools-for-stm32.14.3.rel1.win32_1.0.100.202602081740/tools/bin/../lib/gcc/arm-none-eabi/14.3.1/thumb/v7e-m+fp/hard/crtbegin.o

.data           0x20000000       0x98 load address 0x0800e5a0
                0x20000000                        . = ALIGN (0x4)
                0x20000000                        _sdata = .
 *(.data)
 *(.data*)
 .data.dash_pos_tgt_prev
                0x20000000        0x4 ./Core/Src/app/dashboard.o
 .data.g_man_prev
                0x20000004        0x2 ./Core/Src/app/gripper.o
 .data.seek_dir
                0x20000006        0x1 ./Core/Src/app/homing.o
 .data.joy_was_neutral
                0x20000007        0x1 ./Core/Src/app/joystick.o
 .data.pos_ctrl
                0x20000008       0x18 ./Core/Src/lib/cascade_control.o
                0x20000008                pos_ctrl
 .data.vel_ctrl
                0x20000020       0x18 ./Core/Src/lib/cascade_control.o
                0x20000020                vel_ctrl
 .data.K_ff     0x20000038        0x4 ./Core/Src/lib/cascade_control.o
 .data.SystemCoreClock
                0x2000003c        0x4 ./Core/Src/system_stm32g4xx.o
                0x2000003c                SystemCoreClock
 .data.uwTickPrio
                0x20000040        0x4 ./Drivers/STM32G4xx_HAL_Driver/Src/stm32g4xx_hal.o
                0x20000040                uwTickPrio
 .data.uwTickFreq
                0x20000044        0x4 ./Drivers/STM32G4xx_HAL_Driver/Src/stm32g4xx_hal.o
                0x20000044                uwTickFreq
 .data._impure_ptr
                0x20000048        0x4 C:/ST/STM32CubeIDE_2.1.1/STM32CubeIDE/plugins/com.st.stm32cube.ide.mcu.externaltools.gnu-tools-for-stm32.14.3.rel1.win32_1.0.100.202602081740/tools/bin/../lib/gcc/arm-none-eabi/14.3.1/../../../../arm-none-eabi/lib/thumb/v7e-m+fp/hard\libc_nano.a(libc_a-impure.o)
                0x20000048                _impure_ptr
 .data._impure_data
                0x2000004c       0x4c C:/ST/STM32CubeIDE_2.1.1/STM32CubeIDE/plugins/com.st.stm32cube.ide.mcu.externaltools.gnu-tools-for-stm32.14.3.rel1.win32_1.0.100.202602081740/tools/bin/../lib/gcc/arm-none-eabi/14.3.1/../../../../arm-none-eabi/lib/thumb/v7e-m+fp/hard\libc_nano.a(libc_a-impure.o)
                0x2000004c                _impure_data
 *(.RamFunc)
 *(.RamFunc*)
                0x20000098                        . = ALIGN (0x4)
                0x20000098                        _edata = .

.igot.plt       0x20000098        0x0 load address 0x0800e638
 .igot.plt      0x20000098        0x0 C:/ST/STM32CubeIDE_2.1.1/STM32CubeIDE/plugins/com.st.stm32cube.ide.mcu.externaltools.gnu-tools-for-stm32.14.3.rel1.win32_1.0.100.202602081740/tools/bin/../lib/gcc/arm-none-eabi/14.3.1/thumb/v7e-m+fp/hard/crtbegin.o
                0x20000098                        . = ALIGN (0x4)

.bss            0x20000098      0x92c load address 0x0800e638
                0x20000098                        _sbss = .
                0x20000098                        __bss_start__ = _sbss
 *(.bss)
 .bss           0x20000098       0x1c C:/ST/STM32CubeIDE_2.1.1/STM32CubeIDE/plugins/com.st.stm32cube.ide.mcu.externaltools.gnu-tools-for-stm32.14.3.rel1.win32_1.0.100.202602081740/tools/bin/../lib/gcc/arm-none-eabi/14.3.1/thumb/v7e-m+fp/hard/crtbegin.o
 *(.bss*)
 .bss.pp_septic
                0x200000b4       0x18 ./Core/Src/app/auto_mission.o
 .bss.pp_state  0x200000cc        0x1 ./Core/Src/app/auto_mission.o
 .bss.pp_pair_idx
                0x200000cd        0x1 ./Core/Src/app/auto_mission.o
 .bss.pp_pair_count
                0x200000ce        0x1 ./Core/Src/app/auto_mission.o
 *fill*         0x200000cf        0x1 
 .bss.pp_pick_rad
                0x200000d0       0x20 ./Core/Src/app/auto_mission.o
 .bss.pp_place_rad
                0x200000f0       0x20 ./Core/Src/app/auto_mission.o
 .bss.pp_goto_target
                0x20000110        0x4 ./Core/Src/app/auto_mission.o
 .bss.ref_q     0x20000114        0x4 ./Core/Src/app/auto_mission.o
 .bss.ref_qd    0x20000118        0x4 ./Core/Src/app/auto_mission.o
 .bss.ref_qdd   0x2000011c        0x4 ./Core/Src/app/auto_mission.o
 .bss.ref_j     0x20000120        0x4 ./Core/Src/app/auto_mission.o
 .bss.dash_ref_qd
                0x20000124        0x4 ./Core/Src/app/dashboard.o
 .bss.dash_ref_q
                0x20000128        0x4 ./Core/Src/app/dashboard.o
 .bss.dash_t    0x2000012c        0x4 ./Core/Src/app/dashboard.o
 .bss.dash_pos_septic
                0x20000130       0x18 ./Core/Src/app/dashboard.o
 .bss.dash_jog_septic
                0x20000148       0x18 ./Core/Src/app/dashboard.o
 .bss.dash_jog_target
                0x20000160        0x4 ./Core/Src/app/dashboard.o
 .bss.dash_jog_active
                0x20000164        0x1 ./Core/Src/app/dashboard.o
 .bss.g_state   0x20000165        0x1 ./Core/Src/app/gripper.o
 .bss.g_pick_mode
                0x20000166        0x1 ./Core/Src/app/gripper.o
 *fill*         0x20000167        0x1 
 .bss.g_deadline
                0x20000168        0x4 ./Core/Src/app/gripper.o
 .bss.g_arm_down
                0x2000016c        0x1 ./Core/Src/app/gripper.o
 .bss.g_jaw_close
                0x2000016d        0x1 ./Core/Src/app/gripper.o
 .bss.hom_state
                0x2000016e        0x1 ./Core/Src/app/homing.o
 *fill*         0x2000016f        0x1 
 .bss.hom_ticks
                0x20000170        0x4 ./Core/Src/app/homing.o
 .bss.zone_count
                0x20000174        0x4 ./Core/Src/app/homing.o
 .bss.target_count
                0x20000178        0x4 ./Core/Src/app/homing.o
 .bss.dir_pin   0x2000017c        0x1 ./Core/Src/app/homing.o
 *fill*         0x2000017d        0x3 
 .bss.settle_ticks
                0x20000180        0x4 ./Core/Src/app/homing.o
 .bss.wrong_side
                0x20000184        0x1 ./Core/Src/app/homing.o
 .bss.seek_armed
                0x20000185        0x1 ./Core/Src/app/homing.o
 *fill*         0x20000186        0x2 
 .bss.seek_start_pos
                0x20000188        0x4 ./Core/Src/app/homing.o
 .bss.hom_unwind
                0x2000018c       0x18 ./Core/Src/app/homing.o
 .bss.debug_hom_state
                0x200001a4        0x1 ./Core/Src/app/homing.o
                0x200001a4                debug_hom_state
 *fill*         0x200001a5        0x3 
 .bss.debug_hom_ticks
                0x200001a8        0x4 ./Core/Src/app/homing.o
                0x200001a8                debug_hom_ticks
 .bss.debug_hom_signal
                0x200001ac        0x1 ./Core/Src/app/homing.o
                0x200001ac                debug_hom_signal
 *fill*         0x200001ad        0x3 
 .bss.debug_zone_count
                0x200001b0        0x4 ./Core/Src/app/homing.o
                0x200001b0                debug_zone_count
 .bss.btn_raw_prev
                0x200001b4        0x5 ./Core/Src/app/joystick.o
 *fill*         0x200001b9        0x3 
 .bss.btn_cnt   0x200001bc        0x5 ./Core/Src/app/joystick.o
 *fill*         0x200001c1        0x3 
 .bss.btn_stable
                0x200001c4        0x5 ./Core/Src/app/joystick.o
 *fill*         0x200001c9        0x3 
 .bss.btn_edge  0x200001cc        0x5 ./Core/Src/app/joystick.o
 .bss.joy_mode  0x200001d1        0x1 ./Core/Src/app/joystick.o
 *fill*         0x200001d2        0x2 
 .bss.joy_target_rad
                0x200001d4        0x4 ./Core/Src/app/joystick.o
 .bss.grip_toggle
                0x200001d8        0x1 ./Core/Src/app/joystick.o
 .bss.arm_toggle
                0x200001d9        0x1 ./Core/Src/app/joystick.o
 .bss.joy_prev_driving
                0x200001da        0x1 ./Core/Src/app/joystick.o
 .bss.tm_state  0x200001db        0x1 ./Core/Src/app/test_mode.o
 .bss.tm_type   0x200001dc        0x1 ./Core/Src/app/test_mode.o
 *fill*         0x200001dd        0x3 
 .bss.tm_pos_a  0x200001e0        0x4 ./Core/Src/app/test_mode.o
 .bss.tm_pos_b  0x200001e4        0x4 ./Core/Src/app/test_mode.o
 .bss.tm_cur_end
                0x200001e8        0x4 ./Core/Src/app/test_mode.o
 .bss.tm_init_done
                0x200001ec        0x1 ./Core/Src/app/test_mode.o
 .bss.tm_trips  0x200001ed        0x1 ./Core/Src/app/test_mode.o
 .bss.tm_trips_max
                0x200001ee        0x1 ./Core/Src/app/test_mode.o
 *fill*         0x200001ef        0x1 
 .bss.tm_hold_start
                0x200001f0        0x4 ./Core/Src/app/test_mode.o
 .bss.tm_trapz  0x200001f4       0x28 ./Core/Src/app/test_mode.o
 .bss.tm_septic
                0x2000021c       0x18 ./Core/Src/app/test_mode.o
 .bss.tm_ref_q  0x20000234        0x4 ./Core/Src/app/test_mode.o
 .bss.tm_ref_qd
                0x20000238        0x4 ./Core/Src/app/test_mode.o
 .bss.tm_ref_qdd
                0x2000023c        0x4 ./Core/Src/app/test_mode.o
 .bss.tm_ref_j  0x20000240        0x4 ./Core/Src/app/test_mode.o
 .bss.last_heartbeat_time
                0x20000244        0x4 ./Core/Src/comm/base_system.o
 .bss.is_connected
                0x20000248        0x1 ./Core/Src/comm/base_system.o
 *fill*         0x20000249        0x3 
 .bss.modbus_registers
                0x2000024c       0xa2 ./Core/Src/comm/base_system.o
                0x2000024c                modbus_registers
 *fill*         0x200002ee        0x2 
 .bss.modbus_echo_buf
                0x200002f0        0x8 ./Core/Src/comm/base_system.o
                0x200002f0                modbus_echo_buf
 .bss.modbus_echo_valid
                0x200002f8        0x1 ./Core/Src/comm/base_system.o
                0x200002f8                modbus_echo_valid
 *fill*         0x200002f9        0x3 
 .bss.modbus_echo_time
                0x200002fc        0x4 ./Core/Src/comm/base_system.o
                0x200002fc                modbus_echo_time
 .bss.mb_tx     0x20000300       0x87 ./Core/Src/comm/base_system.o
 *fill*         0x20000387        0x1 
 .bss.monitor_V_in
                0x20000388        0x4 ./Core/Src/lib/cascade_control.o
                0x20000388                monitor_V_in
 .bss.kf_V_in   0x2000038c        0x4 ./Core/Src/lib/cascade_control.o
 .bss.q_out     0x20000390        0x4 ./Core/Src/lib/cascade_control.o
                0x20000390                q_out
 .bss.prev_q_out
                0x20000394        0x4 ./Core/Src/lib/cascade_control.o
 .bss.qd_out    0x20000398        0x4 ./Core/Src/lib/cascade_control.o
                0x20000398                qd_out
 .bss.target_q  0x2000039c        0x4 ./Core/Src/lib/cascade_control.o
                0x2000039c                target_q
 .bss.target_qd
                0x200003a0        0x4 ./Core/Src/lib/cascade_control.o
                0x200003a0                target_qd
 .bss.qdd_out   0x200003a4        0x4 ./Core/Src/lib/cascade_control.o
                0x200003a4                qdd_out
 .bss.j_out     0x200003a8        0x4 ./Core/Src/lib/cascade_control.o
                0x200003a8                j_out
 .bss.hkf       0x200003ac      0x104 ./Core/Src/lib/cascade_control.o
                0x200003ac                hkf
 .bss.bl_comp   0x200004b0        0x4 ./Core/Src/lib/cascade_control.o
 .bss.bl_last_dir
                0x200004b4        0x1 ./Core/Src/lib/cascade_control.o
 .bss.pos_div_tick
                0x200004b5        0x1 ./Core/Src/lib/cascade_control.o
 *fill*         0x200004b6        0x2 
 .bss.pos_div_out
                0x200004b8        0x4 ./Core/Src/lib/cascade_control.o
 .bss.prev_qd_kf.1
                0x200004bc        0x4 ./Core/Src/lib/cascade_control.o
 .bss.prev_qdd_out.0
                0x200004c0        0x4 ./Core/Src/lib/cascade_control.o
 .bss.hadc1     0x200004c4       0x6c ./Core/Src/main.o
                0x200004c4                hadc1
 .bss.hfdcan1   0x20000530       0x64 ./Core/Src/main.o
                0x20000530                hfdcan1
 .bss.htim1     0x20000594       0x4c ./Core/Src/main.o
                0x20000594                htim1
 .bss.htim2     0x200005e0       0x4c ./Core/Src/main.o
                0x200005e0                htim2
 .bss.htim6     0x2000062c       0x4c ./Core/Src/main.o
                0x2000062c                htim6
 .bss.huart2    0x20000678       0x94 ./Core/Src/main.o
                0x20000678                huart2
 .bss.chip_temp_C
                0x2000070c        0x4 ./Core/Src/main.o
                0x2000070c                chip_temp_C
 .bss.debug_uart_rx_count
                0x20000710        0x4 ./Core/Src/main.o
                0x20000710                debug_uart_rx_count
 .bss.debug_modbus_ok_count
                0x20000714        0x4 ./Core/Src/main.o
                0x20000714                debug_modbus_ok_count
 .bss.debug_op_mode
                0x20000718        0x1 ./Core/Src/main.o
                0x20000718                debug_op_mode
 .bss.debug_selector
                0x20000719        0x1 ./Core/Src/main.o
                0x20000719                debug_selector
 .bss.debug_estop
                0x2000071a        0x1 ./Core/Src/main.o
                0x2000071a                debug_estop
 *fill*         0x2000071b        0x1 
 .bss.henc2     0x2000071c       0x14 ./Core/Src/main.o
                0x2000071c                henc2
 .bss.my_profile
                0x20000730       0x44 ./Core/Src/main.o
                0x20000730                my_profile
 .bss.selector_mode
                0x20000774        0x1 ./Core/Src/main.o
                0x20000774                selector_mode
 .bss.current_system_mode
                0x20000775        0x1 ./Core/Src/main.o
                0x20000775                current_system_mode
 .bss.seq_state
                0x20000776        0x1 ./Core/Src/main.o
                0x20000776                seq_state
 *fill*         0x20000777        0x1 
 .bss.current_degree_out
                0x20000778        0x4 ./Core/Src/main.o
                0x20000778                current_degree_out
 .bss.rx_buffer
                0x2000077c       0x80 ./Core/Src/main.o
                0x2000077c                rx_buffer
 .bss.adc_dma_buf
                0x200007fc        0x2 ./Core/Src/main.o
 *fill*         0x200007fe        0x2 
 .bss.frame_copy
                0x20000800       0x80 ./Core/Src/main.o
 .bss.last_temp_ms.3
                0x20000880        0x4 ./Core/Src/main.o
 .bss.pending_auto_ticks.2
                0x20000884        0x1 ./Core/Src/main.o
 .bss.pending_test_ticks.1
                0x20000885        0x1 ./Core/Src/main.o
 .bss.auto_start_pending.0
                0x20000886        0x1 ./Core/Src/main.o
 *fill*         0x20000887        0x1 
 .bss.uwTick    0x20000888        0x4 ./Drivers/STM32G4xx_HAL_Driver/Src/stm32g4xx_hal.o
                0x20000888                uwTick
 .bss.__sf      0x2000088c      0x138 C:/ST/STM32CubeIDE_2.1.1/STM32CubeIDE/plugins/com.st.stm32cube.ide.mcu.externaltools.gnu-tools-for-stm32.14.3.rel1.win32_1.0.100.202602081740/tools/bin/../lib/gcc/arm-none-eabi/14.3.1/../../../../arm-none-eabi/lib/thumb/v7e-m+fp/hard\libc_nano.a(libc_a-findfp.o)
                0x2000088c                __sf
 *(COMMON)
                0x200009c4                        . = ALIGN (0x4)
                0x200009c4                        _ebss = .
                0x200009c4                        __bss_end__ = _ebss

._user_heap_stack
                0x200009c4      0x604 load address 0x0800e638
                0x200009c8                        . = ALIGN (0x8)
 *fill*         0x200009c4        0x4 
                [!provide]                        PROVIDE (end = .)
                0x200009c8                        PROVIDE (_end = .)
                0x20000bc8                        . = (. + _Min_Heap_Size)
 *fill*         0x200009c8      0x200 
                0x20000fc8                        . = (. + _Min_Stack_Size)
 *fill*         0x20000bc8      0x400 
                0x20000fc8                        . = ALIGN (0x8)

/DISCARD/
 libc.a(*)
 libm.a(*)
 libgcc.a(*)

.ARM.attributes
                0x00000000       0x30
 *(.ARM.attributes)
 .ARM.attributes
                0x00000000       0x22 C:/ST/STM32CubeIDE_2.1.1/STM32CubeIDE/plugins/com.st.stm32cube.ide.mcu.externaltools.gnu-tools-for-stm32.14.3.rel1.win32_1.0.100.202602081740/tools/bin/../lib/gcc/arm-none-eabi/14.3.1/thumb/v7e-m+fp/hard/crti.o
 .ARM.attributes
                0x00000022       0x34 C:/ST/STM32CubeIDE_2.1.1/STM32CubeIDE/plugins/com.st.stm32cube.ide.mcu.externaltools.gnu-tools-for-stm32.14.3.rel1.win32_1.0.100.202602081740/tools/bin/../lib/gcc/arm-none-eabi/14.3.1/thumb/v7e-m+fp/hard/crtbegin.o
 .ARM.attributes
                0x00000056       0x34 ./Core/Src/app/auto_mission.o
 .ARM.attributes
                0x0000008a       0x34 ./Core/Src/app/dashboard.o
 .ARM.attributes
                0x000000be       0x34 ./Core/Src/app/gripper.o
 .ARM.attributes
                0x000000f2       0x34 ./Core/Src/app/homing.o
 .ARM.attributes
                0x00000126       0x34 ./Core/Src/app/joystick.o
 .ARM.attributes
                0x0000015a       0x34 ./Core/Src/app/test_mode.o
 .ARM.attributes
                0x0000018e       0x34 ./Core/Src/comm/base_system.o
 .ARM.attributes
                0x000001c2       0x34 ./Core/Src/lib/cascade_control.o
 .ARM.attributes
                0x000001f6       0x34 ./Core/Src/lib/encoder.o
 .ARM.attributes
                0x0000022a       0x34 ./Core/Src/lib/kalman_filter.o
 .ARM.attributes
                0x0000025e       0x34 ./Core/Src/lib/trajectory.o
 .ARM.attributes
                0x00000292       0x34 ./Core/Src/main.o
 .ARM.attributes
                0x000002c6       0x34 ./Core/Src/stm32g4xx_hal_msp.o
 .ARM.attributes
                0x000002fa       0x34 ./Core/Src/stm32g4xx_it.o
 .ARM.attributes
                0x0000032e       0x34 ./Core/Src/system_stm32g4xx.o
 .ARM.attributes
                0x00000362       0x21 ./Core/Startup/startup_stm32g474retx.o
 .ARM.attributes
                0x00000383       0x34 ./Drivers/STM32G4xx_HAL_Driver/Src/stm32g4xx_hal.o
 .ARM.attributes
                0x000003b7       0x34 ./Drivers/STM32G4xx_HAL_Driver/Src/stm32g4xx_hal_adc.o
 .ARM.attributes
                0x000003eb       0x34 ./Drivers/STM32G4xx_HAL_Driver/Src/stm32g4xx_hal_adc_ex.o
 .ARM.attributes
                0x0000041f       0x34 ./Drivers/STM32G4xx_HAL_Driver/Src/stm32g4xx_hal_cortex.o
 .ARM.attributes
                0x00000453       0x34 ./Drivers/STM32G4xx_HAL_Driver/Src/stm32g4xx_hal_dma.o
 .ARM.attributes
                0x00000487       0x34 ./Drivers/STM32G4xx_HAL_Driver/Src/stm32g4xx_hal_fdcan.o
 .ARM.attributes
                0x000004bb       0x34 ./Drivers/STM32G4xx_HAL_Driver/Src/stm32g4xx_hal_gpio.o
 .ARM.attributes
                0x000004ef       0x34 ./Drivers/STM32G4xx_HAL_Driver/Src/stm32g4xx_hal_pwr_ex.o
 .ARM.attributes
                0x00000523       0x34 ./Drivers/STM32G4xx_HAL_Driver/Src/stm32g4xx_hal_rcc.o
 .ARM.attributes
                0x00000557       0x34 ./Drivers/STM32G4xx_HAL_Driver/Src/stm32g4xx_hal_rcc_ex.o
 .ARM.attributes
                0x0000058b       0x34 ./Drivers/STM32G4xx_HAL_Driver/Src/stm32g4xx_hal_tim.o
 .ARM.attributes
                0x000005bf       0x34 ./Drivers/STM32G4xx_HAL_Driver/Src/stm32g4xx_hal_tim_ex.o
 .ARM.attributes
                0x000005f3       0x34 ./Drivers/STM32G4xx_HAL_Driver/Src/stm32g4xx_hal_uart.o
 .ARM.attributes
                0x00000627       0x34 ./Drivers/STM32G4xx_HAL_Driver/Src/stm32g4xx_hal_uart_ex.o
 .ARM.attributes
                0x0000065b       0x34 C:/ST/STM32CubeIDE_2.1.1/STM32CubeIDE/plugins/com.st.stm32cube.ide.mcu.externaltools.gnu-tools-for-stm32.14.3.rel1.win32_1.0.100.202602081740/tools/bin/../lib/gcc/arm-none-eabi/14.3.1/../../../../arm-none-eabi/lib/thumb/v7e-m+fp/hard\libc_nano.a(libc_a-findfp.o)
 .ARM.attributes
                0x0000068f       0x34 C:/ST/STM32CubeIDE_2.1.1/STM32CubeIDE/plugins/com.st.stm32cube.ide.mcu.externaltools.gnu-tools-for-stm32.14.3.rel1.win32_1.0.100.202602081740/tools/bin/../lib/gcc/arm-none-eabi/14.3.1/../../../../arm-none-eabi/lib/thumb/v7e-m+fp/hard\libc_nano.a(libc_a-memcmp.o)
 .ARM.attributes
                0x000006c3       0x34 C:/ST/STM32CubeIDE_2.1.1/STM32CubeIDE/plugins/com.st.stm32cube.ide.mcu.externaltools.gnu-tools-for-stm32.14.3.rel1.win32_1.0.100.202602081740/tools/bin/../lib/gcc/arm-none-eabi/14.3.1/../../../../arm-none-eabi/lib/thumb/v7e-m+fp/hard\libc_nano.a(libc_a-memset.o)
 .ARM.attributes
                0x000006f7       0x34 C:/ST/STM32CubeIDE_2.1.1/STM32CubeIDE/plugins/com.st.stm32cube.ide.mcu.externaltools.gnu-tools-for-stm32.14.3.rel1.win32_1.0.100.202602081740/tools/bin/../lib/gcc/arm-none-eabi/14.3.1/../../../../arm-none-eabi/lib/thumb/v7e-m+fp/hard\libc_nano.a(libc_a-impure.o)
 .ARM.attributes
                0x0000072b       0x34 C:/ST/STM32CubeIDE_2.1.1/STM32CubeIDE/plugins/com.st.stm32cube.ide.mcu.externaltools.gnu-tools-for-stm32.14.3.rel1.win32_1.0.100.202602081740/tools/bin/../lib/gcc/arm-none-eabi/14.3.1/../../../../arm-none-eabi/lib/thumb/v7e-m+fp/hard\libc_nano.a(libc_a-errno.o)
 .ARM.attributes
                0x0000075f       0x34 C:/ST/STM32CubeIDE_2.1.1/STM32CubeIDE/plugins/com.st.stm32cube.ide.mcu.externaltools.gnu-tools-for-stm32.14.3.rel1.win32_1.0.100.202602081740/tools/bin/../lib/gcc/arm-none-eabi/14.3.1/../../../../arm-none-eabi/lib/thumb/v7e-m+fp/hard\libc_nano.a(libc_a-init.o)
 .ARM.attributes
                0x00000793       0x34 C:/ST/STM32CubeIDE_2.1.1/STM32CubeIDE/plugins/com.st.stm32cube.ide.mcu.externaltools.gnu-tools-for-stm32.14.3.rel1.win32_1.0.100.202602081740/tools/bin/../lib/gcc/arm-none-eabi/14.3.1/../../../../arm-none-eabi/lib/thumb/v7e-m+fp/hard\libc_nano.a(libc_a-memcpy-stub.o)
 .ARM.attributes
                0x000007c7       0x34 C:/ST/STM32CubeIDE_2.1.1/STM32CubeIDE/plugins/com.st.stm32cube.ide.mcu.externaltools.gnu-tools-for-stm32.14.3.rel1.win32_1.0.100.202602081740/tools/bin/../lib/gcc/arm-none-eabi/14.3.1/../../../../arm-none-eabi/lib/thumb/v7e-m+fp/hard\libm.a(libm_a-wf_sqrt.o)
 .ARM.attributes
                0x000007fb       0x34 C:/ST/STM32CubeIDE_2.1.1/STM32CubeIDE/plugins/com.st.stm32cube.ide.mcu.externaltools.gnu-tools-for-stm32.14.3.rel1.win32_1.0.100.202602081740/tools/bin/../lib/gcc/arm-none-eabi/14.3.1/../../../../arm-none-eabi/lib/thumb/v7e-m+fp/hard\libm.a(libm_a-sf_sin.o)
 .ARM.attributes
                0x0000082f       0x34 C:/ST/STM32CubeIDE_2.1.1/STM32CubeIDE/plugins/com.st.stm32cube.ide.mcu.externaltools.gnu-tools-for-stm32.14.3.rel1.win32_1.0.100.202602081740/tools/bin/../lib/gcc/arm-none-eabi/14.3.1/../../../../arm-none-eabi/lib/thumb/v7e-m+fp/hard\libm.a(libm_a-ef_sqrt.o)
 .ARM.attributes
                0x00000863       0x34 C:/ST/STM32CubeIDE_2.1.1/STM32CubeIDE/plugins/com.st.stm32cube.ide.mcu.externaltools.gnu-tools-for-stm32.14.3.rel1.win32_1.0.100.202602081740/tools/bin/../lib/gcc/arm-none-eabi/14.3.1/../../../../arm-none-eabi/lib/thumb/v7e-m+fp/hard\libm.a(libm_a-kf_cos.o)
 .ARM.attributes
                0x00000897       0x34 C:/ST/STM32CubeIDE_2.1.1/STM32CubeIDE/plugins/com.st.stm32cube.ide.mcu.externaltools.gnu-tools-for-stm32.14.3.rel1.win32_1.0.100.202602081740/tools/bin/../lib/gcc/arm-none-eabi/14.3.1/../../../../arm-none-eabi/lib/thumb/v7e-m+fp/hard\libm.a(libm_a-kf_sin.o)
 .ARM.attributes
                0x000008cb       0x34 C:/ST/STM32CubeIDE_2.1.1/STM32CubeIDE/plugins/com.st.stm32cube.ide.mcu.externaltools.gnu-tools-for-stm32.14.3.rel1.win32_1.0.100.202602081740/tools/bin/../lib/gcc/arm-none-eabi/14.3.1/../../../../arm-none-eabi/lib/thumb/v7e-m+fp/hard\libm.a(libm_a-ef_rem_pio2.o)
 .ARM.attributes
                0x000008ff       0x34 C:/ST/STM32CubeIDE_2.1.1/STM32CubeIDE/plugins/com.st.stm32cube.ide.mcu.externaltools.gnu-tools-for-stm32.14.3.rel1.win32_1.0.100.202602081740/tools/bin/../lib/gcc/arm-none-eabi/14.3.1/../../../../arm-none-eabi/lib/thumb/v7e-m+fp/hard\libm.a(libm_a-sf_fabs.o)
 .ARM.attributes
                0x00000933       0x34 C:/ST/STM32CubeIDE_2.1.1/STM32CubeIDE/plugins/com.st.stm32cube.ide.mcu.externaltools.gnu-tools-for-stm32.14.3.rel1.win32_1.0.100.202602081740/tools/bin/../lib/gcc/arm-none-eabi/14.3.1/../../../../arm-none-eabi/lib/thumb/v7e-m+fp/hard\libm.a(libm_a-kf_rem_pio2.o)
 .ARM.attributes
                0x00000967       0x34 C:/ST/STM32CubeIDE_2.1.1/STM32CubeIDE/plugins/com.st.stm32cube.ide.mcu.externaltools.gnu-tools-for-stm32.14.3.rel1.win32_1.0.100.202602081740/tools/bin/../lib/gcc/arm-none-eabi/14.3.1/../../../../arm-none-eabi/lib/thumb/v7e-m+fp/hard\libm.a(libm_a-sf_scalbn.o)
 .ARM.attributes
                0x0000099b       0x34 C:/ST/STM32CubeIDE_2.1.1/STM32CubeIDE/plugins/com.st.stm32cube.ide.mcu.externaltools.gnu-tools-for-stm32.14.3.rel1.win32_1.0.100.202602081740/tools/bin/../lib/gcc/arm-none-eabi/14.3.1/../../../../arm-none-eabi/lib/thumb/v7e-m+fp/hard\libm.a(libm_a-sf_floor.o)
 .ARM.attributes
                0x000009cf       0x22 C:/ST/STM32CubeIDE_2.1.1/STM32CubeIDE/plugins/com.st.stm32cube.ide.mcu.externaltools.gnu-tools-for-stm32.14.3.rel1.win32_1.0.100.202602081740/tools/bin/../lib/gcc/arm-none-eabi/14.3.1/thumb/v7e-m+fp/hard\libgcc.a(_aeabi_uldivmod.o)
 .ARM.attributes
                0x000009f1       0x34 C:/ST/STM32CubeIDE_2.1.1/STM32CubeIDE/plugins/com.st.stm32cube.ide.mcu.externaltools.gnu-tools-for-stm32.14.3.rel1.win32_1.0.100.202602081740/tools/bin/../lib/gcc/arm-none-eabi/14.3.1/thumb/v7e-m+fp/hard\libgcc.a(_udivmoddi4.o)
 .ARM.attributes
                0x00000a25       0x22 C:/ST/STM32CubeIDE_2.1.1/STM32CubeIDE/plugins/com.st.stm32cube.ide.mcu.externaltools.gnu-tools-for-stm32.14.3.rel1.win32_1.0.100.202602081740/tools/bin/../lib/gcc/arm-none-eabi/14.3.1/thumb/v7e-m+fp/hard\libgcc.a(_dvmd_tls.o)
 .ARM.attributes
                0x00000a47       0x22 C:/ST/STM32CubeIDE_2.1.1/STM32CubeIDE/plugins/com.st.stm32cube.ide.mcu.externaltools.gnu-tools-for-stm32.14.3.rel1.win32_1.0.100.202602081740/tools/bin/../lib/gcc/arm-none-eabi/14.3.1/thumb/v7e-m+fp/hard/crtn.o
OUTPUT(OneDofRobot.elf elf32-littlearm)
LOAD linker stubs
LOAD C:/ST/STM32CubeIDE_2.1.1/STM32CubeIDE/plugins/com.st.stm32cube.ide.mcu.externaltools.gnu-tools-for-stm32.14.3.rel1.win32_1.0.100.202602081740/tools/bin/../lib/gcc/arm-none-eabi/14.3.1/../../../../arm-none-eabi/lib/thumb/v7e-m+fp/hard\libc.a
LOAD C:/ST/STM32CubeIDE_2.1.1/STM32CubeIDE/plugins/com.st.stm32cube.ide.mcu.externaltools.gnu-tools-for-stm32.14.3.rel1.win32_1.0.100.202602081740/tools/bin/../lib/gcc/arm-none-eabi/14.3.1/../../../../arm-none-eabi/lib/thumb/v7e-m+fp/hard\libm.a
LOAD C:/ST/STM32CubeIDE_2.1.1/STM32CubeIDE/plugins/com.st.stm32cube.ide.mcu.externaltools.gnu-tools-for-stm32.14.3.rel1.win32_1.0.100.202602081740/tools/bin/../lib/gcc/arm-none-eabi/14.3.1/thumb/v7e-m+fp/hard\libgcc.a

.debug_info     0x00000000    0x208bd
 .debug_info    0x00000000      0x4a5 ./Core/Src/app/auto_mission.o
 .debug_info    0x000004a5      0x518 ./Core/Src/app/dashboard.o
 .debug_info    0x000009bd      0x447 ./Core/Src/app/gripper.o
 .debug_info    0x00000e04      0xdbb ./Core/Src/app/homing.o
 .debug_info    0x00001bbf     0x10e8 ./Core/Src/app/joystick.o
 .debug_info    0x00002ca7      0x583 ./Core/Src/app/test_mode.o
 .debug_info    0x0000322a      0xb17 ./Core/Src/comm/base_system.o
 .debug_info    0x00003d41      0xfbe ./Core/Src/lib/cascade_control.o
 .debug_info    0x00004cff      0x988 ./Core/Src/lib/encoder.o
 .debug_info    0x00005687      0x49d ./Core/Src/lib/kalman_filter.o
 .debug_info    0x00005b24      0xb19 ./Core/Src/lib/trajectory.o
 .debug_info    0x0000663d     0x2ce3 ./Core/Src/main.o
 .debug_info    0x00009320     0x1fb4 ./Core/Src/stm32g4xx_hal_msp.o
 .debug_info    0x0000b2d4      0xc7e ./Core/Src/stm32g4xx_it.o
 .debug_info    0x0000bf52      0x58e ./Core/Src/system_stm32g4xx.o
 .debug_info    0x0000c4e0       0x30 ./Core/Startup/startup_stm32g474retx.o
 .debug_info    0x0000c510      0xb95 ./Drivers/STM32G4xx_HAL_Driver/Src/stm32g4xx_hal.o
 .debug_info    0x0000d0a5     0x2063 ./Drivers/STM32G4xx_HAL_Driver/Src/stm32g4xx_hal_adc.o
 .debug_info    0x0000f108     0x1d80 ./Drivers/STM32G4xx_HAL_Driver/Src/stm32g4xx_hal_adc_ex.o
 .debug_info    0x00010e88      0xdf9 ./Drivers/STM32G4xx_HAL_Driver/Src/stm32g4xx_hal_cortex.o
 .debug_info    0x00011c81      0x85f ./Drivers/STM32G4xx_HAL_Driver/Src/stm32g4xx_hal_dma.o
 .debug_info    0x000124e0     0x18ba ./Drivers/STM32G4xx_HAL_Driver/Src/stm32g4xx_hal_fdcan.o
 .debug_info    0x00013d9a      0x772 ./Drivers/STM32G4xx_HAL_Driver/Src/stm32g4xx_hal_gpio.o
 .debug_info    0x0001450c      0x944 ./Drivers/STM32G4xx_HAL_Driver/Src/stm32g4xx_hal_pwr_ex.o
 .debug_info    0x00014e50      0xbf9 ./Drivers/STM32G4xx_HAL_Driver/Src/stm32g4xx_hal_rcc.o
 .debug_info    0x00015a49      0xc5d ./Drivers/STM32G4xx_HAL_Driver/Src/stm32g4xx_hal_rcc_ex.o
 .debug_info    0x000166a6     0x2c52 ./Drivers/STM32G4xx_HAL_Driver/Src/stm32g4xx_hal_tim.o
 .debug_info    0x000192f8     0x1d95 ./Drivers/STM32G4xx_HAL_Driver/Src/stm32g4xx_hal_tim_ex.o
 .debug_info    0x0001b08d     0x4854 ./Drivers/STM32G4xx_HAL_Driver/Src/stm32g4xx_hal_uart.o
 .debug_info    0x0001f8e1      0xfdc ./Drivers/STM32G4xx_HAL_Driver/Src/stm32g4xx_hal_uart_ex.o

.debug_abbrev   0x00000000     0x446d
 .debug_abbrev  0x00000000      0x1d1 ./Core/Src/app/auto_mission.o
 .debug_abbrev  0x000001d1      0x1bb ./Core/Src/app/dashboard.o
 .debug_abbrev  0x0000038c      0x224 ./Core/Src/app/gripper.o
 .debug_abbrev  0x000005b0      0x318 ./Core/Src/app/homing.o
 .debug_abbrev  0x000008c8      0x2c6 ./Core/Src/app/joystick.o
 .debug_abbrev  0x00000b8e      0x19e ./Core/Src/app/test_mode.o
 .debug_abbrev  0x00000d2c      0x23b ./Core/Src/comm/base_system.o
 .debug_abbrev  0x00000f67      0x2ff ./Core/Src/lib/cascade_control.o
 .debug_abbrev  0x00001266      0x208 ./Core/Src/lib/encoder.o
 .debug_abbrev  0x0000146e      0x19f ./Core/Src/lib/kalman_filter.o
 .debug_abbrev  0x0000160d      0x1c1 ./Core/Src/lib/trajectory.o
 .debug_abbrev  0x000017ce      0x3a3 ./Core/Src/main.o
 .debug_abbrev  0x00001b71      0x272 ./Core/Src/stm32g4xx_hal_msp.o
 .debug_abbrev  0x00001de3      0x1cb ./Core/Src/stm32g4xx_it.o
 .debug_abbrev  0x00001fae      0x11a ./Core/Src/system_stm32g4xx.o
 .debug_abbrev  0x000020c8       0x24 ./Core/Startup/startup_stm32g474retx.o
 .debug_abbrev  0x000020ec      0x271 ./Drivers/STM32G4xx_HAL_Driver/Src/stm32g4xx_hal.o
 .debug_abbrev  0x0000235d      0x2d3 ./Drivers/STM32G4xx_HAL_Driver/Src/stm32g4xx_hal_adc.o
 .debug_abbrev  0x00002630      0x2ee ./Drivers/STM32G4xx_HAL_Driver/Src/stm32g4xx_hal_adc_ex.o
 .debug_abbrev  0x0000291e      0x31c ./Drivers/STM32G4xx_HAL_Driver/Src/stm32g4xx_hal_cortex.o
 .debug_abbrev  0x00002c3a      0x1e2 ./Drivers/STM32G4xx_HAL_Driver/Src/stm32g4xx_hal_dma.o
 .debug_abbrev  0x00002e1c      0x1e7 ./Drivers/STM32G4xx_HAL_Driver/Src/stm32g4xx_hal_fdcan.o
 .debug_abbrev  0x00003003      0x1d2 ./Drivers/STM32G4xx_HAL_Driver/Src/stm32g4xx_hal_gpio.o
 .debug_abbrev  0x000031d5      0x22c ./Drivers/STM32G4xx_HAL_Driver/Src/stm32g4xx_hal_pwr_ex.o
 .debug_abbrev  0x00003401      0x2c9 ./Drivers/STM32G4xx_HAL_Driver/Src/stm32g4xx_hal_rcc.o
 .debug_abbrev  0x000036ca      0x261 ./Drivers/STM32G4xx_HAL_Driver/Src/stm32g4xx_hal_rcc_ex.o
 .debug_abbrev  0x0000392b      0x2a7 ./Drivers/STM32G4xx_HAL_Driver/Src/stm32g4xx_hal_tim.o
 .debug_abbrev  0x00003bd2      0x2c5 ./Drivers/STM32G4xx_HAL_Driver/Src/stm32g4xx_hal_tim_ex.o
 .debug_abbrev  0x00003e97      0x304 ./Drivers/STM32G4xx_HAL_Driver/Src/stm32g4xx_hal_uart.o
 .debug_abbrev  0x0000419b      0x2d2 ./Drivers/STM32G4xx_HAL_Driver/Src/stm32g4xx_hal_uart_ex.o

.debug_aranges  0x00000000     0x1aa0
 .debug_aranges
                0x00000000       0x68 ./Core/Src/app/auto_mission.o
 .debug_aranges
                0x00000068       0x30 ./Core/Src/app/dashboard.o
 .debug_aranges
                0x00000098       0xa0 ./Core/Src/app/gripper.o
 .debug_aranges
                0x00000138       0x60 ./Core/Src/app/homing.o
 .debug_aranges
                0x00000198       0x48 ./Core/Src/app/joystick.o
 .debug_aranges
                0x000001e0       0x48 ./Core/Src/app/test_mode.o
 .debug_aranges
                0x00000228       0x40 ./Core/Src/comm/base_system.o
 .debug_aranges
                0x00000268       0x50 ./Core/Src/lib/cascade_control.o
 .debug_aranges
                0x000002b8       0x40 ./Core/Src/lib/encoder.o
 .debug_aranges
                0x000002f8       0x40 ./Core/Src/lib/kalman_filter.o
 .debug_aranges
                0x00000338       0x90 ./Core/Src/lib/trajectory.o
 .debug_aranges
                0x000003c8       0x98 ./Core/Src/main.o
 .debug_aranges
                0x00000460       0x78 ./Core/Src/stm32g4xx_hal_msp.o
 .debug_aranges
                0x000004d8       0x78 ./Core/Src/stm32g4xx_it.o
 .debug_aranges
                0x00000550       0x28 ./Core/Src/system_stm32g4xx.o
 .debug_aranges
                0x00000578       0x28 ./Core/Startup/startup_stm32g474retx.o
 .debug_aranges
                0x000005a0      0x148 ./Drivers/STM32G4xx_HAL_Driver/Src/stm32g4xx_hal.o
 .debug_aranges
                0x000006e8      0x248 ./Drivers/STM32G4xx_HAL_Driver/Src/stm32g4xx_hal_adc.o
 .debug_aranges
                0x00000930      0x1c0 ./Drivers/STM32G4xx_HAL_Driver/Src/stm32g4xx_hal_adc_ex.o
 .debug_aranges
                0x00000af0      0x128 ./Drivers/STM32G4xx_HAL_Driver/Src/stm32g4xx_hal_cortex.o
 .debug_aranges
                0x00000c18       0x90 ./Drivers/STM32G4xx_HAL_Driver/Src/stm32g4xx_hal_dma.o
 .debug_aranges
                0x00000ca8      0x208 ./Drivers/STM32G4xx_HAL_Driver/Src/stm32g4xx_hal_fdcan.o
 .debug_aranges
                0x00000eb0       0x58 ./Drivers/STM32G4xx_HAL_Driver/Src/stm32g4xx_hal_gpio.o
 .debug_aranges
                0x00000f08      0x140 ./Drivers/STM32G4xx_HAL_Driver/Src/stm32g4xx_hal_pwr_ex.o