Archive member included to satisfy reference by file (symbol)

C:/ST/STM32CubeIDE_2.1.1/STM32CubeIDE/plugins/com.st.stm32cube.ide.mcu.externaltools.gnu-tools-for-stm32.14.3.rel1.win32_1.0.100.202602081740/tools/bin/../lib/gcc/arm-none-eabi/14.3.1/../../../../arm-none-eabi/lib/thumb/v7e-m+fp/hard\libc_nano.a(libc_a-exit.o)
                              C:/ST/STM32CubeIDE_2.1.1/STM32CubeIDE/plugins/com.st.stm32cube.ide.mcu.externaltools.gnu-tools-for-stm32.14.3.rel1.win32_1.0.100.202602081740/tools/bin/../lib/gcc/arm-none-eabi/14.3.1/../../../../arm-none-eabi/lib/thumb/v7e-m+fp/hard/crt0.o (exit)
C:/ST/STM32CubeIDE_2.1.1/STM32CubeIDE/plugins/com.st.stm32cube.ide.mcu.externaltools.gnu-tools-for-stm32.14.3.rel1.win32_1.0.100.202602081740/tools/bin/../lib/gcc/arm-none-eabi/14.3.1/../../../../arm-none-eabi/lib/thumb/v7e-m+fp/hard\libc_nano.a(libc_a-findfp.o)
                              C:/ST/STM32CubeIDE_2.1.1/STM32CubeIDE/plugins/com.st.stm32cube.ide.mcu.externaltools.gnu-tools-for-stm32.14.3.rel1.win32_1.0.100.202602081740/tools/bin/../lib/gcc/arm-none-eabi/14.3.1/../../../../arm-none-eabi/lib/thumb/v7e-m+fp/hard\libc_nano.a(libc_a-exit.o) (__stdio_exit_handler)
C:/ST/STM32CubeIDE_2.1.1/STM32CubeIDE/plugins/com.st.stm32cube.ide.mcu.externaltools.gnu-tools-for-stm32.14.3.rel1.win32_1.0.100.202602081740/tools/bin/../lib/gcc/arm-none-eabi/14.3.1/../../../../arm-none-eabi/lib/thumb/v7e-m+fp/hard\libc_nano.a(libc_a-fwalk.o)
                              C:/ST/STM32CubeIDE_2.1.1/STM32CubeIDE/plugins/com.st.stm32cube.ide.mcu.externaltools.gnu-tools-for-stm32.14.3.rel1.win32_1.0.100.202602081740/tools/bin/../lib/gcc/arm-none-eabi/14.3.1/../../../../arm-none-eabi/lib/thumb/v7e-m+fp/hard\libc_nano.a(libc_a-findfp.o) (_fwalk_sglue)
C:/ST/STM32CubeIDE_2.1.1/STM32CubeIDE/plugins/com.st.stm32cube.ide.mcu.externaltools.gnu-tools-for-stm32.14.3.rel1.win32_1.0.100.202602081740/tools/bin/../lib/gcc/arm-none-eabi/14.3.1/../../../../arm-none-eabi/lib/thumb/v7e-m+fp/hard\libc_nano.a(libc_a-stdio.o)
                              C:/ST/STM32CubeIDE_2.1.1/STM32CubeIDE/plugins/com.st.stm32cube.ide.mcu.externaltools.gnu-tools-for-stm32.14.3.rel1.win32_1.0.100.202602081740/tools/bin/../lib/gcc/arm-none-eabi/14.3.1/../../../../arm-none-eabi/lib/thumb/v7e-m+fp/hard\libc_nano.a(libc_a-findfp.o) (__sread)
C:/ST/STM32CubeIDE_2.1.1/STM32CubeIDE/plugins/com.st.stm32cube.ide.mcu.externaltools.gnu-tools-for-stm32.14.3.rel1.win32_1.0.100.202602081740/tools/bin/../lib/gcc/arm-none-eabi/14.3.1/../../../../arm-none-eabi/lib/thumb/v7e-m+fp/hard\libc_nano.a(libc_a-memcmp.o)
                              ./Core/Src/main.o (memcmp)
C:/ST/STM32CubeIDE_2.1.1/STM32CubeIDE/plugins/com.st.stm32cube.ide.mcu.externaltools.gnu-tools-for-stm32.14.3.rel1.win32_1.0.100.202602081740/tools/bin/../lib/gcc/arm-none-eabi/14.3.1/../../../../arm-none-eabi/lib/thumb/v7e-m+fp/hard\libc_nano.a(libc_a-memset.o)
                              C:/ST/STM32CubeIDE_2.1.1/STM32CubeIDE/plugins/com.st.stm32cube.ide.mcu.externaltools.gnu-tools-for-stm32.14.3.rel1.win32_1.0.100.202602081740/tools/bin/../lib/gcc/arm-none-eabi/14.3.1/../../../../arm-none-eabi/lib/thumb/v7e-m+fp/hard/crt0.o (memset)
C:/ST/STM32CubeIDE_2.1.1/STM32CubeIDE/plugins/com.st.stm32cube.ide.mcu.externaltools.gnu-tools-for-stm32.14.3.rel1.win32_1.0.100.202602081740/tools/bin/../lib/gcc/arm-none-eabi/14.3.1/../../../../arm-none-eabi/lib/thumb/v7e-m+fp/hard\libc_nano.a(libc_a-closer.o)
                              C:/ST/STM32CubeIDE_2.1.1/STM32CubeIDE/plugins/com.st.stm32cube.ide.mcu.externaltools.gnu-tools-for-stm32.14.3.rel1.win32_1.0.100.202602081740/tools/bin/../lib/gcc/arm-none-eabi/14.3.1/../../../../arm-none-eabi/lib/thumb/v7e-m+fp/hard\libc_nano.a(libc_a-stdio.o) (_close_r)
C:/ST/STM32CubeIDE_2.1.1/STM32CubeIDE/plugins/com.st.stm32cube.ide.mcu.externaltools.gnu-tools-for-stm32.14.3.rel1.win32_1.0.100.202602081740/tools/bin/../lib/gcc/arm-none-eabi/14.3.1/../../../../arm-none-eabi/lib/thumb/v7e-m+fp/hard\libc_nano.a(libc_a-reent.o)
                              C:/ST/STM32CubeIDE_2.1.1/STM32CubeIDE/plugins/com.st.stm32cube.ide.mcu.externaltools.gnu-tools-for-stm32.14.3.rel1.win32_1.0.100.202602081740/tools/bin/../lib/gcc/arm-none-eabi/14.3.1/../../../../arm-none-eabi/lib/thumb/v7e-m+fp/hard\libc_nano.a(libc_a-closer.o) (errno)
C:/ST/STM32CubeIDE_2.1.1/STM32CubeIDE/plugins/com.st.stm32cube.ide.mcu.externaltools.gnu-tools-for-stm32.14.3.rel1.win32_1.0.100.202602081740/tools/bin/../lib/gcc/arm-none-eabi/14.3.1/../../../../arm-none-eabi/lib/thumb/v7e-m+fp/hard\libc_nano.a(libc_a-impure.o)
                              C:/ST/STM32CubeIDE_2.1.1/STM32CubeIDE/plugins/com.st.stm32cube.ide.mcu.externaltools.gnu-tools-for-stm32.14.3.rel1.win32_1.0.100.202602081740/tools/bin/../lib/gcc/arm-none-eabi/14.3.1/../../../../arm-none-eabi/lib/thumb/v7e-m+fp/hard\libc_nano.a(libc_a-reent.o) (_impure_ptr)
[...]
Memory Configuration

Name             Origin             Length             Attributes
RAM              0x20000000         0x00020000         xrw
FLASH            0x08000000         0x00080000         xr
*default*        0x00000000         0xffffffff

Linker script and memory map

LOAD C:/ST/STM32CubeIDE_2.1.1/STM32CubeIDE/plugins/com.st.stm32cube.ide.mcu.externaltools.gnu-tools-for-stm32.14.3.rel1.win32_1.0.100.202602081740/tools/bin/../lib/gcc/arm-none-eabi/14.3.1/thumb/v7e-m+fp/hard/crti.o
LOAD C:/ST/STM32CubeIDE_2.1.1/STM32CubeIDE/plugins/com.st.stm32cube.ide.mcu.externaltools.gnu-tools-for-stm32.14.3.rel1.win32_1.0.100.202602081740/tools/bin/../lib/gcc/arm-none-eabi/14.3.1/thumb/v7e-m+fp/hard/crtbegin.o
LOAD C:/ST/STM32CubeIDE_2.1.1/STM32CubeIDE/plugins/com.st.stm32cube.ide.mcu.externaltools.gnu-tools-for-stm32.14.3.rel1.win32_1.0.100.202602081740/tools/bin/../lib/gcc/arm-none-eabi/14.3.1/../../../../arm-none-eabi/lib/thumb/v7e-m+fp/hard/crt0.o
LOAD ./Core/Src/app/auto_mission.o
LOAD ./Core/Src/app/dashboard.o
LOAD ./Core/Src/app/gripper.o
LOAD ./Core/Src/app/homing.o
LOAD ./Core/Src/app/joystick.o
LOAD ./Core/Src/app/test_mode.o
LOAD ./Core/Src/comm/base_system.o
LOAD ./Core/Src/lib/cascade_control.o
LOAD ./Core/Src/lib/encoder.o
LOAD ./Core/Src/lib/kalman_filter.o
LOAD ./Core/Src/lib/trajectory.o
LOAD ./Core/Src/main.o
LOAD ./Core/Src/stm32g4xx_hal_msp.o
LOAD ./Core/Src/stm32g4xx_it.o
LOAD ./Core/Src/syscalls.o
LOAD ./Core/Src/sysmem.o
LOAD ./Core/Src/system_stm32g4xx.o
LOAD ./Core/Startup/startup_stm32g474retx.o
LOAD ./Drivers/STM32G4xx_HAL_Driver/Src/stm32g4xx_hal.o
LOAD ./Drivers/STM32G4xx_HAL_Driver/Src/stm32g4xx_hal_adc.o
LOAD ./Drivers/STM32G4xx_HAL_Driver/Src/stm32g4xx_hal_adc_ex.o
LOAD ./Drivers/STM32G4xx_HAL_Driver/Src/stm32g4xx_hal_cortex.o
LOAD ./Drivers/STM32G4xx_HAL_Driver/Src/stm32g4xx_hal_dma.o
LOAD ./Drivers/STM32G4xx_HAL_Driver/Src/stm32g4xx_hal_dma_ex.o
LOAD ./Drivers/STM32G4xx_HAL_Driver/Src/stm32g4xx_hal_exti.o
LOAD ./Drivers/STM32G4xx_HAL_Driver/Src/stm32g4xx_hal_fdcan.o
LOAD ./Drivers/STM32G4xx_HAL_Driver/Src/stm32g4xx_hal_flash.o
LOAD ./Drivers/STM32G4xx_HAL_Driver/Src/stm32g4xx_hal_flash_ex.o
LOAD ./Drivers/STM32G4xx_HAL_Driver/Src/stm32g4xx_hal_flash_ramfunc.o
LOAD ./Drivers/STM32G4xx_HAL_Driver/Src/stm32g4xx_hal_gpio.o
LOAD ./Drivers/STM32G4xx_HAL_Driver/Src/stm32g4xx_hal_pwr.o
LOAD ./Drivers/STM32G4xx_HAL_Driver/Src/stm32g4xx_hal_pwr_ex.o
LOAD ./Drivers/STM32G4xx_HAL_Driver/Src/stm32g4xx_hal_rcc.o
LOAD ./Drivers/STM32G4xx_HAL_Driver/Src/stm32g4xx_hal_rcc_ex.o
LOAD ./Drivers/STM32G4xx_HAL_Driver/Src/stm32g4xx_hal_tim.o
LOAD ./Drivers/STM32G4xx_HAL_Driver/Src/stm32g4xx_hal_tim_ex.o
LOAD ./Drivers/STM32G4xx_HAL_Driver/Src/stm32g4xx_hal_uart.o
LOAD ./Drivers/STM32G4xx_HAL_Driver/Src/stm32g4xx_hal_uart_ex.o
LOAD ./Drivers/STM32G4xx_HAL_Driver/Src/stm32g4xx_ll_adc.o
START GROUP
LOAD C:/ST/STM32CubeIDE_2.1.1/STM32CubeIDE/plugins/com.st.stm32cube.ide.mcu.externaltools.gnu-tools-for-stm32.14.3.rel1.win32_1.0.100.202602081740/tools/bin/../lib/gcc/arm-none-eabi/14.3.1/../../../../arm-none-eabi/lib/thumb/v7e-m+fp/hard\libc_nano.a
LOAD C:/ST/STM32CubeIDE_2.1.1/STM32CubeIDE/plugins/com.st.stm32cube.ide.mcu.externaltools.gnu-tools-for-stm32.14.3.rel1.win32_1.0.100.202602081740/tools/bin/../lib/gcc/arm-none-eabi/14.3.1/../../../../arm-none-eabi/lib/thumb/v7e-m+fp/hard\libm.a
END GROUP
START GROUP
LOAD C:/ST/STM32CubeIDE_2.1.1/STM32CubeIDE/plugins/com.st.stm32cube.ide.mcu.externaltools.gnu-tools-for-stm32.14.3.rel1.win32_1.0.100.202602081740/tools/bin/../lib/gcc/arm-none-eabi/14.3.1/thumb/v7e-m+fp/hard\libgcc.a
LOAD C:/ST/STM32CubeIDE_2.1.1/STM32CubeIDE/plugins/com.st.stm32cube.ide.mcu.externaltools.gnu-tools-for-stm32.14.3.rel1.win32_1.0.100.202602081740/tools/bin/../lib/gcc/arm-none-eabi/14.3.1/../../../../arm-none-eabi/lib/thumb/v7e-m+fp/hard\libc_nano.a
END GROUP
START GROUP
LOAD C:/ST/STM32CubeIDE_2.1.1/STM32CubeIDE/plugins/com.st.stm32cube.ide.mcu.externaltools.gnu-tools-for-stm32.14.3.rel1.win32_1.0.100.202602081740/tools/bin/../lib/gcc/arm-none-eabi/14.3.1/thumb/v7e-m+fp/hard\libgcc.a
LOAD C:/ST/STM32CubeIDE_2.1.1/STM32CubeIDE/plugins/com.st.stm32cube.ide.mcu.externaltools.gnu-tools-for-stm32.14.3.rel1.win32_1.0.100.202602081740/tools/bin/../lib/gcc/arm-none-eabi/14.3.1/../../../../arm-none-eabi/lib/thumb/v7e-m+fp/hard\libc_nano.a
LOAD C:/ST/STM32CubeIDE_2.1.1/STM32CubeIDE/plugins/com.st.stm32cube.ide.mcu.externaltools.gnu-tools-for-stm32.14.3.rel1.win32_1.0.100.202602081740/tools/bin/../lib/gcc/arm-none-eabi/14.3.1/../../../../arm-none-eabi/lib/thumb/v7e-m+fp/hard\libnosys.a
END GROUP
START GROUP
LOAD C:/ST/STM32CubeIDE_2.1.1/STM32CubeIDE/plugins/com.st.stm32cube.ide.mcu.externaltools.gnu-tools-for-stm32.14.3.rel1.win32_1.0.100.202602081740/tools/bin/../lib/gcc/arm-none-eabi/14.3.1/thumb/v7e-m+fp/hard\libgcc.a
LOAD C:/ST/STM32CubeIDE_2.1.1/STM32CubeIDE/plugins/com.st.stm32cube.ide.mcu.externaltools.gnu-tools-for-stm32.14.3.rel1.win32_1.0.100.202602081740/tools/bin/../lib/gcc/arm-none-eabi/14.3.1/../../../../arm-none-eabi/lib/thumb/v7e-m+fp/hard\libc_nano.a
LOAD C:/ST/STM32CubeIDE_2.1.1/STM32CubeIDE/plugins/com.st.stm32cube.ide.mcu.externaltools.gnu-tools-for-stm32.14.3.rel1.win32_1.0.100.202602081740/tools/bin/../lib/gcc/arm-none-eabi/14.3.1/../../../../arm-none-eabi/lib/thumb/v7e-m+fp/hard\libnosys.a
END GROUP
LOAD C:/ST/STM32CubeIDE_2.1.1/STM32CubeIDE/plugins/com.st.stm32cube.ide.mcu.externaltools.gnu-tools-for-stm32.14.3.rel1.win32_1.0.100.202602081740/tools/bin/../lib/gcc/arm-none-eabi/14.3.1/thumb/v7e-m+fp/hard/crtend.o
LOAD C:/ST/STM32CubeIDE_2.1.1/STM32CubeIDE/plugins/com.st.stm32cube.ide.mcu.externaltools.gnu-tools-for-stm32.14.3.rel1.win32_1.0.100.202602081740/tools/bin/../lib/gcc/arm-none-eabi/14.3.1/thumb/v7e-m+fp/hard/crtn.o
                0x20020000                        _estack = (ORIGIN (RAM) + LENGTH (RAM))
                0x00000200                        _Min_Heap_Size = 0x200
                0x00000400                        _Min_Stack_Size = 0x400

.isr_vector     0x08000000      0x1d8
                0x08000000                        . = ALIGN (0x4)
 *(.isr_vector)
 .isr_vector    0x08000000      0x1d8 ./Core/Startup/startup_stm32g474retx.o
                0x08000000                g_pfnVectors
                0x080001d8                        . = ALIGN (0x4)

.text           0x080001d8     0xe218
                0x080001d8                        . = ALIGN (0x4)
 *(.text)
 .text          0x080001d8       0x40 C:/ST/STM32CubeIDE_2.1.1/STM32CubeIDE/plugins/com.st.stm32cube.ide.mcu.externaltools.gnu-tools-for-stm32.14.3.rel1.win32_1.0.100.202602081740/tools/bin/../lib/gcc/arm-none-eabi/14.3.1/thumb/v7e-m+fp/hard/crtbegin.o
 .text          0x08000218       0x30 C:/ST/STM32CubeIDE_2.1.1/STM32CubeIDE/plugins/com.st.stm32cube.ide.mcu.externaltools.gnu-tools-for-stm32.14.3.rel1.win32_1.0.100.202602081740/tools/bin/../lib/gcc/arm-none-eabi/14.3.1/thumb/v7e-m+fp/hard\libgcc.a(_aeabi_uldivmod.o)
                0x08000218                __aeabi_uldivmod
 .text          0x08000248      0x2f8 C:/ST/STM32CubeIDE_2.1.1/STM32CubeIDE/plugins/com.st.stm32cube.ide.mcu.externaltools.gnu-tools-for-stm32.14.3.rel1.win32_1.0.100.202602081740/tools/bin/../lib/gcc/arm-none-eabi/14.3.1/thumb/v7e-m+fp/hard\libgcc.a(_udivmoddi4.o)
                0x08000248                __udivmoddi4
 .text          0x08000540        0x4 C:/ST/STM32CubeIDE_2.1.1/STM32CubeIDE/plugins/com.st.stm32cube.ide.mcu.externaltools.gnu-tools-for-stm32.14.3.rel1.win32_1.0.100.202602081740/tools/bin/../lib/gcc/arm-none-eabi/14.3.1/thumb/v7e-m+fp/hard\libgcc.a(_dvmd_tls.o)
                0x08000540                __aeabi_idiv0
                0x08000540                __aeabi_ldiv0
 *(.text*)
 .text._index_to_rad
                0x08000544       0x5c ./Core/Src/app/auto_mission.o
 .text._write_telemetry
                0x080005a0       0xb8 ./Core/Src/app/auto_mission.o
 .text._set_state
                0x08000658       0x20 ./Core/Src/app/auto_mission.o
 .text._load_sequence
                0x08000678       0xa8 ./Core/Src/app/auto_mission.o
 .text.AutoMission_Init
                0x08000720       0x5c ./Core/Src/app/auto_mission.o
                0x08000720                AutoMission_Init
 .text.AutoMission_Reset
                0x0800077c       0x7c ./Core/Src/app/auto_mission.o
                0x0800077c                AutoMission_Reset
 .text.AutoMission_StartAuto
                0x080007f8      0x130 ./Core/Src/app/auto_mission.o
                0x080007f8                AutoMission_StartAuto
 .text.AutoMission_StartJog
                0x08000928        0xe ./Core/Src/app/auto_mission.o
                0x08000928                AutoMission_StartJog
 *fill*         0x08000936        0x2 
 .text.AutoMission_GoHome
                0x08000938       0x40 ./Core/Src/app/auto_mission.o
                0x08000938                AutoMission_GoHome
 .text.AutoMission_Update
                0x08000978      0x45c ./Core/Src/app/auto_mission.o
                0x08000978                AutoMission_Update
 .text.Dashboard_Init
                0x08000dd4       0xb0 ./Core/Src/app/dashboard.o
                0x08000dd4                Dashboard_Init
 .text._dash_stop_motor
                0x08000e84      0x16c ./Core/Src/app/dashboard.o
 .text.Dashboard_Update
                0x08000ff0      0x55c ./Core/Src/app/dashboard.o
                0x08000ff0                Dashboard_Update
 .text.Gripper_SetArm
                0x0800154c       0x2c ./Core/Src/app/gripper.o
                0x0800154c                Gripper_SetArm
 .text.Gripper_ArmDown
                0x08001578       0x18 ./Core/Src/app/gripper.o
                0x08001578                Gripper_ArmDown
 .text.Gripper_ArmUp
                0x08001590       0x18 ./Core/Src/app/gripper.o
                0x08001590                Gripper_ArmUp
 .text.Gripper_JawClose
                0x080015a8       0x18 ./Core/Src/app/gripper.o
                0x080015a8                Gripper_JawClose
 .text.Gripper_JawOpen
                0x080015c0       0x18 ./Core/Src/app/gripper.o
                0x080015c0                Gripper_JawOpen
 .text.Gripper_ReedUp
                0x080015d8       0x20 ./Core/Src/app/gripper.o
                0x080015d8                Gripper_ReedUp
 .text.Gripper_ReedDown
                0x080015f8       0x20 ./Core/Src/app/gripper.o
                0x080015f8                Gripper_ReedDown
 .text.Gripper_ReedOpen
                0x08001618       0x20 ./Core/Src/app/gripper.o
                0x08001618                Gripper_ReedOpen
 .text.Gripper_ReedClose
                0x08001638       0x24 ./Core/Src/app/gripper.o
                0x08001638                Gripper_ReedClose
 .text._update_reed_reg
                0x0800165c       0x68 ./Core/Src/app/gripper.o
 .text.Gripper_Init
                0x080016c4       0x54 ./Core/Src/app/gripper.o
                0x080016c4                Gripper_Init
 .text.Gripper_Pick
                0x08001718       0x40 ./Core/Src/app/gripper.o
                0x08001718                Gripper_Pick
 .text.Gripper_Place
                0x08001758       0x40 ./Core/Src/app/gripper.o
                0x08001758                Gripper_Place
 .text.Gripper_IsDone
                0x08001798       0x28 ./Core/Src/app/gripper.o
                0x08001798                Gripper_IsDone
 .text.Gripper_Abort
                0x080017c0       0x34 ./Core/Src/app/gripper.o
                0x080017c0                Gripper_Abort
 .text.Gripper_Update
                0x080017f4      0x1f0 ./Core/Src/app/gripper.o
                0x080017f4                Gripper_Update
 .text.raw_drive
                0x080019e4       0x34 ./Core/Src/app/homing.o
 .text.raw_drive_opposite
                0x08001a18       0x3c ./Core/Src/app/homing.o
 .text.raw_stop
                0x08001a54       0x1c ./Core/Src/app/homing.o
 .text.zero_encoder
                0x08001a70       0x3c ./Core/Src/app/homing.o
 .text.homing_fail_recover
                0x08001aac       0x3c ./Core/Src/app/homing.o
 .text.Homing_Init
                0x08001ae8       0x44 ./Core/Src/app/homing.o
                0x08001ae8                Homing_Init
 .text.Homing_Start
                0x08001b2c       0x70 ./Core/Src/app/homing.o
                0x08001b2c                Homing_Start
 .text.Homing_Update
                0x08001b9c      0x3bc ./Core/Src/app/homing.o
                0x08001b9c                Homing_Update
 .text.Homing_SetHome
                0x08001f58        0xc ./Core/Src/app/homing.o
                0x08001f58                Homing_SetHome
 .text.ADC2_JoyInit
                0x08001f64       0xb8 ./Core/Src/app/joystick.o
 .text.ADC2_ReadJoyX
                0x0800201c       0x44 ./Core/Src/app/joystick.o
 .text.buttons_update
                0x08002060      0x138 ./Core/Src/app/joystick.o
 .text.Joystick_Init
                0x08002198       0xb8 ./Core/Src/app/joystick.o
                0x08002198                Joystick_Init
 .text.Joystick_Update
                0x08002250      0x374 ./Core/Src/app/joystick.o
                0x08002250                Joystick_Update
 .text._tm_telemetry
                0x080025c4       0xb8 ./Core/Src/app/test_mode.o
 .text._tm_start_move
                0x0800267c       0xd4 ./Core/Src/app/test_mode.o
 .text.TestMode_Init
                0x08002750       0x28 ./Core/Src/app/test_mode.o
                0x08002750                TestMode_Init
 .text.TestMode_Reset
                0x08002778       0x48 ./Core/Src/app/test_mode.o
                0x08002778                TestMode_Reset
 .text.TestMode_Start
                0x080027c0      0x1c8 ./Core/Src/app/test_mode.o
                0x080027c0                TestMode_Start
 .text.TestMode_Update
                0x08002988      0x268 ./Core/Src/app/test_mode.o
                0x08002988                TestMode_Update
 .text.Heartbeat_Init
                0x08002bf0       0x2c ./Core/Src/comm/base_system.o
                0x08002bf0                Heartbeat_Init
 .text.Heartbeat_Update
                0x08002c1c       0x84 ./Core/Src/comm/base_system.o
                0x08002c1c                Heartbeat_Update
 .text.Modbus_CRC16
                0x08002ca0       0x7c ./Core/Src/comm/base_system.o
 .text.Modbus_Parse_Frame
                0x08002d1c      0x330 ./Core/Src/comm/base_system.o
                0x08002d1c                Modbus_Parse_Frame
 .text.calculate_pid
                0x0800304c      0x17c ./Core/Src/lib/cascade_control.o
 .text.Motor_Drive
                0x080031c8       0xa4 ./Core/Src/lib/cascade_control.o
 .text.Cascade_Control_Init
                0x0800326c       0x58 ./Core/Src/lib/cascade_control.o
                0x0800326c                Cascade_Control_Init
 .text.Cascade_Flush_VelIntegral
                0x080032c4       0x24 ./Core/Src/lib/cascade_control.o
                0x080032c4                Cascade_Flush_VelIntegral
 .text.Cascade_Control_Reset
                0x080032e8       0xcc ./Core/Src/lib/cascade_control.o
                0x080032e8                Cascade_Control_Reset
 .text.Cascade_Control_Update
                0x080033b4       0x2c ./Core/Src/lib/cascade_control.o
                0x080033b4                Cascade_Control_Update
 .text.Cascade_Control_Update_FF
                0x080033e0      0x5a4 ./Core/Src/lib/cascade_control.o
                0x080033e0                Cascade_Control_Update_FF
 .text.Encoder_Init
                0x08003984       0x38 ./Core/Src/lib/encoder.o
                0x08003984                Encoder_Init
 .text.Encoder_Update
                0x080039bc       0xb0 ./Core/Src/lib/encoder.o
                0x080039bc                Encoder_Update
 .text.Encoder_GetPositionRad
                0x08003a6c       0x1e ./Core/Src/lib/encoder.o
                0x08003a6c                Encoder_GetPositionRad
 .text.Encoder_GetPositionDeg
                0x08003a8a       0x1e ./Core/Src/lib/encoder.o
                0x08003a8a                Encoder_GetPositionDeg
 .text.mat4_mul
                0x08003aa8       0xda ./Core/Src/lib/kalman_filter.o
 .text.mat4_mul_BT
                0x08003b82       0xba ./Core/Src/lib/kalman_filter.o
 .text.KF_Init  0x08003c3c      0x1ec ./Core/Src/lib/kalman_filter.o
                0x08003c3c                KF_Init
 .text.KF_Reset
                0x08003e28       0x88 ./Core/Src/lib/kalman_filter.o
                0x08003e28                KF_Reset
 .text.KF_Update
                0x08003eb0      0x8bc ./Core/Src/lib/kalman_filter.o
                0x08003eb0                KF_Update
 .text.Trapz_Init
                0x0800476c       0x1c ./Core/Src/lib/trajectory.o
                0x0800476c                Trapz_Init
 .text.Trapz_MoveTo
                0x08004788      0x144 ./Core/Src/lib/trajectory.o
                0x08004788                Trapz_MoveTo
 .text.Trapz_MoveToFull
                0x080048cc      0x178 ./Core/Src/lib/trajectory.o
                0x080048cc                Trapz_MoveToFull
 .text.Trapz_Update
                0x08004a44      0x290 ./Core/Src/lib/trajectory.o
                0x08004a44                Trapz_Update
 .text.SCurve_Init
                0x08004cd4       0x52 ./Core/Src/lib/trajectory.o
                0x08004cd4                SCurve_Init
 .text.Septic_Init
                0x08004d26       0x42 ./Core/Src/lib/trajectory.o
                0x08004d26                Septic_Init
 .text.Septic_MoveTo
                0x08004d68      0x10c ./Core/Src/lib/trajectory.o
                0x08004d68                Septic_MoveTo
 .text.Septic_Update
                0x08004e74      0x2d0 ./Core/Src/lib/trajectory.o
                0x08004e74                Septic_Update
 .text.TempSensor_Init
                0x08005144      0x15c ./Core/Src/main.o
 .text.TempSensor_Update
                0x080052a0       0x70 ./Core/Src/main.o
 .text.HAL_UARTEx_RxEventCallback
                0x08005310      0x11c ./Core/Src/main.o
                0x08005310                HAL_UARTEx_RxEventCallback
 .text.HAL_UART_ErrorCallback
                0x0800542c       0x48 ./Core/Src/main.o
                0x0800542c                HAL_UART_ErrorCallback
 .text.main     0x08005474      0x128 ./Core/Src/main.o
                0x08005474                main
 .text.SystemClock_Config
                0x0800559c       0x96 ./Core/Src/main.o
                0x0800559c                SystemClock_Config
 *fill*         0x08005632        0x2 
 .text.MX_ADC1_Init
                0x08005634       0xf0 ./Core/Src/main.o
 .text.MX_FDCAN1_Init
                0x08005724       0x8c ./Core/Src/main.o
 .text.MX_TIM1_Init
                0x080057b0      0x160 ./Core/Src/main.o
 .text.MX_TIM2_Init
                0x08005910       0xa8 ./Core/Src/main.o
 .text.MX_TIM6_Init
                0x080059b8       0x6c ./Core/Src/main.o
 .text.MX_USART2_UART_Init
                0x08005a24       0x9c ./Core/Src/main.o
 .text.MX_GPIO_Init
                0x08005ac0      0x150 ./Core/Src/main.o
 .text.HAL_GPIO_EXTI_Callback
                0x08005c10       0xf0 ./Core/Src/main.o
                0x08005c10                HAL_GPIO_EXTI_Callback
 .text.HAL_TIM_PeriodElapsedCallback
                0x08005d00      0x444 ./Core/Src/main.o
                0x08005d00                HAL_TIM_PeriodElapsedCallback
 .text.Error_Handler
                0x08006144        0xc ./Core/Src/main.o
                0x08006144                Error_Handler
 .text.HAL_MspInit
                0x08006150       0x48 ./Core/Src/stm32g4xx_hal_msp.o
                0x08006150                HAL_MspInit
 .text.HAL_ADC_MspInit
                0x08006198       0xa8 ./Core/Src/stm32g4xx_hal_msp.o
                0x08006198                HAL_ADC_MspInit
 .text.HAL_FDCAN_MspInit
                0x08006240       0xb4 ./Core/Src/stm32g4xx_hal_msp.o
                0x08006240                HAL_FDCAN_MspInit
 .text.HAL_TIM_Base_MspInit
                0x080062f4       0x74 ./Core/Src/stm32g4xx_hal_msp.o
                0x080062f4                HAL_TIM_Base_MspInit
 .text.HAL_TIM_Encoder_MspInit
                0x08006368       0x80 ./Core/Src/stm32g4xx_hal_msp.o
                0x08006368                HAL_TIM_Encoder_MspInit
 .text.HAL_TIM_MspPostInit
                0x080063e8       0x70 ./Core/Src/stm32g4xx_hal_msp.o
                0x080063e8                HAL_TIM_MspPostInit
 .text.HAL_UART_MspInit
                0x08006458       0xc0 ./Core/Src/stm32g4xx_hal_msp.o
                0x08006458                HAL_UART_MspInit
 .text.NMI_Handler
                0x08006518        0x8 ./Core/Src/stm32g4xx_it.o
                0x08006518                NMI_Handler
 .text.HardFault_Handler
                0x08006520        0x8 ./Core/Src/stm32g4xx_it.o
                0x08006520                HardFault_Handler
 .text.MemManage_Handler
                0x08006528        0x8 ./Core/Src/stm32g4xx_it.o
                0x08006528                MemManage_Handler
 .text.BusFault_Handler
                0x08006530        0x8 ./Core/Src/stm32g4xx_it.o
                0x08006530                BusFault_Handler
 .text.UsageFault_Handler
                0x08006538        0x8 ./Core/Src/stm32g4xx_it.o
                0x08006538                UsageFault_Handler
 .text.SVC_Handler
                0x08006540        0xe ./Core/Src/stm32g4xx_it.o
                0x08006540                SVC_Handler
 .text.DebugMon_Handler
                0x0800654e        0xe ./Core/Src/stm32g4xx_it.o
                0x0800654e                DebugMon_Handler
 .text.PendSV_Handler
                0x0800655c        0xe ./Core/Src/stm32g4xx_it.o
                0x0800655c                PendSV_Handler
 .text.SysTick_Handler
                0x0800656a        0xc ./Core/Src/stm32g4xx_it.o
                0x0800656a                SysTick_Handler
 *fill*         0x08006576        0x2 
 .text.USART2_IRQHandler
                0x08006578       0x14 ./Core/Src/stm32g4xx_it.o
                0x08006578                USART2_IRQHandler
 .text.EXTI15_10_IRQHandler
                0x0800658c       0x10 ./Core/Src/stm32g4xx_it.o
                0x0800658c                EXTI15_10_IRQHandler
 .text.TIM6_DAC_IRQHandler
                0x0800659c       0x14 ./Core/Src/stm32g4xx_it.o
                0x0800659c                TIM6_DAC_IRQHandler
 .text.SystemInit
                0x080065b0       0x24 ./Core/Src/system_stm32g4xx.o
                0x080065b0                SystemInit
 .text.Reset_Handler
                0x080065d4       0x50 ./Core/Startup/startup_stm32g474retx.o
                0x080065d4                Reset_Handler
 .text.Default_Handler
                0x08006624        0x2 ./Core/Startup/startup_stm32g474retx.o
                0x08006624                RTC_Alarm_IRQHandler
                0x08006624                EXTI2_IRQHandler
                0x08006624                TIM8_TRG_COM_IRQHandler
                0x08006624                TIM8_CC_IRQHandler
                0x08006624                HRTIM1_Master_IRQHandler
                0x08006624                SPI4_IRQHandler
                0x08006624                FDCAN3_IT0_IRQHandler
                0x08006624                TIM1_CC_IRQHandler
                0x08006624                HRTIM1_FLT_IRQHandler
                0x08006624                HRTIM1_TIMF_IRQHandler
                0x08006624                USB_HP_IRQHandler
                0x08006624                CORDIC_IRQHandler
                0x08006624                HRTIM1_TIMD_IRQHandler
                0x08006624                DMA2_Channel8_IRQHandler
                0x08006624                EXTI3_IRQHandler
                0x08006624                I2C3_ER_IRQHandler
                0x08006624                EXTI0_IRQHandler
                0x08006624                I2C2_EV_IRQHandler
                0x08006624                FPU_IRQHandler
                0x08006624                FDCAN1_IT1_IRQHandler
                0x08006624                TIM1_UP_TIM16_IRQHandler
                0x08006624                ADC1_2_IRQHandler
                0x08006624                HRTIM1_TIME_IRQHandler
                0x08006624                SPI1_IRQHandler
                0x08006624                HRTIM1_TIMC_IRQHandler
                0x08006624                TIM8_UP_IRQHandler
                0x08006624                DMA2_Channel2_IRQHandler
                0x08006624                DMA1_Channel4_IRQHandler
                0x08006624                TIM20_TRG_COM_IRQHandler
                0x08006624                USART3_IRQHandler
                0x08006624                DMA1_Channel7_IRQHandler
                0x08006624                UART5_IRQHandler
                0x08006624                ADC3_IRQHandler
                0x08006624                TIM4_IRQHandler
                0x08006624                DMA2_Channel1_IRQHandler
                0x08006624                QUADSPI_IRQHandler
                0x08006624                I2C1_EV_IRQHandler
                0x08006624                DMA1_Channel6_IRQHandler
                0x08006624                UART4_IRQHandler
                0x08006624                DMA2_Channel4_IRQHandler
                0x08006624                TIM3_IRQHandler
                0x08006624                RCC_IRQHandler
                0x08006624                TIM20_UP_IRQHandler
                0x08006624                DMA1_Channel1_IRQHandler
                0x08006624                Default_Handler
                0x08006624                DMA2_Channel7_IRQHandler
                0x08006624                RTC_TAMP_LSECSS_IRQHandler
                0x08006624                FMAC_IRQHandler
                0x08006624                DMA1_Channel8_IRQHandler
                0x08006624                HRTIM1_TIMA_IRQHandler
                0x08006624                TIM7_DAC_IRQHandler
                0x08006624                FDCAN3_IT1_IRQHandler
                0x08006624                TIM5_IRQHandler
                0x08006624                UCPD1_IRQHandler
                0x08006624                I2C3_EV_IRQHandler
                0x08006624                EXTI9_5_IRQHandler
                0x08006624                RTC_WKUP_IRQHandler
                0x08006624                PVD_PVM_IRQHandler
                0x08006624                SPI2_IRQHandler
                0x08006624                ADC5_IRQHandler
                0x08006624                DMA2_Channel5_IRQHandler
                0x08006624                CRS_IRQHandler
                0x08006624                DMA1_Channel5_IRQHandler
                0x08006624                USB_LP_IRQHandler
                0x08006624                EXTI4_IRQHandler
                0x08006624                RNG_IRQHandler
                0x08006624                HRTIM1_TIMB_IRQHandler
                0x08006624                TIM1_TRG_COM_TIM17_IRQHandler
                0x08006624                FDCAN2_IT1_IRQHandler
                0x08006624                DMA1_Channel3_IRQHandler
                0x08006624                ADC4_IRQHandler
                0x08006624                WWDG_IRQHandler
                0x08006624                I2C4_EV_IRQHandler
                0x08006624                FDCAN2_IT0_IRQHandler
                0x08006624                LPUART1_IRQHandler
                0x08006624                DMA2_Channel6_IRQHandler
                0x08006624                FDCAN1_IT0_IRQHandler
                0x08006624                TIM2_IRQHandler
                0x08006624                COMP7_IRQHandler
                0x08006624                COMP1_2_3_IRQHandler
                0x08006624                EXTI1_IRQHandler
                0x08006624                COMP4_5_6_IRQHandler
                0x08006624                TIM20_BRK_IRQHandler
                0x08006624                I2C2_ER_IRQHandler
                0x08006624                DMA1_Channel2_IRQHandler
                0x08006624                TIM8_BRK_IRQHandler
                0x08006624                FLASH_IRQHandler
                0x08006624                TIM20_CC_IRQHandler
                0x08006624                USART1_IRQHandler
                0x08006624                SPI3_IRQHandler
                0x08006624                I2C1_ER_IRQHandler
                0x08006624                FMC_IRQHandler
                0x08006624                LPTIM1_IRQHandler
                0x08006624                DMAMUX_OVR_IRQHandler
                0x08006624                I2C4_ER_IRQHandler
                0x08006624                USBWakeUp_IRQHandler
                0x08006624                SAI1_IRQHandler
                0x08006624                DMA2_Channel3_IRQHandler
                0x08006624                TIM1_BRK_TIM15_IRQHandler
 .text.HAL_Init
                0x08006626       0x30 ./Drivers/STM32G4xx_HAL_Driver/Src/stm32g4xx_hal.o
                0x08006626                HAL_Init
 *fill*         0x08006656        0x2 
 .text.HAL_InitTick
                0x08006658       0x74 ./Drivers/STM32G4xx_HAL_Driver/Src/stm32g4xx_hal.o
                0x08006658                HAL_InitTick
 .text.HAL_IncTick
                0x080066cc       0x24 ./Drivers/STM32G4xx_HAL_Driver/Src/stm32g4xx_hal.o
                0x080066cc                HAL_IncTick
 .text.HAL_GetTick
                0x080066f0       0x18 ./Drivers/STM32G4xx_HAL_Driver/Src/stm32g4xx_hal.o
                0x080066f0                HAL_GetTick
 .text.LL_ADC_SetCommonClock
                0x08006708       0x26 ./Drivers/STM32G4xx_HAL_Driver/Src/stm32g4xx_hal_adc.o
 .text.LL_ADC_SetCommonPathInternalCh
                0x0800672e       0x26 ./Drivers/STM32G4xx_HAL_Driver/Src/stm32g4xx_hal_adc.o
 .text.LL_ADC_GetCommonPathInternalCh
                0x08006754       0x1c ./Drivers/STM32G4xx_HAL_Driver/Src/stm32g4xx_hal_adc.o
 .text.LL_ADC_SetOffset
                0x08006770       0x48 ./Drivers/STM32G4xx_HAL_Driver/Src/stm32g4xx_hal_adc.o
 .text.LL_ADC_GetOffsetChannel
                0x080067b8       0x2c ./Drivers/STM32G4xx_HAL_Driver/Src/stm32g4xx_hal_adc.o
 .text.LL_ADC_SetOffsetState
                0x080067e4       0x36 ./Drivers/STM32G4xx_HAL_Driver/Src/stm32g4xx_hal_adc.o
 .text.LL_ADC_SetOffsetSign
                0x0800681a       0x36 ./Drivers/STM32G4xx_HAL_Driver/Src/stm32g4xx_hal_adc.o
 .text.LL_ADC_SetOffsetSaturation
                0x08006850       0x36 ./Drivers/STM32G4xx_HAL_Driver/Src/stm32g4xx_hal_adc.o
 .text.LL_ADC_SetSamplingTimeCommonConfig
                0x08006886       0x26 ./Drivers/STM32G4xx_HAL_Driver/Src/stm32g4xx_hal_adc.o
 .text.LL_ADC_REG_SetSequencerRanks
                0x080068ac       0x58 ./Drivers/STM32G4xx_HAL_Driver/Src/stm32g4xx_hal_adc.o
 .text.LL_ADC_SetChannelSamplingTime
                0x08006904       0x56 ./Drivers/STM32G4xx_HAL_Driver/Src/stm32g4xx_hal_adc.o
 *fill*         0x0800695a        0x2 
 .text.LL_ADC_SetChannelSingleDiff
                0x0800695c       0x48 ./Drivers/STM32G4xx_HAL_Driver/Src/stm32g4xx_hal_adc.o
 .text.LL_ADC_DisableDeepPowerDown
                0x080069a4       0x24 ./Drivers/STM32G4xx_HAL_Driver/Src/stm32g4xx_hal_adc.o
 .text.LL_ADC_IsDeepPowerDownEnabled
                0x080069c8       0x28 ./Drivers/STM32G4xx_HAL_Driver/Src/stm32g4xx_hal_adc.o
 .text.LL_ADC_EnableInternalRegulator
                0x080069f0       0x28 ./Drivers/STM32G4xx_HAL_Driver/Src/stm32g4xx_hal_adc.o
 .text.LL_ADC_IsInternalRegulatorEnabled
                0x08006a18       0x28 ./Drivers/STM32G4xx_HAL_Driver/Src/stm32g4xx_hal_adc.o
 .text.LL_ADC_IsEnabled
                0x08006a40       0x26 ./Drivers/STM32G4xx_HAL_Driver/Src/stm32g4xx_hal_adc.o
 .text.LL_ADC_REG_IsConversionOngoing
                0x08006a66       0x26 ./Drivers/STM32G4xx_HAL_Driver/Src/stm32g4xx_hal_adc.o
 .text.LL_ADC_INJ_IsConversionOngoing
                0x08006a8c       0x26 ./Drivers/STM32G4xx_HAL_Driver/Src/stm32g4xx_hal_adc.o
 *fill*         0x08006ab2        0x2 
 .text.HAL_ADC_Init
                0x08006ab4      0x378 ./Drivers/STM32G4xx_HAL_Driver/Src/stm32g4xx_hal_adc.o
                0x08006ab4                HAL_ADC_Init
 .text.HAL_ADC_ConfigChannel
                0x08006e2c      0x880 ./Drivers/STM32G4xx_HAL_Driver/Src/stm32g4xx_hal_adc.o
                0x08006e2c                HAL_ADC_ConfigChannel
 .text.LL_ADC_IsEnabled
                0x080076ac       0x26 ./Drivers/STM32G4xx_HAL_Driver/Src/stm32g4xx_hal_adc_ex.o
 .text.LL_ADC_REG_IsConversionOngoing
                0x080076d2       0x26 ./Drivers/STM32G4xx_HAL_Driver/Src/stm32g4xx_hal_adc_ex.o
 .text.HAL_ADCEx_MultiModeConfigChannel
                0x080076f8      0x210 ./Drivers/STM32G4xx_HAL_Driver/Src/stm32g4xx_hal_adc_ex.o
                0x080076f8                HAL_ADCEx_MultiModeConfigChannel
 .text.__NVIC_SetPriorityGrouping
                0x08007908       0x48 ./Drivers/STM32G4xx_HAL_Driver/Src/stm32g4xx_hal_cortex.o
 .text.__NVIC_GetPriorityGrouping
                0x08007950       0x1c ./Drivers/STM32G4xx_HAL_Driver/Src/stm32g4xx_hal_cortex.o
 .text.__NVIC_EnableIRQ
                0x0800796c       0x3c ./Drivers/STM32G4xx_HAL_Driver/Src/stm32g4xx_hal_cortex.o
 .text.__NVIC_SetPriority
                0x080079a8       0x54 ./Drivers/STM32G4xx_HAL_Driver/Src/stm32g4xx_hal_cortex.o
 .text.NVIC_EncodePriority
                0x080079fc       0x66 ./Drivers/STM32G4xx_HAL_Driver/Src/stm32g4xx_hal_cortex.o
 *fill*         0x08007a62        0x2 
 .text.SysTick_Config
                0x08007a64       0x44 ./Drivers/STM32G4xx_HAL_Driver/Src/stm32g4xx_hal_cortex.o
 .text.HAL_NVIC_SetPriorityGrouping
                0x08007aa8       0x16 ./Drivers/STM32G4xx_HAL_Driver/Src/stm32g4xx_hal_cortex.o
                0x08007aa8                HAL_NVIC_SetPriorityGrouping
 .text.HAL_NVIC_SetPriority
                0x08007abe       0x34 ./Drivers/STM32G4xx_HAL_Driver/Src/stm32g4xx_hal_cortex.o
                0x08007abe                HAL_NVIC_SetPriority
 .text.HAL_NVIC_EnableIRQ
                0x08007af2       0x1c ./Drivers/STM32G4xx_HAL_Driver/Src/stm32g4xx_hal_cortex.o
                0x08007af2                HAL_NVIC_EnableIRQ
 .text.HAL_SYSTICK_Config
                0x08007b0e       0x18 ./Drivers/STM32G4xx_HAL_Driver/Src/stm32g4xx_hal_cortex.o
                0x08007b0e                HAL_SYSTICK_Config
 .text.HAL_DMA_Abort
                0x08007b26       0xbc ./Drivers/STM32G4xx_HAL_Driver/Src/stm32g4xx_hal_dma.o
                0x08007b26                HAL_DMA_Abort
 .text.HAL_DMA_Abort_IT
                0x08007be2       0xce ./Drivers/STM32G4xx_HAL_Driver/Src/stm32g4xx_hal_dma.o
                0x08007be2                HAL_DMA_Abort_IT
 .text.HAL_DMA_GetError
                0x08007cb0       0x18 ./Drivers/STM32G4xx_HAL_Driver/Src/stm32g4xx_hal_dma.o
                0x08007cb0                HAL_DMA_GetError
 .text.HAL_FDCAN_Init
                0x08007cc8      0x2b4 ./Drivers/STM32G4xx_HAL_Driver/Src/stm32g4xx_hal_fdcan.o
                0x08007cc8                HAL_FDCAN_Init
 .text.FDCAN_CalcultateRamBlockAddresses
                0x08007f7c       0xd8 ./Drivers/STM32G4xx_HAL_Driver/Src/stm32g4xx_hal_fdcan.o
 .text.HAL_GPIO_Init
                0x08008054      0x318 ./Drivers/STM32G4xx_HAL_Driver/Src/stm32g4xx_hal_gpio.o
                0x08008054                HAL_GPIO_Init
 .text.HAL_GPIO_ReadPin
                0x0800836c       0x30 ./Drivers/STM32G4xx_HAL_Driver/Src/stm32g4xx_hal_gpio.o
                0x0800836c                HAL_GPIO_ReadPin
 .text.HAL_GPIO_WritePin
                0x0800839c       0x30 ./Drivers/STM32G4xx_HAL_Driver/Src/stm32g4xx_hal_gpio.o
                0x0800839c                HAL_GPIO_WritePin
 .text.HAL_GPIO_EXTI_IRQHandler
                0x080083cc       0x30 ./Drivers/STM32G4xx_HAL_Driver/Src/stm32g4xx_hal_gpio.o
                0x080083cc                HAL_GPIO_EXTI_IRQHandler
 .text.HAL_PWREx_ControlVoltageScaling
                0x080083fc      0x148 ./Drivers/STM32G4xx_HAL_Driver/Src/stm32g4xx_hal_pwr_ex.o
                0x080083fc                HAL_PWREx_ControlVoltageScaling
 .text.HAL_PWREx_DisableUCPDDeadBattery
                0x08008544       0x20 ./Drivers/STM32G4xx_HAL_Driver/Src/stm32g4xx_hal_pwr_ex.o
                0x08008544                HAL_PWREx_DisableUCPDDeadBattery
 .text.HAL_RCC_OscConfig
                0x08008564      0x624 ./Drivers/STM32G4xx_HAL_Driver/Src/stm32g4xx_hal_rcc.o
                0x08008564                HAL_RCC_OscConfig
 .text.HAL_RCC_ClockConfig
                0x08008b88      0x278 ./Drivers/STM32G4xx_HAL_Driver/Src/stm32g4xx_hal_rcc.o
                0x08008b88                HAL_RCC_ClockConfig
 .text.HAL_RCC_GetSysClockFreq
                0x08008e00       0xc4 ./Drivers/STM32G4xx_HAL_Driver/Src/stm32g4xx_hal_rcc.o
                0x08008e00                HAL_RCC_GetSysClockFreq
 .text.HAL_RCC_GetHCLKFreq
                0x08008ec4       0x18 ./Drivers/STM32G4xx_HAL_Driver/Src/stm32g4xx_hal_rcc.o
                0x08008ec4                HAL_RCC_GetHCLKFreq
 .text.HAL_RCC_GetPCLK1Freq
                0x08008edc       0x2c ./Drivers/STM32G4xx_HAL_Driver/Src/stm32g4xx_hal_rcc.o
                0x08008edc                HAL_RCC_GetPCLK1Freq
 .text.HAL_RCC_GetPCLK2Freq
                0x08008f08       0x2c ./Drivers/STM32G4xx_HAL_Driver/Src/stm32g4xx_hal_rcc.o
                0x08008f08                HAL_RCC_GetPCLK2Freq
 .text.RCC_GetSysClockFreqFromPLLSource
                0x08008f34       0x8c ./Drivers/STM32G4xx_HAL_Driver/Src/stm32g4xx_hal_rcc.o
 .text.HAL_RCCEx_PeriphCLKConfig
                0x08008fc0      0x49c ./Drivers/STM32G4xx_HAL_Driver/Src/stm32g4xx_hal_rcc_ex.o
                0x08008fc0                HAL_RCCEx_PeriphCLKConfig
 .text.HAL_TIM_Base_Init
                0x0800945c       0xae ./Drivers/STM32G4xx_HAL_Driver/Src/stm32g4xx_hal_tim.o
                0x0800945c                HAL_TIM_Base_Init
 *fill*         0x0800950a        0x2 
 .text.HAL_TIM_Base_Start_IT
                0x0800950c       0xf0 ./Drivers/STM32G4xx_HAL_Driver/Src/stm32g4xx_hal_tim.o
                0x0800950c                HAL_TIM_Base_Start_IT
 .text.HAL_TIM_PWM_Init
                0x080095fc       0xae ./Drivers/STM32G4xx_HAL_Driver/Src/stm32g4xx_hal_tim.o
                0x080095fc                HAL_TIM_PWM_Init
 .text.HAL_TIM_PWM_MspInit
                0x080096aa       0x14 ./Drivers/STM32G4xx_HAL_Driver/Src/stm32g4xx_hal_tim.o
                0x080096aa                HAL_TIM_PWM_MspInit
 *fill*         0x080096be        0x2 
 .text.HAL_TIM_PWM_Start
                0x080096c0      0x224 ./Drivers/STM32G4xx_HAL_Driver/Src/stm32g4xx_hal_tim.o
                0x080096c0                HAL_TIM_PWM_Start
 .text.HAL_TIM_Encoder_Init
                0x080098e4      0x14c ./Drivers/STM32G4xx_HAL_Driver/Src/stm32g4xx_hal_tim.o
                0x080098e4                HAL_TIM_Encoder_Init
 .text.HAL_TIM_Encoder_Start
                0x08009a30      0x11c ./Drivers/STM32G4xx_HAL_Driver/Src/stm32g4xx_hal_tim.o
                0x08009a30                HAL_TIM_Encoder_Start
 .text.HAL_TIM_IRQHandler
                0x08009b4c      0x29e ./Drivers/STM32G4xx_HAL_Driver/Src/stm32g4xx_hal_tim.o
                0x08009b4c                HAL_TIM_IRQHandler
 *fill*         0x08009dea        0x2 
 .text.HAL_TIM_PWM_ConfigChannel
                0x08009dec      0x228 ./Drivers/STM32G4xx_HAL_Driver/Src/stm32g4xx_hal_tim.o
                0x08009dec                HAL_TIM_PWM_ConfigChannel
 .text.HAL_TIM_ConfigClockSource
                0x0800a014      0x22c ./Drivers/STM32G4xx_HAL_Driver/Src/stm32g4xx_hal_tim.o
                0x0800a014                HAL_TIM_ConfigClockSource
 .text.HAL_TIM_OC_DelayElapsedCallback
                0x0800a240       0x14 ./Drivers/STM32G4xx_HAL_Driver/Src/stm32g4xx_hal_tim.o
                0x0800a240                HAL_TIM_OC_DelayElapsedCallback
 .text.HAL_TIM_IC_CaptureCallback
                0x0800a254       0x14 ./Drivers/STM32G4xx_HAL_Driver/Src/stm32g4xx_hal_tim.o
                0x0800a254                HAL_TIM_IC_CaptureCallback
 .text.HAL_TIM_PWM_PulseFinishedCallback
                0x0800a268       0x14 ./Drivers/STM32G4xx_HAL_Driver/Src/stm32g4xx_hal_tim.o
                0x0800a268                HAL_TIM_PWM_PulseFinishedCallback
 .text.HAL_TIM_TriggerCallback
                0x0800a27c       0x14 ./Drivers/STM32G4xx_HAL_Driver/Src/stm32g4xx_hal_tim.o
                0x0800a27c                HAL_TIM_TriggerCallback
 .text.TIM_Base_SetConfig
                0x0800a290      0x15c ./Drivers/STM32G4xx_HAL_Driver/Src/stm32g4xx_hal_tim.o
                0x0800a290                TIM_Base_SetConfig
 .text.TIM_OC1_SetConfig
                0x0800a3ec      0x138 ./Drivers/STM32G4xx_HAL_Driver/Src/stm32g4xx_hal_tim.o
 .text.TIM_OC2_SetConfig
                0x0800a524      0x12c ./Drivers/STM32G4xx_HAL_Driver/Src/stm32g4xx_hal_tim.o
                0x0800a524                TIM_OC2_SetConfig
 .text.TIM_OC3_SetConfig
                0x0800a650      0x128 ./Drivers/STM32G4xx_HAL_Driver/Src/stm32g4xx_hal_tim.o
 .text.TIM_OC4_SetConfig
                0x0800a778      0x12c ./Drivers/STM32G4xx_HAL_Driver/Src/stm32g4xx_hal_tim.o
 .text.TIM_OC5_SetConfig
                0x0800a8a4       0xd4 ./Drivers/STM32G4xx_HAL_Driver/Src/stm32g4xx_hal_tim.o
 .text.TIM_OC6_SetConfig
                0x0800a978       0xd8 ./Drivers/STM32G4xx_HAL_Driver/Src/stm32g4xx_hal_tim.o
 .text.TIM_TI1_ConfigInputStage
                0x0800aa50       0xb4 ./Drivers/STM32G4xx_HAL_Driver/Src/stm32g4xx_hal_tim.o
 .text.TIM_TI2_ConfigInputStage
                0x0800ab04       0x90 ./Drivers/STM32G4xx_HAL_Driver/Src/stm32g4xx_hal_tim.o
 .text.TIM_ITRx_SetConfig
                0x0800ab94       0x3a ./Drivers/STM32G4xx_HAL_Driver/Src/stm32g4xx_hal_tim.o
 .text.TIM_ETR_SetConfig
                0x0800abce       0x40 ./Drivers/STM32G4xx_HAL_Driver/Src/stm32g4xx_hal_tim.o
                0x0800abce                TIM_ETR_SetConfig
 .text.TIM_CCxChannelCmd
                0x0800ac0e       0x4a ./Drivers/STM32G4xx_HAL_Driver/Src/stm32g4xx_hal_tim.o
                0x0800ac0e                TIM_CCxChannelCmd
 .text.HAL_TIMEx_MasterConfigSynchronization
                0x0800ac58      0x12c ./Drivers/STM32G4xx_HAL_Driver/Src/stm32g4xx_hal_tim_ex.o
                0x0800ac58                HAL_TIMEx_MasterConfigSynchronization
 .text.HAL_TIMEx_ConfigBreakDeadTime
                0x0800ad84      0x128 ./Drivers/STM32G4xx_HAL_Driver/Src/stm32g4xx_hal_tim_ex.o
                0x0800ad84                HAL_TIMEx_ConfigBreakDeadTime
 .text.HAL_TIMEx_CommutCallback
                0x0800aeac       0x14 ./Drivers/STM32G4xx_HAL_Driver/Src/stm32g4xx_hal_tim_ex.o
                0x0800aeac                HAL_TIMEx_CommutCallback
 .text.HAL_TIMEx_BreakCallback
                0x0800aec0       0x14 ./Drivers/STM32G4xx_HAL_Driver/Src/stm32g4xx_hal_tim_ex.o
                0x0800aec0                HAL_TIMEx_BreakCallback
 .text.HAL_TIMEx_Break2Callback
                0x0800aed4       0x14 ./Drivers/STM32G4xx_HAL_Driver/Src/stm32g4xx_hal_tim_ex.o
                0x0800aed4                HAL_TIMEx_Break2Callback
 .text.HAL_TIMEx_EncoderIndexCallback
                0x0800aee8       0x14 ./Drivers/STM32G4xx_HAL_Driver/Src/stm32g4xx_hal_tim_ex.o
                0x0800aee8                HAL_TIMEx_EncoderIndexCallback
 .text.HAL_TIMEx_DirectionChangeCallback
                0x0800aefc       0x14 ./Drivers/STM32G4xx_HAL_Driver/Src/stm32g4xx_hal_tim_ex.o
                0x0800aefc                HAL_TIMEx_DirectionChangeCallback
 .text.HAL_TIMEx_IndexErrorCallback
                0x0800af10       0x14 ./Drivers/STM32G4xx_HAL_Driver/Src/stm32g4xx_hal_tim_ex.o
                0x0800af10                HAL_TIMEx_IndexErrorCallback
 .text.HAL_TIMEx_TransitionErrorCallback
                0x0800af24       0x14 ./Drivers/STM32G4xx_HAL_Driver/Src/stm32g4xx_hal_tim_ex.o
                0x0800af24                HAL_TIMEx_TransitionErrorCallback
 .text.HAL_UART_Init
                0x0800af38       0xa0 ./Drivers/STM32G4xx_HAL_Driver/Src/stm32g4xx_hal_uart.o
                0x0800af38                HAL_UART_Init
 .text.HAL_UART_Transmit_IT
                0x0800afd8      0x128 ./Drivers/STM32G4xx_HAL_Driver/Src/stm32g4xx_hal_uart.o
                0x0800afd8                HAL_UART_Transmit_IT
 .text.HAL_UART_AbortReceive
                0x0800b100      0x162 ./Drivers/STM32G4xx_HAL_Driver/Src/stm32g4xx_hal_uart.o
                0x0800b100                HAL_UART_AbortReceive
 *fill*         0x0800b262        0x2 
 .text.HAL_UART_IRQHandler
                0x0800b264      0x684 ./Drivers/STM32G4xx_HAL_Driver/Src/stm32g4xx_hal_uart.o
                0x0800b264                HAL_UART_IRQHandler
 .text.HAL_UART_TxCpltCallback
                0x0800b8e8       0x14 ./Drivers/STM32G4xx_HAL_Driver/Src/stm32g4xx_hal_uart.o
                0x0800b8e8                HAL_UART_TxCpltCallback
 .text.HAL_UART_RxCpltCallback
                0x0800b8fc       0x14 ./Drivers/STM32G4xx_HAL_Driver/Src/stm32g4xx_hal_uart.o
                0x0800b8fc                HAL_UART_RxCpltCallback
 .text.UART_SetConfig
                0x0800b910      0x5f8 ./Drivers/STM32G4xx_HAL_Driver/Src/stm32g4xx_hal_uart.o
                0x0800b910                UART_SetConfig
 .text.UART_AdvFeatureConfig
                0x0800bf08      0x144 ./Drivers/STM32G4xx_HAL_Driver/Src/stm32g4xx_hal_uart.o
                0x0800bf08                UART_AdvFeatureConfig
 .text.UART_CheckIdleState
                0x0800c04c      0x154 ./Drivers/STM32G4xx_HAL_Driver/Src/stm32g4xx_hal_uart.o
                0x0800c04c                UART_CheckIdleState
 .text.UART_WaitOnFlagUntilTimeout
                0x0800c1a0       0xda ./Drivers/STM32G4xx_HAL_Driver/Src/stm32g4xx_hal_uart.o
                0x0800c1a0                UART_WaitOnFlagUntilTimeout
 *fill*         0x0800c27a        0x2 
 .text.UART_Start_Receive_IT
                0x0800c27c      0x244 ./Drivers/STM32G4xx_HAL_Driver/Src/stm32g4xx_hal_uart.o
                0x0800c27c                UART_Start_Receive_IT
 .text.UART_EndRxTransfer
                0x0800c4c0       0xcc ./Drivers/STM32G4xx_HAL_Driver/Src/stm32g4xx_hal_uart.o
 .text.UART_DMAAbortOnError
                0x0800c58c       0x1c ./Drivers/STM32G4xx_HAL_Driver/Src/stm32g4xx_hal_uart.o
 .text.UART_TxISR_8BIT
                0x0800c5a8       0xb8 ./Drivers/STM32G4xx_HAL_Driver/Src/stm32g4xx_hal_uart.o
 .text.UART_TxISR_16BIT
                0x0800c660       0xc2 ./Drivers/STM32G4xx_HAL_Driver/Src/stm32g4xx_hal_uart.o
 .text.UART_TxISR_8BIT_FIFOEN
                0x0800c722       0xe0 ./Drivers/STM32G4xx_HAL_Driver/Src/stm32g4xx_hal_uart.o
 .text.UART_TxISR_16BIT_FIFOEN
                0x0800c802       0xea ./Drivers/STM32G4xx_HAL_Driver/Src/stm32g4xx_hal_uart.o
 .text.UART_EndTransmit_IT
                0x0800c8ec       0x56 ./Drivers/STM32G4xx_HAL_Driver/Src/stm32g4xx_hal_uart.o
 *fill*         0x0800c942        0x2 
 .text.UART_RxISR_8BIT
                0x0800c944      0x1b8 ./Drivers/STM32G4xx_HAL_Driver/Src/stm32g4xx_hal_uart.o
 .text.UART_RxISR_16BIT
                0x0800cafc      0x1b8 ./Drivers/STM32G4xx_HAL_Driver/Src/stm32g4xx_hal_uart.o
 .text.UART_RxISR_8BIT_FIFOEN
                0x0800ccb4      0x364 ./Drivers/STM32G4xx_HAL_Driver/Src/stm32g4xx_hal_uart.o
 .text.UART_RxISR_16BIT_FIFOEN
                0x0800d018      0x36c ./Drivers/STM32G4xx_HAL_Driver/Src/stm32g4xx_hal_uart.o
 .text.HAL_UARTEx_WakeupCallback
                0x0800d384       0x14 ./Drivers/STM32G4xx_HAL_Driver/Src/stm32g4xx_hal_uart_ex.o
                0x0800d384                HAL_UARTEx_WakeupCallback
 .text.HAL_UARTEx_RxFifoFullCallback
                0x0800d398       0x14 ./Drivers/STM32G4xx_HAL_Driver/Src/stm32g4xx_hal_uart_ex.o
                0x0800d398                HAL_UARTEx_RxFifoFullCallback
 .text.HAL_UARTEx_TxFifoEmptyCallback
                0x0800d3ac       0x14 ./Drivers/STM32G4xx_HAL_Driver/Src/stm32g4xx_hal_uart_ex.o
                0x0800d3ac                HAL_UARTEx_TxFifoEmptyCallback
 .text.HAL_UARTEx_EnableFifoMode
                0x0800d3c0       0x76 ./Drivers/STM32G4xx_HAL_Driver/Src/stm32g4xx_hal_uart_ex.o
                0x0800d3c0                HAL_UARTEx_EnableFifoMode
 .text.HAL_UARTEx_SetTxFifoThreshold
                0x0800d436       0x7c ./Drivers/STM32G4xx_HAL_Driver/Src/stm32g4xx_hal_uart_ex.o
                0x0800d436                HAL_UARTEx_SetTxFifoThreshold
 .text.HAL_UARTEx_SetRxFifoThreshold
                0x0800d4b2       0x7c ./Drivers/STM32G4xx_HAL_Driver/Src/stm32g4xx_hal_uart_ex.o
                0x0800d4b2                HAL_UARTEx_SetRxFifoThreshold
 .text.HAL_UARTEx_ReceiveToIdle_IT
                0x0800d52e       0xa0 ./Drivers/STM32G4xx_HAL_Driver/Src/stm32g4xx_hal_uart_ex.o
                0x0800d52e                HAL_UARTEx_ReceiveToIdle_IT
 *fill*         0x0800d5ce        0x2 
 .text.UARTEx_SetNbDataToProcess
                0x0800d5d0       0x9c ./Drivers/STM32G4xx_HAL_Driver/Src/stm32g4xx_hal_uart_ex.o
 .text.memcmp   0x0800d66c       0x20 C:/ST/STM32CubeIDE_2.1.1/STM32CubeIDE/plugins/com.st.stm32cube.ide.mcu.externaltools.gnu-tools-for-stm32.14.3.rel1.win32_1.0.100.202602081740/tools/bin/../lib/gcc/arm-none-eabi/14.3.1/../../../../arm-none-eabi/lib/thumb/v7e-m+fp/hard\libc_nano.a(libc_a-memcmp.o)
                0x0800d66c                memcmp
 .text.memset   0x0800d68c       0x10 C:/ST/STM32CubeIDE_2.1.1/STM32CubeIDE/plugins/com.st.stm32cube.ide.mcu.externaltools.gnu-tools-for-stm32.14.3.rel1.win32_1.0.100.202602081740/tools/bin/../lib/gcc/arm-none-eabi/14.3.1/../../../../arm-none-eabi/lib/thumb/v7e-m+fp/hard\libc_nano.a(libc_a-memset.o)
                0x0800d68c                memset
 .text.__errno  0x0800d69c        0xc C:/ST/STM32CubeIDE_2.1.1/STM32CubeIDE/plugins/com.st.stm32cube.ide.mcu.externaltools.gnu-tools-for-stm32.14.3.rel1.win32_1.0.100.202602081740/tools/bin/../lib/gcc/arm-none-eabi/14.3.1/../../../../arm-none-eabi/lib/thumb/v7e-m+fp/hard\libc_nano.a(libc_a-errno.o)
                0x0800d69c                __errno
 .text.__libc_init_array
                0x0800d6a8       0x48 C:/ST/STM32CubeIDE_2.1.1/STM32CubeIDE/plugins/com.st.stm32cube.ide.mcu.externaltools.gnu-tools-for-stm32.14.3.rel1.win32_1.0.100.202602081740/tools/bin/../lib/gcc/arm-none-eabi/14.3.1/../../../../arm-none-eabi/lib/thumb/v7e-m+fp/hard\libc_nano.a(libc_a-init.o)
                0x0800d6a8                __libc_init_array
 .text.memcpy   0x0800d6f0       0x1c C:/ST/STM32CubeIDE_2.1.1/STM32CubeIDE/plugins/com.st.stm32cube.ide.mcu.externaltools.gnu-tools-for-stm32.14.3.rel1.win32_1.0.100.202602081740/tools/bin/../lib/gcc/arm-none-eabi/14.3.1/../../../../arm-none-eabi/lib/thumb/v7e-m+fp/hard\libc_nano.a(libc_a-memcpy-stub.o)
                0x0800d6f0                memcpy
 .text.sqrtf    0x0800d70c       0x44 C:/ST/STM32CubeIDE_2.1.1/STM32CubeIDE/plugins/com.st.stm32cube.ide.mcu.externaltools.gnu-tools-for-stm32.14.3.rel1.win32_1.0.100.202602081740/tools/bin/../lib/gcc/arm-none-eabi/14.3.1/../../../../arm-none-eabi/lib/thumb/v7e-m+fp/hard\libm.a(libm_a-wf_sqrt.o)
                0x0800d70c                sqrtf
 .text.sinf     0x0800d750       0x74 C:/ST/STM32CubeIDE_2.1.1/STM32CubeIDE/plugins/com.st.stm32cube.ide.mcu.externaltools.gnu-tools-for-stm32.14.3.rel1.win32_1.0.100.202602081740/tools/bin/../lib/gcc/arm-none-eabi/14.3.1/../../../../arm-none-eabi/lib/thumb/v7e-m+fp/hard\libm.a(libm_a-sf_sin.o)
                0x0800d750                sinf
 .text.__ieee754_sqrtf
                0x0800d7c4        0x8 C:/ST/STM32CubeIDE_2.1.1/STM32CubeIDE/plugins/com.st.stm32cube.ide.mcu.externaltools.gnu-tools-for-stm32.14.3.rel1.win32_1.0.100.202602081740/tools/bin/../lib/gcc/arm-none-eabi/14.3.1/../../../../arm-none-eabi/lib/thumb/v7e-m+fp/hard\libm.a(libm_a-ef_sqrt.o)
                0x0800d7c4                __ieee754_sqrtf
 .text.__kernel_cosf
                0x0800d7cc      0x104 C:/ST/STM32CubeIDE_2.1.1/STM32CubeIDE/plugins/com.st.stm32cube.ide.mcu.externaltools.gnu-tools-for-stm32.14.3.rel1.win32_1.0.100.202602081740/tools/bin/../lib/gcc/arm-none-eabi/14.3.1/../../../../arm-none-eabi/lib/thumb/v7e-m+fp/hard\libm.a(libm_a-kf_cos.o)
                0x0800d7cc                __kernel_cosf
 .text.__kernel_sinf
                0x0800d8d0       0x90 C:/ST/STM32CubeIDE_2.1.1/STM32CubeIDE/plugins/com.st.stm32cube.ide.mcu.externaltools.gnu-tools-for-stm32.14.3.rel1.win32_1.0.100.202602081740/tools/bin/../lib/gcc/arm-none-eabi/14.3.1/../../../../arm-none-eabi/lib/thumb/v7e-m+fp/hard\libm.a(libm_a-kf_sin.o)
                0x0800d8d0                __kernel_sinf
 .text.__ieee754_rem_pio2f
                0x0800d960      0x26c C:/ST/STM32CubeIDE_2.1.1/STM32CubeIDE/plugins/com.st.stm32cube.ide.mcu.externaltools.gnu-tools-for-stm32.14.3.rel1.win32_1.0.100.202602081740/tools/bin/../lib/gcc/arm-none-eabi/14.3.1/../../../../arm-none-eabi/lib/thumb/v7e-m+fp/hard\libm.a(libm_a-ef_rem_pio2.o)
                0x0800d960                __ieee754_rem_pio2f
 .text.fabsf    0x0800dbcc       0x10 C:/ST/STM32CubeIDE_2.1.1/STM32CubeIDE/plugins/com.st.stm32cube.ide.mcu.externaltools.gnu-tools-for-stm32.14.3.rel1.win32_1.0.100.202602081740/tools/bin/../lib/gcc/arm-none-eabi/14.3.1/../../../../arm-none-eabi/lib/thumb/v7e-m+fp/hard\libm.a(libm_a-sf_fabs.o)
                0x0800dbcc                fabsf
 .text.__kernel_rem_pio2f
                0x0800dbdc      0x68c C:/ST/STM32CubeIDE_2.1.1/STM32CubeIDE/plugins/com.st.stm32cube.ide.mcu.externaltools.gnu-tools-for-stm32.14.3.rel1.win32_1.0.100.202602081740/tools/bin/../lib/gcc/arm-none-eabi/14.3.1/../../../../arm-none-eabi/lib/thumb/v7e-m+fp/hard\libm.a(libm_a-kf_rem_pio2.o)
                0x0800dbdc                __kernel_rem_pio2f
 .text.scalbnf  0x0800e268       0xdc C:/ST/STM32CubeIDE_2.1.1/STM32CubeIDE/plugins/com.st.stm32cube.ide.mcu.externaltools.gnu-tools-for-stm32.14.3.rel1.win32_1.0.100.202602081740/tools/bin/../lib/gcc/arm-none-eabi/14.3.1/../../../../arm-none-eabi/lib/thumb/v7e-m+fp/hard\libm.a(libm_a-sf_scalbn.o)
                0x0800e268                scalbnf
 .text.floorf   0x0800e344       0x94 C:/ST/STM32CubeIDE_2.1.1/STM32CubeIDE/plugins/com.st.stm32cube.ide.mcu.externaltools.gnu-tools-for-stm32.14.3.rel1.win32_1.0.100.202602081740/tools/bin/../lib/gcc/arm-none-eabi/14.3.1/../../../../arm-none-eabi/lib/thumb/v7e-m+fp/hard\libm.a(libm_a-sf_floor.o)
                0x0800e344                floorf
 *(.glue_7)
 .glue_7        0x0800e3d8        0x0 linker stubs
 *(.glue_7t)
 .glue_7t       0x0800e3d8        0x0 linker stubs
 *(.eh_frame)
 .eh_frame      0x0800e3d8        0x0 C:/ST/STM32CubeIDE_2.1.1/STM32CubeIDE/plugins/com.st.stm32cube.ide.mcu.externaltools.gnu-tools-for-stm32.14.3.rel1.win32_1.0.100.202602081740/tools/bin/../lib/gcc/arm-none-eabi/14.3.1/thumb/v7e-m+fp/hard/crtbegin.o
 *(.init)
 .init          0x0800e3d8        0x4 C:/ST/STM32CubeIDE_2.1.1/STM32CubeIDE/plugins/com.st.stm32cube.ide.mcu.externaltools.gnu-tools-for-stm32.14.3.rel1.win32_1.0.100.202602081740/tools/bin/../lib/gcc/arm-none-eabi/14.3.1/thumb/v7e-m+fp/hard/crti.o
                0x0800e3d8                _init
 .init          0x0800e3dc        0x8 C:/ST/STM32CubeIDE_2.1.1/STM32CubeIDE/plugins/com.st.stm32cube.ide.mcu.externaltools.gnu-tools-for-stm32.14.3.rel1.win32_1.0.100.202602081740/tools/bin/../lib/gcc/arm-none-eabi/14.3.1/thumb/v7e-m+fp/hard/crtn.o
 *(.fini)
 .fini          0x0800e3e4        0x4 C:/ST/STM32CubeIDE_2.1.1/STM32CubeIDE/plugins/com.st.stm32cube.ide.mcu.externaltools.gnu-tools-for-stm32.14.3.rel1.win32_1.0.100.202602081740/tools/bin/../lib/gcc/arm-none-eabi/14.3.1/thumb/v7e-m+fp/hard/crti.o
                0x0800e3e4                _fini
 .fini          0x0800e3e8        0x8 C:/ST/STM32CubeIDE_2.1.1/STM32CubeIDE/plugins/com.st.stm32cube.ide.mcu.externaltools.gnu-tools-for-stm32.14.3.rel1.win32_1.0.100.202602081740/tools/bin/../lib/gcc/arm-none-eabi/14.3.1/thumb/v7e-m+fp/hard/crtn.o
                0x0800e3f0                        . = ALIGN (0x4)
                0x0800e3f0                        _etext = .

.vfp11_veneer   0x0800e3f0        0x0
 .vfp11_veneer  0x0800e3f0        0x0 linker stubs

.v4_bx          0x0800e3f0        0x0
 .v4_bx         0x0800e3f0        0x0 linker stubs

.iplt           0x0800e3f0        0x0
 .iplt          0x0800e3f0        0x0 C:/ST/STM32CubeIDE_2.1.1/STM32CubeIDE/plugins/com.st.stm32cube.ide.mcu.externaltools.gnu-tools-for-stm32.14.3.rel1.win32_1.0.100.202602081740/tools/bin/../lib/gcc/arm-none-eabi/14.3.1/thumb/v7e-m+fp/hard/crtbegin.o

.rodata         0x0800e3f0      0x420
                0x0800e3f0                        . = ALIGN (0x4)
 *(.rodata)
 .rodata        0x0800e3f0       0x10 ./Core/Src/lib/kalman_filter.o
 *(.rodata*)
 .rodata.AHBPrescTable
                0x0800e400       0x10 ./Core/Src/system_stm32g4xx.o
                0x0800e400                AHBPrescTable
 .rodata.APBPrescTable
                0x0800e410        0x8 ./Core/Src/system_stm32g4xx.o
                0x0800e410                APBPrescTable
 .rodata.UARTPrescTable
                0x0800e418       0x18 ./Drivers/STM32G4xx_HAL_Driver/Src/stm32g4xx_hal_uart.o
                0x0800e418                UARTPrescTable
 .rodata.numerator.1
                0x0800e430        0x8 ./Drivers/STM32G4xx_HAL_Driver/Src/stm32g4xx_hal_uart_ex.o
 .rodata.denominator.0
                0x0800e438        0x8 ./Drivers/STM32G4xx_HAL_Driver/Src/stm32g4xx_hal_uart_ex.o
 .rodata.npio2_hw
                0x0800e440       0x80 C:/ST/STM32CubeIDE_2.1.1/STM32CubeIDE/plugins/com.st.stm32cube.ide.mcu.externaltools.gnu-tools-for-stm32.14.3.rel1.win32_1.0.100.202602081740/tools/bin/../lib/gcc/arm-none-eabi/14.3.1/../../../../arm-none-eabi/lib/thumb/v7e-m+fp/hard\libm.a(libm_a-ef_rem_pio2.o)
 .rodata.two_over_pi
                0x0800e4c0      0x318 C:/ST/STM32CubeIDE_2.1.1/STM32CubeIDE/plugins/com.st.stm32cube.ide.mcu.externaltools.gnu-tools-for-stm32.14.3.rel1.win32_1.0.100.202602081740/tools/bin/../lib/gcc/arm-none-eabi/14.3.1/../../../../arm-none-eabi/lib/thumb/v7e-m+fp/hard\libm.a(libm_a-ef_rem_pio2.o)
 .rodata.PIo2   0x0800e7d8       0x2c C:/ST/STM32CubeIDE_2.1.1/STM32CubeIDE/plugins/com.st.stm32cube.ide.mcu.externaltools.gnu-tools-for-stm32.14.3.rel1.win32_1.0.100.202602081740/tools/bin/../lib/gcc/arm-none-eabi/14.3.1/../../../../arm-none-eabi/lib/thumb/v7e-m+fp/hard\libm.a(libm_a-kf_rem_pio2.o)
 .rodata.init_jk
                0x0800e804        0xc C:/ST/STM32CubeIDE_2.1.1/STM32CubeIDE/plugins/com.st.stm32cube.ide.mcu.externaltools.gnu-tools-for-stm32.14.3.rel1.win32_1.0.100.202602081740/tools/bin/../lib/gcc/arm-none-eabi/14.3.1/../../../../arm-none-eabi/lib/thumb/v7e-m+fp/hard\libm.a(libm_a-kf_rem_pio2.o)
                0x0800e810                        . = ALIGN (0x4)

.ARM.extab      0x0800e810        0x0
                0x0800e810                        . = ALIGN (0x4)
 *(.ARM.extab* .gnu.linkonce.armextab.*)
                0x0800e810                        . = ALIGN (0x4)

.ARM            0x0800e810        0x8
                0x0800e810                        . = ALIGN (0x4)
                0x0800e810                        __exidx_start = .
 *(.ARM.exidx*)
 .ARM.exidx     0x0800e810        0x8 C:/ST/STM32CubeIDE_2.1.1/STM32CubeIDE/plugins/com.st.stm32cube.ide.mcu.externaltools.gnu-tools-for-stm32.14.3.rel1.win32_1.0.100.202602081740/tools/bin/../lib/gcc/arm-none-eabi/14.3.1/thumb/v7e-m+fp/hard\libgcc.a(_udivmoddi4.o)
                0x0800e818                        __exidx_end = .
                0x0800e818                        . = ALIGN (0x4)

.preinit_array  0x0800e818        0x0
                0x0800e818                        . = ALIGN (0x4)
                0x0800e818                        PROVIDE (__preinit_array_start = .)
 *(.preinit_array*)
                0x0800e818                        PROVIDE (__preinit_array_end = .)
                0x0800e818                        . = ALIGN (0x4)

.init_array     0x0800e818        0x4
                0x0800e818                        . = ALIGN (0x4)
                0x0800e818                        PROVIDE (__init_array_start = .)
 *(SORT_BY_NAME(.init_array.*))
 *(.init_array*)
 .init_array    0x0800e818        0x4 C:/ST/STM32CubeIDE_2.1.1/STM32CubeIDE/plugins/com.st.stm32cube.ide.mcu.externaltools.gnu-tools-for-stm32.14.3.rel1.win32_1.0.100.202602081740/tools/bin/../lib/gcc/arm-none-eabi/14.3.1/thumb/v7e-m+fp/hard/crtbegin.o
                0x0800e81c                        PROVIDE (__init_array_end = .)
                0x0800e81c                        . = ALIGN (0x4)

.fini_array     0x0800e81c        0x4
                0x0800e81c                        . = ALIGN (0x4)
                [!provide]                        PROVIDE (__fini_array_start = .)
 *(SORT_BY_NAME(.fini_array.*))
 *(.fini_array*)
 .fini_array    0x0800e81c        0x4 C:/ST/STM32CubeIDE_2.1.1/STM32CubeIDE/plugins/com.st.stm32cube.ide.mcu.externaltools.gnu-tools-for-stm32.14.3.rel1.win32_1.0.100.202602081740/tools/bin/../lib/gcc/arm-none-eabi/14.3.1/thumb/v7e-m+fp/hard/crtbegin.o
                [!provide]                        PROVIDE (__fini_array_end = .)
                0x0800e820                        . = ALIGN (0x4)
                0x0800e820                        _sidata = LOADADDR (.data)

.rel.dyn        0x0800e820        0x0
 .rel.iplt      0x0800e820        0x0 C:/ST/STM32CubeIDE_2.1.1/STM32CubeIDE/plugins/com.st.stm32cube.ide.mcu.externaltools.gnu-tools-for-stm32.14.3.rel1.win32_1.0.100.202602081740/tools/bin/../lib/gcc/arm-none-eabi/14.3.1/thumb/v7e-m+fp/hard/crtbegin.o

.data           0x20000000       0x98 load address 0x0800e820
                0x20000000                        . = ALIGN (0x4)
                0x20000000                        _sdata = .
 *(.data)
 *(.data*)
 .data.dash_pos_tgt_prev
                0x20000000        0x4 ./Core/Src/app/dashboard.o
 .data.g_man_prev
                0x20000004        0x2 ./Core/Src/app/gripper.o
 .data.seek_dir
                0x20000006        0x1 ./Core/Src/app/homing.o
 .data.joy_was_neutral
                0x20000007        0x1 ./Core/Src/app/joystick.o
 .data.pos_ctrl
                0x20000008       0x18 ./Core/Src/lib/cascade_control.o
                0x20000008                pos_ctrl
 .data.vel_ctrl
                0x20000020       0x18 ./Core/Src/lib/cascade_control.o
                0x20000020                vel_ctrl
 .data.K_ff     0x20000038        0x4 ./Core/Src/lib/cascade_control.o
 .data.SystemCoreClock
                0x2000003c        0x4 ./Core/Src/system_stm32g4xx.o
                0x2000003c                SystemCoreClock
 .data.uwTickPrio
                0x20000040        0x4 ./Drivers/STM32G4xx_HAL_Driver/Src/stm32g4xx_hal.o
                0x20000040                uwTickPrio
 .data.uwTickFreq
                0x20000044        0x4 ./Drivers/STM32G4xx_HAL_Driver/Src/stm32g4xx_hal.o
                0x20000044                uwTickFreq
 .data._impure_ptr
                0x20000048        0x4 C:/ST/STM32CubeIDE_2.1.1/STM32CubeIDE/plugins/com.st.stm32cube.ide.mcu.externaltools.gnu-tools-for-stm32.14.3.rel1.win32_1.0.100.202602081740/tools/bin/../lib/gcc/arm-none-eabi/14.3.1/../../../../arm-none-eabi/lib/thumb/v7e-m+fp/hard\libc_nano.a(libc_a-impure.o)
                0x20000048                _impure_ptr
 .data._impure_data
                0x2000004c       0x4c C:/ST/STM32CubeIDE_2.1.1/STM32CubeIDE/plugins/com.st.stm32cube.ide.mcu.externaltools.gnu-tools-for-stm32.14.3.rel1.win32_1.0.100.202602081740/tools/bin/../lib/gcc/arm-none-eabi/14.3.1/../../../../arm-none-eabi/lib/thumb/v7e-m+fp/hard\libc_nano.a(libc_a-impure.o)
                0x2000004c                _impure_data
 *(.RamFunc)
 *(.RamFunc*)
                0x20000098                        . = ALIGN (0x4)
                0x20000098                        _edata = .

.igot.plt       0x20000098        0x0 load address 0x0800e8b8
 .igot.plt      0x20000098        0x0 C:/ST/STM32CubeIDE_2.1.1/STM32CubeIDE/plugins/com.st.stm32cube.ide.mcu.externaltools.gnu-tools-for-stm32.14.3.rel1.win32_1.0.100.202602081740/tools/bin/../lib/gcc/arm-none-eabi/14.3.1/thumb/v7e-m+fp/hard/crtbegin.o
                0x20000098                        . = ALIGN (0x4)

.bss            0x20000098      0x954 load address 0x0800e8b8
                0x20000098                        _sbss = .
                0x20000098                        __bss_start__ = _sbss
 *(.bss)
 .bss           0x20000098       0x1c C:/ST/STM32CubeIDE_2.1.1/STM32CubeIDE/plugins/com.st.stm32cube.ide.mcu.externaltools.gnu-tools-for-stm32.14.3.rel1.win32_1.0.100.202602081740/tools/bin/../lib/gcc/arm-none-eabi/14.3.1/thumb/v7e-m+fp/hard/crtbegin.o
 *(.bss*)
 .bss.pp_septic
                0x200000b4       0x18 ./Core/Src/app/auto_mission.o
 .bss.pp_state  0x200000cc        0x1 ./Core/Src/app/auto_mission.o
 .bss.pp_pair_idx
                0x200000cd        0x1 ./Core/Src/app/auto_mission.o
 .bss.pp_pair_count
                0x200000ce        0x1 ./Core/Src/app/auto_mission.o
 *fill*         0x200000cf        0x1 
 .bss.pp_pick_rad
                0x200000d0       0x20 ./Core/Src/app/auto_mission.o
 .bss.pp_place_rad
                0x200000f0       0x20 ./Core/Src/app/auto_mission.o
 .bss.pp_goto_target
                0x20000110        0x4 ./Core/Src/app/auto_mission.o
 .bss.ref_q     0x20000114        0x4 ./Core/Src/app/auto_mission.o
 .bss.ref_qd    0x20000118        0x4 ./Core/Src/app/auto_mission.o
 .bss.ref_qdd   0x2000011c        0x4 ./Core/Src/app/auto_mission.o
 .bss.ref_j     0x20000120        0x4 ./Core/Src/app/auto_mission.o
 .bss.dash_ref_qd
                0x20000124        0x4 ./Core/Src/app/dashboard.o
 .bss.dash_ref_q
                0x20000128        0x4 ./Core/Src/app/dashboard.o
 .bss.dash_t    0x2000012c        0x4 ./Core/Src/app/dashboard.o
 .bss.dash_pos_septic
                0x20000130       0x18 ./Core/Src/app/dashboard.o
 .bss.dash_jog_septic
                0x20000148       0x18 ./Core/Src/app/dashboard.o
 .bss.dash_jog_target
                0x20000160        0x4 ./Core/Src/app/dashboard.o
 .bss.dash_jog_active
                0x20000164        0x1 ./Core/Src/app/dashboard.o
 .bss.g_state   0x20000165        0x1 ./Core/Src/app/gripper.o
 .bss.g_pick_mode
                0x20000166        0x1 ./Core/Src/app/gripper.o
 *fill*         0x20000167        0x1 
 .bss.g_deadline
                0x20000168        0x4 ./Core/Src/app/gripper.o
 .bss.g_arm_down
                0x2000016c        0x1 ./Core/Src/app/gripper.o
 .bss.g_jaw_close
                0x2000016d        0x1 ./Core/Src/app/gripper.o
 .bss.hom_state
                0x2000016e        0x1 ./Core/Src/app/homing.o
 *fill*         0x2000016f        0x1 
 .bss.hom_ticks
                0x20000170        0x4 ./Core/Src/app/homing.o
 .bss.zone_count
                0x20000174        0x4 ./Core/Src/app/homing.o
 .bss.target_count
                0x20000178        0x4 ./Core/Src/app/homing.o
 .bss.dir_pin   0x2000017c        0x1 ./Core/Src/app/homing.o
 *fill*         0x2000017d        0x3 
 .bss.settle_ticks
                0x20000180        0x4 ./Core/Src/app/homing.o
 .bss.wrong_side
                0x20000184        0x1 ./Core/Src/app/homing.o
 .bss.seek_armed
                0x20000185        0x1 ./Core/Src/app/homing.o
 *fill*         0x20000186        0x2 
 .bss.seek_start_pos
                0x20000188        0x4 ./Core/Src/app/homing.o
 .bss.hom_unwind
                0x2000018c       0x18 ./Core/Src/app/homing.o
 .bss.debug_hom_state
                0x200001a4        0x1 ./Core/Src/app/homing.o
                0x200001a4                debug_hom_state
 *fill*         0x200001a5        0x3 
 .bss.debug_hom_ticks
                0x200001a8        0x4 ./Core/Src/app/homing.o
                0x200001a8                debug_hom_ticks
 .bss.debug_hom_signal
                0x200001ac        0x1 ./Core/Src/app/homing.o
                0x200001ac                debug_hom_signal
 *fill*         0x200001ad        0x3 
 .bss.debug_zone_count
                0x200001b0        0x4 ./Core/Src/app/homing.o
                0x200001b0                debug_zone_count
 .bss.btn_raw_prev
                0x200001b4        0x5 ./Core/Src/app/joystick.o
 *fill*         0x200001b9        0x3 
 .bss.btn_cnt   0x200001bc        0x5 ./Core/Src/app/joystick.o
 *fill*         0x200001c1        0x3 
 .bss.btn_stable
                0x200001c4        0x5 ./Core/Src/app/joystick.o
 *fill*         0x200001c9        0x3 
 .bss.btn_edge  0x200001cc        0x5 ./Core/Src/app/joystick.o
 .bss.joy_mode  0x200001d1        0x1 ./Core/Src/app/joystick.o
 *fill*         0x200001d2        0x2 
 .bss.joy_target_rad
                0x200001d4        0x4 ./Core/Src/app/joystick.o
 .bss.grip_toggle
                0x200001d8        0x1 ./Core/Src/app/joystick.o
 .bss.arm_toggle
                0x200001d9        0x1 ./Core/Src/app/joystick.o
 .bss.joy_prev_driving
                0x200001da        0x1 ./Core/Src/app/joystick.o
 *fill*         0x200001db        0x1 
 .bss.joy_septic
                0x200001dc       0x18 ./Core/Src/app/joystick.o
 .bss.tm_state  0x200001f4        0x1 ./Core/Src/app/test_mode.o
 .bss.tm_type   0x200001f5        0x1 ./Core/Src/app/test_mode.o
 *fill*         0x200001f6        0x2 
 .bss.tm_pos_a  0x200001f8        0x4 ./Core/Src/app/test_mode.o
 .bss.tm_pos_b  0x200001fc        0x4 ./Core/Src/app/test_mode.o
 .bss.tm_cur_end
                0x20000200        0x4 ./Core/Src/app/test_mode.o
 .bss.tm_init_done
                0x20000204        0x1 ./Core/Src/app/test_mode.o
 .bss.tm_trips  0x20000205        0x1 ./Core/Src/app/test_mode.o
 .bss.tm_trips_max
                0x20000206        0x1 ./Core/Src/app/test_mode.o
 *fill*         0x20000207        0x1 
 .bss.tm_hold_start
                0x20000208        0x4 ./Core/Src/app/test_mode.o
 .bss.tm_trapz  0x2000020c       0x28 ./Core/Src/app/test_mode.o
 .bss.tm_septic
                0x20000234       0x18 ./Core/Src/app/test_mode.o
 .bss.tm_ref_q  0x2000024c        0x4 ./Core/Src/app/test_mode.o
 .bss.tm_ref_qd
                0x20000250        0x4 ./Core/Src/app/test_mode.o
 .bss.tm_ref_qdd
                0x20000254        0x4 ./Core/Src/app/test_mode.o
 .bss.tm_ref_j  0x20000258        0x4 ./Core/Src/app/test_mode.o
 .bss.last_heartbeat_time
                0x2000025c        0x4 ./Core/Src/comm/base_system.o
 .bss.is_connected
                0x20000260        0x1 ./Core/Src/comm/base_system.o
 *fill*         0x20000261        0x3 
 .bss.modbus_registers
                0x20000264       0xa2 ./Core/Src/comm/base_system.o
                0x20000264                modbus_registers
 *fill*         0x20000306        0x2 
 .bss.modbus_echo_buf
                0x20000308        0x8 ./Core/Src/comm/base_system.o
                0x20000308                modbus_echo_buf
 .bss.modbus_echo_valid
                0x20000310        0x1 ./Core/Src/comm/base_system.o
                0x20000310                modbus_echo_valid
 *fill*         0x20000311        0x3 
 .bss.modbus_echo_time
                0x20000314        0x4 ./Core/Src/comm/base_system.o
                0x20000314                modbus_echo_time
 .bss.mb_tx     0x20000318       0x87 ./Core/Src/comm/base_system.o
 *fill*         0x2000039f        0x1 
 .bss.monitor_V_in
                0x200003a0        0x4 ./Core/Src/lib/cascade_control.o
                0x200003a0                monitor_V_in
 .bss.kf_V_in   0x200003a4        0x4 ./Core/Src/lib/cascade_control.o
 .bss.q_out     0x200003a8        0x4 ./Core/Src/lib/cascade_control.o
                0x200003a8                q_out
 .bss.prev_q_out
                0x200003ac        0x4 ./Core/Src/lib/cascade_control.o
 .bss.qd_out    0x200003b0        0x4 ./Core/Src/lib/cascade_control.o
                0x200003b0                qd_out
 .bss.target_q  0x200003b4        0x4 ./Core/Src/lib/cascade_control.o
                0x200003b4                target_q
 .bss.target_qd
                0x200003b8        0x4 ./Core/Src/lib/cascade_control.o
                0x200003b8                target_qd
 .bss.qdd_out   0x200003bc        0x4 ./Core/Src/lib/cascade_control.o
                0x200003bc                qdd_out
 .bss.j_out     0x200003c0        0x4 ./Core/Src/lib/cascade_control.o
                0x200003c0                j_out
 .bss.hkf       0x200003c4      0x104 ./Core/Src/lib/cascade_control.o
                0x200003c4                hkf
 .bss.bl_comp   0x200004c8        0x4 ./Core/Src/lib/cascade_control.o
 .bss.bl_last_dir
                0x200004cc        0x1 ./Core/Src/lib/cascade_control.o
 .bss.pos_div_tick
                0x200004cd        0x1 ./Core/Src/lib/cascade_control.o
 *fill*         0x200004ce        0x2 
 .bss.pos_div_out
                0x200004d0        0x4 ./Core/Src/lib/cascade_control.o
 .bss.prev_qd_kf.1
                0x200004d4        0x4 ./Core/Src/lib/cascade_control.o
 .bss.prev_qdd_out.0
                0x200004d8        0x4 ./Core/Src/lib/cascade_control.o
 .bss.hadc1     0x200004dc       0x6c ./Core/Src/main.o
                0x200004dc                hadc1
 .bss.hfdcan1   0x20000548       0x64 ./Core/Src/main.o
                0x20000548                hfdcan1
 .bss.htim1     0x200005ac       0x4c ./Core/Src/main.o
                0x200005ac                htim1
 .bss.htim2     0x200005f8       0x4c ./Core/Src/main.o
                0x200005f8                htim2
 .bss.htim6     0x20000644       0x4c ./Core/Src/main.o
                0x20000644                htim6
 .bss.huart2    0x20000690       0x94 ./Core/Src/main.o
                0x20000690                huart2
 .bss.chip_temp_C
                0x20000724        0x4 ./Core/Src/main.o
                0x20000724                chip_temp_C
 .bss.debug_uart_rx_count
                0x20000728        0x4 ./Core/Src/main.o
                0x20000728                debug_uart_rx_count
 .bss.debug_modbus_ok_count
                0x2000072c        0x4 ./Core/Src/main.o
                0x2000072c                debug_modbus_ok_count
 .bss.debug_op_mode
                0x20000730        0x1 ./Core/Src/main.o
                0x20000730                debug_op_mode
 .bss.debug_selector
                0x20000731        0x1 ./Core/Src/main.o
                0x20000731                debug_selector
 .bss.debug_estop
                0x20000732        0x1 ./Core/Src/main.o
                0x20000732                debug_estop
 *fill*         0x20000733        0x1 
 .bss.henc2     0x20000734       0x14 ./Core/Src/main.o
                0x20000734                henc2
 .bss.my_profile
                0x20000748       0x44 ./Core/Src/main.o
                0x20000748                my_profile
 .bss.selector_mode
                0x2000078c        0x1 ./Core/Src/main.o
                0x2000078c                selector_mode
 .bss.current_system_mode
                0x2000078d        0x1 ./Core/Src/main.o
                0x2000078d                current_system_mode
 .bss.seq_state
                0x2000078e        0x1 ./Core/Src/main.o
                0x2000078e                seq_state
 *fill*         0x2000078f        0x1 
 .bss.current_degree_out
                0x20000790        0x4 ./Core/Src/main.o
                0x20000790                current_degree_out
 .bss.rx_buffer
                0x20000794       0x80 ./Core/Src/main.o
                0x20000794                rx_buffer
 .bss.adc_dma_buf
                0x20000814        0x2 ./Core/Src/main.o
 *fill*         0x20000816        0x2 
 .bss.frame_copy
                0x20000818       0x80 ./Core/Src/main.o
 .bss.last_temp_ms.7
                0x20000898        0x4 ./Core/Src/main.o
 .bss.pending_auto_ticks.6
                0x2000089c        0x1 ./Core/Src/main.o
 .bss.pending_test_ticks.5
                0x2000089d        0x1 ./Core/Src/main.o
 .bss.auto_start_pending.4
                0x2000089e        0x1 ./Core/Src/main.o
 *fill*         0x2000089f        0x1 
 .bss.bs_prev_deg.3
                0x200008a0        0x4 ./Core/Src/main.o
 .bss.bs_vel_ema.2
                0x200008a4        0x4 ./Core/Src/main.o
 .bss.bs_prev_vel.1
                0x200008a8        0x4 ./Core/Src/main.o
 .bss.bs_acc_ema.0
                0x200008ac        0x4 ./Core/Src/main.o
 .bss.uwTick    0x200008b0        0x4 ./Drivers/STM32G4xx_HAL_Driver/Src/stm32g4xx_hal.o
                0x200008b0                uwTick
 .bss.__sf      0x200008b4      0x138 C:/ST/STM32CubeIDE_2.1.1/STM32CubeIDE/plugins/com.st.stm32cube.ide.mcu.externaltools.gnu-tools-for-stm32.14.3.rel1.win32_1.0.100.202602081740/tools/bin/../lib/gcc/arm-none-eabi/14.3.1/../../../../arm-none-eabi/lib/thumb/v7e-m+fp/hard\libc_nano.a(libc_a-findfp.o)
                0x200008b4                __sf
 *(COMMON)
                0x200009ec                        . = ALIGN (0x4)
                0x200009ec                        _ebss = .
                0x200009ec                        __bss_end__ = _ebss

._user_heap_stack
                0x200009ec      0x604 load address 0x0800e8b8
                0x200009f0                        . = ALIGN (0x8)
 *fill*         0x200009ec        0x4 
                [!provide]                        PROVIDE (end = .)
                0x200009f0                        PROVIDE (_end = .)
                0x20000bf0                        . = (. + _Min_Heap_Size)
 *fill*         0x200009f0      0x200 
                0x20000ff0                        . = (. + _Min_Stack_Size)
 *fill*         0x20000bf0      0x400 
                0x20000ff0                        . = ALIGN (0x8)

/DISCARD/
 libc.a(*)
 libm.a(*)
 libgcc.a(*)

.ARM.attributes
                0x00000000       0x30
 *(.ARM.attributes)
 .ARM.attributes
                0x00000000       0x22 C:/ST/STM32CubeIDE_2.1.1/STM32CubeIDE/plugins/com.st.stm32cube.ide.mcu.externaltools.gnu-tools-for-stm32.14.3.rel1.win32_1.0.100.202602081740/tools/bin/../lib/gcc/arm-none-eabi/14.3.1/thumb/v7e-m+fp/hard/crti.o
 .ARM.attributes
                0x00000022       0x34 C:/ST/STM32CubeIDE_2.1.1/STM32CubeIDE/plugins/com.st.stm32cube.ide.mcu.externaltools.gnu-tools-for-stm32.14.3.rel1.win32_1.0.100.202602081740/tools/bin/../lib/gcc/arm-none-eabi/14.3.1/thumb/v7e-m+fp/hard/crtbegin.o
 .ARM.attributes
                0x00000056       0x34 ./Core/Src/app/auto_mission.o
 .ARM.attributes
                0x0000008a       0x34 ./Core/Src/app/dashboard.o
 .ARM.attributes
                0x000000be       0x34 ./Core/Src/app/gripper.o
 .ARM.attributes
                0x000000f2       0x34 ./Core/Src/app/homing.o
 .ARM.attributes
                0x00000126       0x34 ./Core/Src/app/joystick.o
 .ARM.attributes
                0x0000015a       0x34 ./Core/Src/app/test_mode.o
 .ARM.attributes
                0x0000018e       0x34 ./Core/Src/comm/base_system.o
 .ARM.attributes
                0x000001c2       0x34 ./Core/Src/lib/cascade_control.o
 .ARM.attributes
                0x000001f6       0x34 ./Core/Src/lib/encoder.o
 .ARM.attributes
                0x0000022a       0x34 ./Core/Src/lib/kalman_filter.o
 .ARM.attributes
                0x0000025e       0x34 ./Core/Src/lib/trajectory.o
 .ARM.attributes
                0x00000292       0x34 ./Core/Src/main.o
 .ARM.attributes
                0x000002c6       0x34 ./Core/Src/stm32g4xx_hal_msp.o
 .ARM.attributes
                0x000002fa       0x34 ./Core/Src/stm32g4xx_it.o
 .ARM.attributes
                0x0000032e       0x34 ./Core/Src/system_stm32g4xx.o
 .ARM.attributes
                0x00000362       0x21 ./Core/Startup/startup_stm32g474retx.o
 .ARM.attributes
                0x00000383       0x34 ./Drivers/STM32G4xx_HAL_Driver/Src/stm32g4xx_hal.o
 .ARM.attributes
                0x000003b7       0x34 ./Drivers/STM32G4xx_HAL_Driver/Src/stm32g4xx_hal_adc.o
 .ARM.attributes
                0x000003eb       0x34 ./Drivers/STM32G4xx_HAL_Driver/Src/stm32g4xx_hal_adc_ex.o
 .ARM.attributes
                0x0000041f       0x34 ./Drivers/STM32G4xx_HAL_Driver/Src/stm32g4xx_hal_cortex.o
 .ARM.attributes
                0x00000453       0x34 ./Drivers/STM32G4xx_HAL_Driver/Src/stm32g4xx_hal_dma.o
 .ARM.attributes
                0x00000487       0x34 ./Drivers/STM32G4xx_HAL_Driver/Src/stm32g4xx_hal_fdcan.o
 .ARM.attributes
                0x000004bb       0x34 ./Drivers/STM32G4xx_HAL_Driver/Src/stm32g4xx_hal_gpio.o
 .ARM.attributes
                0x000004ef       0x34 ./Drivers/STM32G4xx_HAL_Driver/Src/stm32g4xx_hal_pwr_ex.o
 .ARM.attributes
                0x00000523       0x34 ./Drivers/STM32G4xx_HAL_Driver/Src/stm32g4xx_hal_rcc.o
 .ARM.attributes
                0x00000557       0x34 ./Drivers/STM32G4xx_HAL_Driver/Src/stm32g4xx_hal_rcc_ex.o
 .ARM.attributes
                0x0000058b       0x34 ./Drivers/STM32G4xx_HAL_Driver/Src/stm32g4xx_hal_tim.o
 .ARM.attributes
                0x000005bf       0x34 ./Drivers/STM32G4xx_HAL_Driver/Src/stm32g4xx_hal_tim_ex.o
 .ARM.attributes
                0x000005f3       0x34 ./Drivers/STM32G4xx_HAL_Driver/Src/stm32g4xx_hal_uart.o
 .ARM.attributes
                0x00000627       0x34 ./Drivers/STM32G4xx_HAL_Driver/Src/stm32g4xx_hal_uart_ex.o
 .ARM.attributes
                0x0000065b       0x34 C:/ST/STM32CubeIDE_2.1.1/STM32CubeIDE/plugins/com.st.stm32cube.ide.mcu.externaltools.gnu-tools-for-stm32.14.3.rel1.win32_1.0.100.202602081740/tools/bin/../lib/gcc/arm-none-eabi/14.3.1/../../../../arm-none-eabi/lib/thumb/v7e-m+fp/hard\libc_nano.a(libc_a-findfp.o)
 .ARM.attributes
                0x0000068f       0x34 C:/ST/STM32CubeIDE_2.1.1/STM32CubeIDE/plugins/com.st.stm32cube.ide.mcu.externaltools.gnu-tools-for-stm32.14.3.rel1.win32_1.0.100.202602081740/tools/bin/../lib/gcc/arm-none-eabi/14.3.1/../../../../arm-none-eabi/lib/thumb/v7e-m+fp/hard\libc_nano.a(libc_a-memcmp.o)
 .ARM.attributes
                0x000006c3       0x34 C:/ST/STM32CubeIDE_2.1.1/STM32CubeIDE/plugins/com.st.stm32cube.ide.mcu.externaltools.gnu-tools-for-stm32.14.3.rel1.win32_1.0.100.202602081740/tools/bin/../lib/gcc/arm-none-eabi/14.3.1/../../../../arm-none-eabi/lib/thumb/v7e-m+fp/hard\libc_nano.a(libc_a-memset.o)
 .ARM.attributes
                0x000006f7       0x34 C:/ST/STM32CubeIDE_2.1.1/STM32CubeIDE/plugins/com.st.stm32cube.ide.mcu.externaltools.gnu-tools-for-stm32.14.3.rel1.win32_1.0.100.202602081740/tools/bin/../lib/gcc/arm-none-eabi/14.3.1/../../../../arm-none-eabi/lib/thumb/v7e-m+fp/hard\libc_nano.a(libc_a-impure.o)
 .ARM.attributes
                0x0000072b       0x34 C:/ST/STM32CubeIDE_2.1.1/STM32CubeIDE/plugins/com.st.stm32cube.ide.mcu.externaltools.gnu-tools-for-stm32.14.3.rel1.win32_1.0.100.202602081740/tools/bin/../lib/gcc/arm-none-eabi/14.3.1/../../../../arm-none-eabi/lib/thumb/v7e-m+fp/hard\libc_nano.a(libc_a-errno.o)
 .ARM.attributes
                0x0000075f       0x34 C:/ST/STM32CubeIDE_2.1.1/STM32CubeIDE/plugins/com.st.stm32cube.ide.mcu.externaltools.gnu-tools-for-stm32.14.3.rel1.win32_1.0.100.202602081740/tools/bin/../lib/gcc/arm-none-eabi/14.3.1/../../../../arm-none-eabi/lib/thumb/v7e-m+fp/hard\libc_nano.a(libc_a-init.o)
 .ARM.attributes
                0x00000793       0x34 C:/ST/STM32CubeIDE_2.1.1/STM32CubeIDE/plugins/com.st.stm32cube.ide.mcu.externaltools.gnu-tools-for-stm32.14.3.rel1.win32_1.0.100.202602081740/tools/bin/../lib/gcc/arm-none-eabi/14.3.1/../../../../arm-none-eabi/lib/thumb/v7e-m+fp/hard\libc_nano.a(libc_a-memcpy-stub.o)
 .ARM.attributes
                0x000007c7       0x34 C:/ST/STM32CubeIDE_2.1.1/STM32CubeIDE/plugins/com.st.stm32cube.ide.mcu.externaltools.gnu-tools-for-stm32.14.3.rel1.win32_1.0.100.202602081740/tools/bin/../lib/gcc/arm-none-eabi/14.3.1/../../../../arm-none-eabi/lib/thumb/v7e-m+fp/hard\libm.a(libm_a-wf_sqrt.o)
 .ARM.attributes
                0x000007fb       0x34 C:/ST/STM32CubeIDE_2.1.1/STM32CubeIDE/plugins/com.st.stm32cube.ide.mcu.externaltools.gnu-tools-for-stm32.14.3.rel1.win32_1.0.100.202602081740/tools/bin/../lib/gcc/arm-none-eabi/14.3.1/../../../../arm-none-eabi/lib/thumb/v7e-m+fp/hard\libm.a(libm_a-sf_sin.o)
 .ARM.attributes
                0x0000082f       0x34 C:/ST/STM32CubeIDE_2.1.1/STM32CubeIDE/plugins/com.st.stm32cube.ide.mcu.externaltools.gnu-tools-for-stm32.14.3.rel1.win32_1.0.100.202602081740/tools/bin/../lib/gcc/arm-none-eabi/14.3.1/../../../../arm-none-eabi/lib/thumb/v7e-m+fp/hard\libm.a(libm_a-ef_sqrt.o)
 .ARM.attributes
                0x00000863       0x34 C:/ST/STM32CubeIDE_2.1.1/STM32CubeIDE/plugins/com.st.stm32cube.ide.mcu.externaltools.gnu-tools-for-stm32.14.3.rel1.win32_1.0.100.202602081740/tools/bin/../lib/gcc/arm-none-eabi/14.3.1/../../../../arm-none-eabi/lib/thumb/v7e-m+fp/hard\libm.a(libm_a-kf_cos.o)
 .ARM.attributes
                0x00000897       0x34 C:/ST/STM32CubeIDE_2.1.1/STM32CubeIDE/plugins/com.st.stm32cube.ide.mcu.externaltools.gnu-tools-for-stm32.14.3.rel1.win32_1.0.100.202602081740/tools/bin/../lib/gcc/arm-none-eabi/14.3.1/../../../../arm-none-eabi/lib/thumb/v7e-m+fp/hard\libm.a(libm_a-kf_sin.o)
 .ARM.attributes
                0x000008cb       0x34 C:/ST/STM32CubeIDE_2.1.1/STM32CubeIDE/plugins/com.st.stm32cube.ide.mcu.externaltools.gnu-tools-for-stm32.14.3.rel1.win32_1.0.100.202602081740/tools/bin/../lib/gcc/arm-none-eabi/14.3.1/../../../../arm-none-eabi/lib/thumb/v7e-m+fp/hard\libm.a(libm_a-ef_rem_pio2.o)
 .ARM.attributes
                0x000008ff       0x34 C:/ST/STM32CubeIDE_2.1.1/STM32CubeIDE/plugins/com.st.stm32cube.ide.mcu.externaltools.gnu-tools-for-stm32.14.3.rel1.win32_1.0.100.202602081740/tools/bin/../lib/gcc/arm-none-eabi/14.3.1/../../../../arm-none-eabi/lib/thumb/v7e-m+fp/hard\libm.a(libm_a-sf_fabs.o)
 .ARM.attributes
                0x00000933       0x34 C:/ST/STM32CubeIDE_2.1.1/STM32CubeIDE/plugins/com.st.stm32cube.ide.mcu.externaltools.gnu-tools-for-stm32.14.3.rel1.win32_1.0.100.202602081740/tools/bin/../lib/gcc/arm-none-eabi/14.3.1/../../../../arm-none-eabi/lib/thumb/v7e-m+fp/hard\libm.a(libm_a-kf_rem_pio2.o)
 .ARM.attributes
                0x00000967       0x34 C:/ST/STM32CubeIDE_2.1.1/STM32CubeIDE/plugins/com.st.stm32cube.ide.mcu.externaltools.gnu-tools-for-stm32.14.3.rel1.win32_1.0.100.202602081740/tools/bin/../lib/gcc/arm-none-eabi/14.3.1/../../../../arm-none-eabi/lib/thumb/v7e-m+fp/hard\libm.a(libm_a-sf_scalbn.o)
 .ARM.attributes
                0x0000099b       0x34 C:/ST/STM32CubeIDE_2.1.1/STM32CubeIDE/plugins/com.st.stm32cube.ide.mcu.externaltools.gnu-tools-for-stm32.14.3.rel1.win32_1.0.100.202602081740/tools/bin/../lib/gcc/arm-none-eabi/14.3.1/../../../../arm-none-eabi/lib/thumb/v7e-m+fp/hard\libm.a(libm_a-sf_floor.o)
 .ARM.attributes
                0x000009cf       0x22 C:/ST/STM32CubeIDE_2.1.1/STM32CubeIDE/plugins/com.st.stm32cube.ide.mcu.externaltools.gnu-tools-for-stm32.14.3.rel1.win32_1.0.100.202602081740/tools/bin/../lib/gcc/arm-none-eabi/14.3.1/thumb/v7e-m+fp/hard\libgcc.a(_aeabi_uldivmod.o)
 .ARM.attributes
                0x000009f1       0x34 C:/ST/STM32CubeIDE_2.1.1/STM32CubeIDE/plugins/com.st.stm32cube.ide.mcu.externaltools.gnu-tools-for-stm32.14.3.rel1.win32_1.0.100.202602081740/tools/bin/../lib/gcc/arm-none-eabi/14.3.1/thumb/v7e-m+fp/hard\libgcc.a(_udivmoddi4.o)
 .ARM.attributes
                0x00000a25       0x22 C:/ST/STM32CubeIDE_2.1.1/STM32CubeIDE/plugins/com.st.stm32cube.ide.mcu.externaltools.gnu-tools-for-stm32.14.3.rel1.win32_1.0.100.202602081740/tools/bin/../lib/gcc/arm-none-eabi/14.3.1/thumb/v7e-m+fp/hard\libgcc.a(_dvmd_tls.o)
 .ARM.attributes
                0x00000a47       0x22 C:/ST/STM32CubeIDE_2.1.1/STM32CubeIDE/plugins/com.st.stm32cube.ide.mcu.externaltools.gnu-tools-for-stm32.14.3.rel1.win32_1.0.100.202602081740/tools/bin/../lib/gcc/arm-none-eabi/14.3.1/thumb/v7e-m+fp/hard/crtn.o
OUTPUT(OneDofRobot.elf elf32-littlearm)
LOAD linker stubs
LOAD C:/ST/STM32CubeIDE_2.1.1/STM32CubeIDE/plugins/com.st.stm32cube.ide.mcu.externaltools.gnu-tools-for-stm32.14.3.rel1.win32_1.0.100.202602081740/tools/bin/../lib/gcc/arm-none-eabi/14.3.1/../../../../arm-none-eabi/lib/thumb/v7e-m+fp/hard\libc.a
LOAD C:/ST/STM32CubeIDE_2.1.1/STM32CubeIDE/plugins/com.st.stm32cube.ide.mcu.externaltools.gnu-tools-for-stm32.14.3.rel1.win32_1.0.100.202602081740/tools/bin/../lib/gcc/arm-none-eabi/14.3.1/../../../../arm-none-eabi/lib/thumb/v7e-m+fp/hard\libm.a
LOAD C:/ST/STM32CubeIDE_2.1.1/STM32CubeIDE/plugins/com.st.stm32cube.ide.mcu.externaltools.gnu-tools-for-stm32.14.3.rel1.win32_1.0.100.202602081740/tools/bin/../lib/gcc/arm-none-eabi/14.3.1/thumb/v7e-m+fp/hard\libgcc.a

.debug_info     0x00000000    0x20a9d
 .debug_info    0x00000000      0x4a5 ./Core/Src/app/auto_mission.o
 .debug_info    0x000004a5      0x518 ./Core/Src/app/dashboard.o
 .debug_info    0x000009bd      0x447 ./Core/Src/app/gripper.o
 .debug_info    0x00000e04      0xdcd ./Core/Src/app/homing.o
 .debug_info    0x00001bd1     0x1210 ./Core/Src/app/joystick.o
 .debug_info    0x00002de1      0x583 ./Core/Src/app/test_mode.o
 .debug_info    0x00003364      0xb17 ./Core/Src/comm/base_system.o
 .debug_info    0x00003e7b      0xfbe ./Core/Src/lib/cascade_control.o
 .debug_info    0x00004e39      0x988 ./Core/Src/lib/encoder.o
 .debug_info    0x000057c1      0x49d ./Core/Src/lib/kalman_filter.o
 .debug_info    0x00005c5e      0xb19 ./Core/Src/lib/trajectory.o
 .debug_info    0x00006777     0x2d89 ./Core/Src/main.o
 .debug_info    0x00009500     0x1fb4 ./Core/Src/stm32g4xx_hal_msp.o
 .debug_info    0x0000b4b4      0xc7e ./Core/Src/stm32g4xx_it.o
 .debug_info    0x0000c132      0x58e ./Core/Src/system_stm32g4xx.o
 .debug_info    0x0000c6c0       0x30 ./Core/Startup/startup_stm32g474retx.o
 .debug_info    0x0000c6f0      0xb95 ./Drivers/STM32G4xx_HAL_Driver/Src/stm32g4xx_hal.o
 .debug_info    0x0000d285     0x2063 ./Drivers/STM32G4xx_HAL_Driver/Src/stm32g4xx_hal_adc.o
 .debug_info    0x0000f2e8     0x1d80 ./Drivers/STM32G4xx_HAL_Driver/Src/stm32g4xx_hal_adc_ex.o
 .debug_info    0x00011068      0xdf9 ./Drivers/STM32G4xx_HAL_Driver/Src/stm32g4xx_hal_cortex.o
 .debug_info    0x00011e61      0x85f ./Drivers/STM32G4xx_HAL_Driver/Src/stm32g4xx_hal_dma.o
 .debug_info    0x000126c0     0x18ba ./Drivers/STM32G4xx_HAL_Driver/Src/stm32g4xx_hal_fdcan.o
 .debug_info    0x00013f7a      0x772 ./Drivers/STM32G4xx_HAL_Driver/Src/stm32g4xx_hal_gpio.o
 .debug_info    0x000146ec      0x944 ./Drivers/STM32G4xx_HAL_Driver/Src/stm32g4xx_hal_pwr_ex.o
 .debug_info    0x00015030      0xbf9 ./Drivers/STM32G4xx_HAL_Driver/Src/stm32g4xx_hal_rcc.o
 .debug_info    0x00015c29      0xc5d ./Drivers/STM32G4xx_HAL_Driver/Src/stm32g4xx_hal_rcc_ex.o
 .debug_info    0x00016886     0x2c52 ./Drivers/STM32G4xx_HAL_Driver/Src/stm32g4xx_hal_tim.o
 .debug_info    0x000194d8     0x1d95 ./Drivers/STM32G4xx_HAL_Driver/Src/stm32g4xx_hal_tim_ex.o
 .debug_info    0x0001b26d     0x4854 ./Drivers/STM32G4xx_HAL_Driver/Src/stm32g4xx_hal_uart.o
 .debug_info    0x0001fac1      0xfdc ./Drivers/STM32G4xx_HAL_Driver/Src/stm32g4xx_hal_uart_ex.o

.debug_abbrev   0x00000000     0x4485
 .debug_abbrev  0x00000000      0x1d1 ./Core/Src/app/auto_mission.o
 .debug_abbrev  0x000001d1      0x1bb ./Core/Src/app/dashboard.o
 .debug_abbrev  0x0000038c      0x224 ./Core/Src/app/gripper.o
 .debug_abbrev  0x000005b0      0x32f ./Core/Src/app/homing.o
 .debug_abbrev  0x000008df      0x2c7 ./Core/Src/app/joystick.o
 .debug_abbrev  0x00000ba6      0x19e ./Core/Src/app/test_mode.o
 .debug_abbrev  0x00000d44      0x23b ./Core/Src/comm/base_system.o
 .debug_abbrev  0x00000f7f      0x2ff ./Core/Src/lib/cascade_control.o
 .debug_abbrev  0x0000127e      0x208 ./Core/Src/lib/encoder.o
 .debug_abbrev  0x00001486      0x19f ./Core/Src/lib/kalman_filter.o
 .debug_abbrev  0x00001625      0x1c1 ./Core/Src/lib/trajectory.o
 .debug_abbrev  0x000017e6      0x3a3 ./Core/Src/main.o
 .debug_abbrev  0x00001b89      0x272 ./Core/Src/stm32g4xx_hal_msp.o
 .debug_abbrev  0x00001dfb      0x1cb ./Core/Src/stm32g4xx_it.o
 .debug_abbrev  0x00001fc6      0x11a ./Core/Src/system_stm32g4xx.o
 .debug_abbrev  0x000020e0       0x24 ./Core/Startup/startup_stm32g474retx.o
 .debug_abbrev  0x00002104      0x271 ./Drivers/STM32G4xx_HAL_Driver/Src/stm32g4xx_hal.o
 .debug_abbrev  0x00002375      0x2d3 ./Drivers/STM32G4xx_HAL_Driver/Src/stm32g4xx_hal_adc.o
 .debug_abbrev  0x00002648      0x2ee ./Drivers/STM32G4xx_HAL_Driver/Src/stm32g4xx_hal_adc_ex.o
 .debug_abbrev  0x00002936      0x31c ./Drivers/STM32G4xx_HAL_Driver/Src/stm32g4xx_hal_cortex.o
 .debug_abbrev  0x00002c52      0x1e2 ./Drivers/STM32G4xx_HAL_Driver/Src/stm32g4xx_hal_dma.o
 .debug_abbrev  0x00002e34      0x1e7 ./Drivers/STM32G4xx_HAL_Driver/Src/stm32g4xx_hal_fdcan.o
 .debug_abbrev  0x0000301b      0x1d2 ./Drivers/STM32G4xx_HAL_Driver/Src/stm32g4xx_hal_gpio.o
 .debug_abbrev  0x000031ed      0x22c ./Drivers/STM32G4xx_HAL_Driver/Src/stm32g4xx_hal_pwr_ex.o
 .debug_abbrev  0x00003419      0x2c9 ./Drivers/STM32G4xx_HAL_Driver/Src/stm32g4xx_hal_rcc.o
 .debug_abbrev  0x000036e2      0x261 ./Drivers/STM32G4xx_HAL_Driver/Src/stm32g4xx_hal_rcc_ex.o
 .debug_abbrev  0x00003943      0x2a7 ./Drivers/STM32G4xx_HAL_Driver/Src/stm32g4xx_hal_tim.o
 .debug_abbrev  0x00003bea      0x2c5 ./Drivers/STM32G4xx_HAL_Driver/Src/stm32g4xx_hal_tim_ex.o
 .debug_abbrev  0x00003eaf      0x304 ./Drivers/STM32G4xx_HAL_Driver/Src/stm32g4xx_hal_uart.o
 .debug_abbrev  0x000041b3      0x2d2 ./Drivers/STM32G4xx_HAL_Driver/Src/stm32g4xx_hal_uart_ex.o

.debug_aranges  0x00000000     0x1aa8
 .debug_aranges
                0x00000000       0x68 ./Core/Src/app/auto_mission.o
 .debug_aranges
                0x00000068       0x30 ./Core/Src/app/dashboard.o
 .debug_aranges
                0x00000098       0xa0 ./Core/Src/app/gripper.o
 .debug_aranges
                0x00000138       0x68 ./Core/Src/app/homing.o
 .debug_aranges
                0x000001a0       0x48 ./Core/Src/app/joystick.o
 .debug_aranges
                0x000001e8       0x48 ./Core/Src/app/test_mode.o
 .debug_aranges
                0x00000230       0x40 ./Core/Src/comm/base_system.o
 .debug_aranges
                0x00000270       0x50 ./Core/Src/lib/cascade_control.o
 .debug_aranges
                0x000002c0       0x40 ./Core/Src/lib/encoder.o
 .debug_aranges
                0x00000300       0x40 ./Core/Src/lib/kalman_filter.o
 .debug_aranges
                0x00000340       0x90 ./Core/Src/lib/trajectory.o
 .debug_aranges
                0x000003d0       0x98 ./Core/Src/main.o
 .debug_aranges
                0x00000468       0x78 ./Core/Src/stm32g4xx_hal_msp.o
 .debug_aranges
                0x000004e0       0x78 ./Core/Src/stm32g4xx_it.o
 .debug_aranges
                0x00000558       0x28 ./Core/Src/system_stm32g4xx.o
 .debug_aranges
                0x00000580       0x28 ./Core/Startup/startup_stm32g474retx.o
 .debug_aranges
                0x000005a8      0x148 ./Drivers/STM32G4xx_HAL_Driver/Src/stm32g4xx_hal.o
 .debug_aranges